H:/OpenECU/Code/Physical_Layer/CMSIS/Include/core_cm4.h:1684:22:__NVIC_EnableIRQ	16	static,ignoring_inline_asm
../Module/uart_LIN.c:13:13:UART_SetBaudRate	32	static
../Module/uart_LIN.c:20:6:UART1_Init	8	static
../Module/uart_LIN.c:42:6:UART1_Write	16	static
../Module/uart_LIN.c:56:9:UART1_Read	4	static
../Module/uart_LIN.c:63:6:LIN_Init	8	static
../Module/uart_LIN.c:89:9:LIN_Receive	4	static
../Module/uart_LIN.c:96:13:LIN_Sendbreak	4	static
../Module/uart_LIN.c:108:6:LIN_Transmit	24	static
../Module/uart_LIN.c:130:9:LIN_PIDCal	32	static
../Module/uart_LIN.c:145:9:LIN_ChecksumCal	24	static
../Module/uart_LIN.c:158:6:USART1_IRQHandler	4	static
