H:/OpenECU/Code/LIN_Driver/CMSIS/Include/core_cm4.h:1684:22:__NVIC_EnableIRQ	16	static,ignoring_inline_asm
../Module/uart_LIN.c:12:13:UART_SetBaudRate	32	static
../Module/uart_LIN.c:19:6:UART1_Init	8	static
../Module/uart_LIN.c:41:6:UART1_Write	16	static
../Module/uart_LIN.c:55:9:UART1_Read	4	static
../Module/uart_LIN.c:62:6:LIN_Init	8	static
../Module/uart_LIN.c:88:9:LIN_Receive	4	static
../Module/uart_LIN.c:95:13:LIN_Sendbreak	4	static
../Module/uart_LIN.c:108:6:LIN_Transmit	24	static
../Module/uart_LIN.c:124:9:LIN_PIDCal	32	static
../Module/uart_LIN.c:139:9:LIN_ChecksumCal	24	static
../Module/uart_LIN.c:152:6:USART1_IRQHandler	4	static
