H:/OpenECU/Code/LIN_Driver/CMSIS/Include/core_cm4.h:1684:22:__NVIC_EnableIRQ	16	static,ignoring_inline_asm
../Module/uart_LIN.c:12:13:UART_SetBaudRate	32	static
../Module/uart_LIN.c:19:6:UART1_Init	8	static
../Module/uart_LIN.c:41:6:UART1_Write	16	static
../Module/uart_LIN.c:54:9:UART1_Read	4	static
../Module/uart_LIN.c:61:6:LIN_Init	8	static
../Module/uart_LIN.c:87:9:LIN_Receive	4	static
../Module/uart_LIN.c:94:13:LIN_Sendbreak	4	static
../Module/uart_LIN.c:107:6:LIN_Transmit	24	static
../Module/uart_LIN.c:123:9:LIN_PIDCal	32	static
../Module/uart_LIN.c:138:9:LIN_ChecksumCal	24	static
../Module/uart_LIN.c:151:6:USART1_IRQHandler	4	static
