../Module/vibration.c:48:6:Vibration_Init	16	static
../Module/vibration.c:78:6:Vibration_ProcessTimeDomain	24	static
../Module/vibration.c:102:6:Vibration_ProcessFreqDomain	8	static
../Module/vibration.c:113:6:Vibration_PrintResult	40	static
../Module/vibration.c:132:6:VibrationSamplingTask	32	static
../Module/vibration.c:152:13:Vibration_StoreSample	56	static
../Module/vibration.c:183:20:Vibration_GetCompletedBuffer	4	static
../Module/vibration.c:193:14:Vibration_GetMagnitude	16	static
../Module/vibration.c:203:14:Vibration_CalculateRMS	32	static
../Module/vibration.c:225:14:Vibration_CalculatePeak	32	static
../Module/vibration.c:243:14:Vibration_CalculateCrestFactor	16	static
