../Module/vibration.c:52:6:Vibration_Init	16	static
../Module/vibration.c:82:6:Vibration_ProcessTimeDomain	24	static
../Module/vibration.c:106:6:Vibration_ProcessFreqDomain	8	static
../Module/vibration.c:117:6:Vibration_PrintResult	40	static
../Module/vibration.c:134:6:VibrationSamplingTask	32	static
../Module/vibration.c:154:13:Vibration_StoreSample	56	static
../Module/vibration.c:188:20:Vibration_GetCompletedBuffer	4	static
../Module/vibration.c:198:14:Vibration_GetMagnitude	16	static
../Module/vibration.c:208:14:Vibration_CalculateRMS	32	static
../Module/vibration.c:230:14:Vibration_CalculatePeak	32	static
../Module/vibration.c:248:14:Vibration_CalculateCrestFactor	16	static
