00:03:20 **** Incremental Build of configuration Debug for project CAN_Driver ****
make -j12 all 
arm-none-eabi-gcc "../Src/main.c" -mcpu=cortex-m4 -std=gnu11 -g3 -DDEBUG -DSTM32 -DSTM32F4 -DSTM32F446RETx -c -I../Inc -I"H:/OpenECU/Code/CAN_Driver/Module" -I"H:/OpenECU/Code/CAN_Driver/CMSIS" -I"H:/OpenECU/Code/CAN_Driver/CMSIS/Device/ST/STM32F4xx/Include" -I"H:/OpenECU/Code/CAN_Driver/CMSIS/Include" -O0 -ffunction-sections -fdata-sections -Wall -fstack-usage -fcyclomatic-complexity -MMD -MP -MF"Src/main.d" -MT"Src/main.o" --specs=nano.specs -mfpu=fpv4-sp-d16 -mfloat-abi=hard -mthumb -o "Src/main.o"
arm-none-eabi-gcc -o "CAN_Driver.elf" @"objects.list"   -mcpu=cortex-m4 -T"H:\OpenECU\Code\CAN_Driver\STM32F446RETX_FLASH.ld" --specs=nosys.specs -Wl,-Map="CAN_Driver.map" -Wl,--gc-sections -static --specs=nano.specs -mfpu=fpv4-sp-d16 -mfloat-abi=hard -mthumb -Wl,--start-group -lc -lm -Wl,--end-group
Finished building target: CAN_Driver.elf
 
arm-none-eabi-size  CAN_Driver.elf 
arm-none-eabi-objdump -h -S CAN_Driver.elf  > "CAN_Driver.list"
   text	   data	    bss	    dec	    hex	filename
   6136	     92	   1928	   8156	   1fdc	CAN_Driver.elf
Finished building: default.size.stdout
 
Finished building: CAN_Driver.list
 

00:03:22 Build Finished. 0 errors, 0 warnings. (took 1s.701ms)

