01:31:19 **** Incremental Build of configuration Debug for project VibrationMonitor_ECU ****
make -j12 all 
arm-none-eabi-gcc "../ThirdParty/SEGGER/OS/SEGGER_SYSVIEW_FreeRTOS.c" -mcpu=cortex-m4 -std=gnu11 -g3 -DDEBUG -DUSE_HAL_DRIVER -DSTM32F446xx -c -I../Core/Inc -I../Drivers/STM32F4xx_HAL_Driver/Inc -I../Drivers/STM32F4xx_HAL_Driver/Inc/Legacy -I../Drivers/CMSIS/Device/ST/STM32F4xx/Include -I../Drivers/CMSIS/Include -I"H:/OpenECU/Code/VibrationMonitor_ECU/ThirdParty/FreeRTOS" -I"H:/OpenECU/Code/VibrationMonitor_ECU/ThirdParty/FreeRTOS/include" -I"H:/OpenECU/Code/VibrationMonitor_ECU/ThirdParty/FreeRTOS/portable/GCC/ARM_CM4F" -I"H:/OpenECU/Code/VibrationMonitor_ECU/ThirdParty/SEGGER/OS" -I"H:/OpenECU/Code/VibrationMonitor_ECU/ThirdParty/SEGGER/SEGGER" -I"H:/OpenECU/Code/VibrationMonitor_ECU/ThirdParty/SEGGER/Config" -I"H:/OpenECU/Code/VibrationMonitor_ECU/ThirdParty/SEGGER" -I"H:/OpenECU/Code/VibrationMonitor_ECU/Module" -I"H:/OpenECU/Code/VibrationMonitor_ECU/CMSIS_DSP/Include" -I"H:/OpenECU/Code/VibrationMonitor_ECU/CMSIS_DSP/PrivateInclude" -O0 -ffunction-sections -fdata-sections -Wall -fstack-usage -fcyclomatic-complexity -MMD -MP -MF"ThirdParty/SEGGER/OS/SEGGER_SYSVIEW_FreeRTOS.d" -MT"ThirdParty/SEGGER/OS/SEGGER_SYSVIEW_FreeRTOS.o" --specs=nano.specs -mfpu=fpv4-sp-d16 -mfloat-abi=hard -mthumb -o "ThirdParty/SEGGER/OS/SEGGER_SYSVIEW_FreeRTOS.o"
arm-none-eabi-gcc "../ThirdParty/SEGGER/Config/SEGGER_SYSVIEW_Config_FreeRTOS.c" -mcpu=cortex-m4 -std=gnu11 -g3 -DDEBUG -DUSE_HAL_DRIVER -DSTM32F446xx -c -I../Core/Inc -I../Drivers/STM32F4xx_HAL_Driver/Inc -I../Drivers/STM32F4xx_HAL_Driver/Inc/Legacy -I../Drivers/CMSIS/Device/ST/STM32F4xx/Include -I../Drivers/CMSIS/Include -I"H:/OpenECU/Code/VibrationMonitor_ECU/ThirdParty/FreeRTOS" -I"H:/OpenECU/Code/VibrationMonitor_ECU/ThirdParty/FreeRTOS/include" -I"H:/OpenECU/Code/VibrationMonitor_ECU/ThirdParty/FreeRTOS/portable/GCC/ARM_CM4F" -I"H:/OpenECU/Code/VibrationMonitor_ECU/ThirdParty/SEGGER/OS" -I"H:/OpenECU/Code/VibrationMonitor_ECU/ThirdParty/SEGGER/SEGGER" -I"H:/OpenECU/Code/VibrationMonitor_ECU/ThirdParty/SEGGER/Config" -I"H:/OpenECU/Code/VibrationMonitor_ECU/ThirdParty/SEGGER" -I"H:/OpenECU/Code/VibrationMonitor_ECU/Module" -I"H:/OpenECU/Code/VibrationMonitor_ECU/CMSIS_DSP/Include" -I"H:/OpenECU/Code/VibrationMonitor_ECU/CMSIS_DSP/PrivateInclude" -O0 -ffunction-sections -fdata-sections -Wall -fstack-usage -fcyclomatic-complexity -MMD -MP -MF"ThirdParty/SEGGER/Config/SEGGER_SYSVIEW_Config_FreeRTOS.d" -MT"ThirdParty/SEGGER/Config/SEGGER_SYSVIEW_Config_FreeRTOS.o" --specs=nano.specs -mfpu=fpv4-sp-d16 -mfloat-abi=hard -mthumb -o "ThirdParty/SEGGER/Config/SEGGER_SYSVIEW_Config_FreeRTOS.o"
arm-none-eabi-gcc "../ThirdParty/FreeRTOS/portable/MemMang/heap_4.c" -mcpu=cortex-m4 -std=gnu11 -g3 -DDEBUG -DUSE_HAL_DRIVER -DSTM32F446xx -c -I../Core/Inc -I../Drivers/STM32F4xx_HAL_Driver/Inc -I../Drivers/STM32F4xx_HAL_Driver/Inc/Legacy -I../Drivers/CMSIS/Device/ST/STM32F4xx/Include -I../Drivers/CMSIS/Include -I"H:/OpenECU/Code/VibrationMonitor_ECU/ThirdParty/FreeRTOS" -I"H:/OpenECU/Code/VibrationMonitor_ECU/ThirdParty/FreeRTOS/include" -I"H:/OpenECU/Code/VibrationMonitor_ECU/ThirdParty/FreeRTOS/portable/GCC/ARM_CM4F" -I"H:/OpenECU/Code/VibrationMonitor_ECU/ThirdParty/SEGGER/OS" -I"H:/OpenECU/Code/VibrationMonitor_ECU/ThirdParty/SEGGER/SEGGER" -I"H:/OpenECU/Code/VibrationMonitor_ECU/ThirdParty/SEGGER/Config" -I"H:/OpenECU/Code/VibrationMonitor_ECU/ThirdParty/SEGGER" -I"H:/OpenECU/Code/VibrationMonitor_ECU/Module" -I"H:/OpenECU/Code/VibrationMonitor_ECU/CMSIS_DSP/Include" -I"H:/OpenECU/Code/VibrationMonitor_ECU/CMSIS_DSP/PrivateInclude" -O0 -ffunction-sections -fdata-sections -Wall -fstack-usage -fcyclomatic-complexity -MMD -MP -MF"ThirdParty/FreeRTOS/portable/MemMang/heap_4.d" -MT"ThirdParty/FreeRTOS/portable/MemMang/heap_4.o" --specs=nano.specs -mfpu=fpv4-sp-d16 -mfloat-abi=hard -mthumb -o "ThirdParty/FreeRTOS/portable/MemMang/heap_4.o"
arm-none-eabi-gcc "../ThirdParty/FreeRTOS/portable/GCC/ARM_CM4F/port.c" -mcpu=cortex-m4 -std=gnu11 -g3 -DDEBUG -DUSE_HAL_DRIVER -DSTM32F446xx -c -I../Core/Inc -I../Drivers/STM32F4xx_HAL_Driver/Inc -I../Drivers/STM32F4xx_HAL_Driver/Inc/Legacy -I../Drivers/CMSIS/Device/ST/STM32F4xx/Include -I../Drivers/CMSIS/Include -I"H:/OpenECU/Code/VibrationMonitor_ECU/ThirdParty/FreeRTOS" -I"H:/OpenECU/Code/VibrationMonitor_ECU/ThirdParty/FreeRTOS/include" -I"H:/OpenECU/Code/VibrationMonitor_ECU/ThirdParty/FreeRTOS/portable/GCC/ARM_CM4F" -I"H:/OpenECU/Code/VibrationMonitor_ECU/ThirdParty/SEGGER/OS" -I"H:/OpenECU/Code/VibrationMonitor_ECU/ThirdParty/SEGGER/SEGGER" -I"H:/OpenECU/Code/VibrationMonitor_ECU/ThirdParty/SEGGER/Config" -I"H:/OpenECU/Code/VibrationMonitor_ECU/ThirdParty/SEGGER" -I"H:/OpenECU/Code/VibrationMonitor_ECU/Module" -I"H:/OpenECU/Code/VibrationMonitor_ECU/CMSIS_DSP/Include" -I"H:/OpenECU/Code/VibrationMonitor_ECU/CMSIS_DSP/PrivateInclude" -O0 -ffunction-sections -fdata-sections -Wall -fstack-usage -fcyclomatic-complexity -MMD -MP -MF"ThirdParty/FreeRTOS/portable/GCC/ARM_CM4F/port.d" -MT"ThirdParty/FreeRTOS/portable/GCC/ARM_CM4F/port.o" --specs=nano.specs -mfpu=fpv4-sp-d16 -mfloat-abi=hard -mthumb -o "ThirdParty/FreeRTOS/portable/GCC/ARM_CM4F/port.o"
arm-none-eabi-gcc "../ThirdParty/FreeRTOS/croutine.c" -mcpu=cortex-m4 -std=gnu11 -g3 -DDEBUG -DUSE_HAL_DRIVER -DSTM32F446xx -c -I../Core/Inc -I../Drivers/STM32F4xx_HAL_Driver/Inc -I../Drivers/STM32F4xx_HAL_Driver/Inc/Legacy -I../Drivers/CMSIS/Device/ST/STM32F4xx/Include -I../Drivers/CMSIS/Include -I"H:/OpenECU/Code/VibrationMonitor_ECU/ThirdParty/FreeRTOS" -I"H:/OpenECU/Code/VibrationMonitor_ECU/ThirdParty/FreeRTOS/include" -I"H:/OpenECU/Code/VibrationMonitor_ECU/ThirdParty/FreeRTOS/portable/GCC/ARM_CM4F" -I"H:/OpenECU/Code/VibrationMonitor_ECU/ThirdParty/SEGGER/OS" -I"H:/OpenECU/Code/VibrationMonitor_ECU/ThirdParty/SEGGER/SEGGER" -I"H:/OpenECU/Code/VibrationMonitor_ECU/ThirdParty/SEGGER/Config" -I"H:/OpenECU/Code/VibrationMonitor_ECU/ThirdParty/SEGGER" -I"H:/OpenECU/Code/VibrationMonitor_ECU/Module" -I"H:/OpenECU/Code/VibrationMonitor_ECU/CMSIS_DSP/Include" -I"H:/OpenECU/Code/VibrationMonitor_ECU/CMSIS_DSP/PrivateInclude" -O0 -ffunction-sections -fdata-sections -Wall -fstack-usage -fcyclomatic-complexity -MMD -MP -MF"ThirdParty/FreeRTOS/croutine.d" -MT"ThirdParty/FreeRTOS/croutine.o" --specs=nano.specs -mfpu=fpv4-sp-d16 -mfloat-abi=hard -mthumb -o "ThirdParty/FreeRTOS/croutine.o"
arm-none-eabi-gcc "../ThirdParty/FreeRTOS/event_groups.c" -mcpu=cortex-m4 -std=gnu11 -g3 -DDEBUG -DUSE_HAL_DRIVER -DSTM32F446xx -c -I../Core/Inc -I../Drivers/STM32F4xx_HAL_Driver/Inc -I../Drivers/STM32F4xx_HAL_Driver/Inc/Legacy -I../Drivers/CMSIS/Device/ST/STM32F4xx/Include -I../Drivers/CMSIS/Include -I"H:/OpenECU/Code/VibrationMonitor_ECU/ThirdParty/FreeRTOS" -I"H:/OpenECU/Code/VibrationMonitor_ECU/ThirdParty/FreeRTOS/include" -I"H:/OpenECU/Code/VibrationMonitor_ECU/ThirdParty/FreeRTOS/portable/GCC/ARM_CM4F" -I"H:/OpenECU/Code/VibrationMonitor_ECU/ThirdParty/SEGGER/OS" -I"H:/OpenECU/Code/VibrationMonitor_ECU/ThirdParty/SEGGER/SEGGER" -I"H:/OpenECU/Code/VibrationMonitor_ECU/ThirdParty/SEGGER/Config" -I"H:/OpenECU/Code/VibrationMonitor_ECU/ThirdParty/SEGGER" -I"H:/OpenECU/Code/VibrationMonitor_ECU/Module" -I"H:/OpenECU/Code/VibrationMonitor_ECU/CMSIS_DSP/Include" -I"H:/OpenECU/Code/VibrationMonitor_ECU/CMSIS_DSP/PrivateInclude" -O0 -ffunction-sections -fdata-sections -Wall -fstack-usage -fcyclomatic-complexity -MMD -MP -MF"ThirdParty/FreeRTOS/event_groups.d" -MT"ThirdParty/FreeRTOS/event_groups.o" --specs=nano.specs -mfpu=fpv4-sp-d16 -mfloat-abi=hard -mthumb -o "ThirdParty/FreeRTOS/event_groups.o"
arm-none-eabi-gcc "../ThirdParty/FreeRTOS/list.c" -mcpu=cortex-m4 -std=gnu11 -g3 -DDEBUG -DUSE_HAL_DRIVER -DSTM32F446xx -c -I../Core/Inc -I../Drivers/STM32F4xx_HAL_Driver/Inc -I../Drivers/STM32F4xx_HAL_Driver/Inc/Legacy -I../Drivers/CMSIS/Device/ST/STM32F4xx/Include -I../Drivers/CMSIS/Include -I"H:/OpenECU/Code/VibrationMonitor_ECU/ThirdParty/FreeRTOS" -I"H:/OpenECU/Code/VibrationMonitor_ECU/ThirdParty/FreeRTOS/include" -I"H:/OpenECU/Code/VibrationMonitor_ECU/ThirdParty/FreeRTOS/portable/GCC/ARM_CM4F" -I"H:/OpenECU/Code/VibrationMonitor_ECU/ThirdParty/SEGGER/OS" -I"H:/OpenECU/Code/VibrationMonitor_ECU/ThirdParty/SEGGER/SEGGER" -I"H:/OpenECU/Code/VibrationMonitor_ECU/ThirdParty/SEGGER/Config" -I"H:/OpenECU/Code/VibrationMonitor_ECU/ThirdParty/SEGGER" -I"H:/OpenECU/Code/VibrationMonitor_ECU/Module" -I"H:/OpenECU/Code/VibrationMonitor_ECU/CMSIS_DSP/Include" -I"H:/OpenECU/Code/VibrationMonitor_ECU/CMSIS_DSP/PrivateInclude" -O0 -ffunction-sections -fdata-sections -Wall -fstack-usage -fcyclomatic-complexity -MMD -MP -MF"ThirdParty/FreeRTOS/list.d" -MT"ThirdParty/FreeRTOS/list.o" --specs=nano.specs -mfpu=fpv4-sp-d16 -mfloat-abi=hard -mthumb -o "ThirdParty/FreeRTOS/list.o"
arm-none-eabi-gcc "../ThirdParty/FreeRTOS/queue.c" -mcpu=cortex-m4 -std=gnu11 -g3 -DDEBUG -DUSE_HAL_DRIVER -DSTM32F446xx -c -I../Core/Inc -I../Drivers/STM32F4xx_HAL_Driver/Inc -I../Drivers/STM32F4xx_HAL_Driver/Inc/Legacy -I../Drivers/CMSIS/Device/ST/STM32F4xx/Include -I../Drivers/CMSIS/Include -I"H:/OpenECU/Code/VibrationMonitor_ECU/ThirdParty/FreeRTOS" -I"H:/OpenECU/Code/VibrationMonitor_ECU/ThirdParty/FreeRTOS/include" -I"H:/OpenECU/Code/VibrationMonitor_ECU/ThirdParty/FreeRTOS/portable/GCC/ARM_CM4F" -I"H:/OpenECU/Code/VibrationMonitor_ECU/ThirdParty/SEGGER/OS" -I"H:/OpenECU/Code/VibrationMonitor_ECU/ThirdParty/SEGGER/SEGGER" -I"H:/OpenECU/Code/VibrationMonitor_ECU/ThirdParty/SEGGER/Config" -I"H:/OpenECU/Code/VibrationMonitor_ECU/ThirdParty/SEGGER" -I"H:/OpenECU/Code/VibrationMonitor_ECU/Module" -I"H:/OpenECU/Code/VibrationMonitor_ECU/CMSIS_DSP/Include" -I"H:/OpenECU/Code/VibrationMonitor_ECU/CMSIS_DSP/PrivateInclude" -O0 -ffunction-sections -fdata-sections -Wall -fstack-usage -fcyclomatic-complexity -MMD -MP -MF"ThirdParty/FreeRTOS/queue.d" -MT"ThirdParty/FreeRTOS/queue.o" --specs=nano.specs -mfpu=fpv4-sp-d16 -mfloat-abi=hard -mthumb -o "ThirdParty/FreeRTOS/queue.o"
arm-none-eabi-gcc "../ThirdParty/FreeRTOS/stream_buffer.c" -mcpu=cortex-m4 -std=gnu11 -g3 -DDEBUG -DUSE_HAL_DRIVER -DSTM32F446xx -c -I../Core/Inc -I../Drivers/STM32F4xx_HAL_Driver/Inc -I../Drivers/STM32F4xx_HAL_Driver/Inc/Legacy -I../Drivers/CMSIS/Device/ST/STM32F4xx/Include -I../Drivers/CMSIS/Include -I"H:/OpenECU/Code/VibrationMonitor_ECU/ThirdParty/FreeRTOS" -I"H:/OpenECU/Code/VibrationMonitor_ECU/ThirdParty/FreeRTOS/include" -I"H:/OpenECU/Code/VibrationMonitor_ECU/ThirdParty/FreeRTOS/portable/GCC/ARM_CM4F" -I"H:/OpenECU/Code/VibrationMonitor_ECU/ThirdParty/SEGGER/OS" -I"H:/OpenECU/Code/VibrationMonitor_ECU/ThirdParty/SEGGER/SEGGER" -I"H:/OpenECU/Code/VibrationMonitor_ECU/ThirdParty/SEGGER/Config" -I"H:/OpenECU/Code/VibrationMonitor_ECU/ThirdParty/SEGGER" -I"H:/OpenECU/Code/VibrationMonitor_ECU/Module" -I"H:/OpenECU/Code/VibrationMonitor_ECU/CMSIS_DSP/Include" -I"H:/OpenECU/Code/VibrationMonitor_ECU/CMSIS_DSP/PrivateInclude" -O0 -ffunction-sections -fdata-sections -Wall -fstack-usage -fcyclomatic-complexity -MMD -MP -MF"ThirdParty/FreeRTOS/stream_buffer.d" -MT"ThirdParty/FreeRTOS/stream_buffer.o" --specs=nano.specs -mfpu=fpv4-sp-d16 -mfloat-abi=hard -mthumb -o "ThirdParty/FreeRTOS/stream_buffer.o"
arm-none-eabi-gcc "../ThirdParty/FreeRTOS/tasks.c" -mcpu=cortex-m4 -std=gnu11 -g3 -DDEBUG -DUSE_HAL_DRIVER -DSTM32F446xx -c -I../Core/Inc -I../Drivers/STM32F4xx_HAL_Driver/Inc -I../Drivers/STM32F4xx_HAL_Driver/Inc/Legacy -I../Drivers/CMSIS/Device/ST/STM32F4xx/Include -I../Drivers/CMSIS/Include -I"H:/OpenECU/Code/VibrationMonitor_ECU/ThirdParty/FreeRTOS" -I"H:/OpenECU/Code/VibrationMonitor_ECU/ThirdParty/FreeRTOS/include" -I"H:/OpenECU/Code/VibrationMonitor_ECU/ThirdParty/FreeRTOS/portable/GCC/ARM_CM4F" -I"H:/OpenECU/Code/VibrationMonitor_ECU/ThirdParty/SEGGER/OS" -I"H:/OpenECU/Code/VibrationMonitor_ECU/ThirdParty/SEGGER/SEGGER" -I"H:/OpenECU/Code/VibrationMonitor_ECU/ThirdParty/SEGGER/Config" -I"H:/OpenECU/Code/VibrationMonitor_ECU/ThirdParty/SEGGER" -I"H:/OpenECU/Code/VibrationMonitor_ECU/Module" -I"H:/OpenECU/Code/VibrationMonitor_ECU/CMSIS_DSP/Include" -I"H:/OpenECU/Code/VibrationMonitor_ECU/CMSIS_DSP/PrivateInclude" -O0 -ffunction-sections -fdata-sections -Wall -fstack-usage -fcyclomatic-complexity -MMD -MP -MF"ThirdParty/FreeRTOS/tasks.d" -MT"ThirdParty/FreeRTOS/tasks.o" --specs=nano.specs -mfpu=fpv4-sp-d16 -mfloat-abi=hard -mthumb -o "ThirdParty/FreeRTOS/tasks.o"
arm-none-eabi-gcc "../ThirdParty/FreeRTOS/timers.c" -mcpu=cortex-m4 -std=gnu11 -g3 -DDEBUG -DUSE_HAL_DRIVER -DSTM32F446xx -c -I../Core/Inc -I../Drivers/STM32F4xx_HAL_Driver/Inc -I../Drivers/STM32F4xx_HAL_Driver/Inc/Legacy -I../Drivers/CMSIS/Device/ST/STM32F4xx/Include -I../Drivers/CMSIS/Include -I"H:/OpenECU/Code/VibrationMonitor_ECU/ThirdParty/FreeRTOS" -I"H:/OpenECU/Code/VibrationMonitor_ECU/ThirdParty/FreeRTOS/include" -I"H:/OpenECU/Code/VibrationMonitor_ECU/ThirdParty/FreeRTOS/portable/GCC/ARM_CM4F" -I"H:/OpenECU/Code/VibrationMonitor_ECU/ThirdParty/SEGGER/OS" -I"H:/OpenECU/Code/VibrationMonitor_ECU/ThirdParty/SEGGER/SEGGER" -I"H:/OpenECU/Code/VibrationMonitor_ECU/ThirdParty/SEGGER/Config" -I"H:/OpenECU/Code/VibrationMonitor_ECU/ThirdParty/SEGGER" -I"H:/OpenECU/Code/VibrationMonitor_ECU/Module" -I"H:/OpenECU/Code/VibrationMonitor_ECU/CMSIS_DSP/Include" -I"H:/OpenECU/Code/VibrationMonitor_ECU/CMSIS_DSP/PrivateInclude" -O0 -ffunction-sections -fdata-sections -Wall -fstack-usage -fcyclomatic-complexity -MMD -MP -MF"ThirdParty/FreeRTOS/timers.d" -MT"ThirdParty/FreeRTOS/timers.o" --specs=nano.specs -mfpu=fpv4-sp-d16 -mfloat-abi=hard -mthumb -o "ThirdParty/FreeRTOS/timers.o"
arm-none-eabi-gcc "../Module/can.c" -mcpu=cortex-m4 -std=gnu11 -g3 -DDEBUG -DUSE_HAL_DRIVER -DSTM32F446xx -c -I../Core/Inc -I../Drivers/STM32F4xx_HAL_Driver/Inc -I../Drivers/STM32F4xx_HAL_Driver/Inc/Legacy -I../Drivers/CMSIS/Device/ST/STM32F4xx/Include -I../Drivers/CMSIS/Include -I"H:/OpenECU/Code/VibrationMonitor_ECU/ThirdParty/FreeRTOS" -I"H:/OpenECU/Code/VibrationMonitor_ECU/ThirdParty/FreeRTOS/include" -I"H:/OpenECU/Code/VibrationMonitor_ECU/ThirdParty/FreeRTOS/portable/GCC/ARM_CM4F" -I"H:/OpenECU/Code/VibrationMonitor_ECU/ThirdParty/SEGGER/OS" -I"H:/OpenECU/Code/VibrationMonitor_ECU/ThirdParty/SEGGER/SEGGER" -I"H:/OpenECU/Code/VibrationMonitor_ECU/ThirdParty/SEGGER/Config" -I"H:/OpenECU/Code/VibrationMonitor_ECU/ThirdParty/SEGGER" -I"H:/OpenECU/Code/VibrationMonitor_ECU/Module" -I"H:/OpenECU/Code/VibrationMonitor_ECU/CMSIS_DSP/Include" -I"H:/OpenECU/Code/VibrationMonitor_ECU/CMSIS_DSP/PrivateInclude" -O0 -ffunction-sections -fdata-sections -Wall -fstack-usage -fcyclomatic-complexity -MMD -MP -MF"Module/can.d" -MT"Module/can.o" --specs=nano.specs -mfpu=fpv4-sp-d16 -mfloat-abi=hard -mthumb -o "Module/can.o"
arm-none-eabi-gcc "../Module/hallEffect_a3144.c" -mcpu=cortex-m4 -std=gnu11 -g3 -DDEBUG -DUSE_HAL_DRIVER -DSTM32F446xx -c -I../Core/Inc -I../Drivers/STM32F4xx_HAL_Driver/Inc -I../Drivers/STM32F4xx_HAL_Driver/Inc/Legacy -I../Drivers/CMSIS/Device/ST/STM32F4xx/Include -I../Drivers/CMSIS/Include -I"H:/OpenECU/Code/VibrationMonitor_ECU/ThirdParty/FreeRTOS" -I"H:/OpenECU/Code/VibrationMonitor_ECU/ThirdParty/FreeRTOS/include" -I"H:/OpenECU/Code/VibrationMonitor_ECU/ThirdParty/FreeRTOS/portable/GCC/ARM_CM4F" -I"H:/OpenECU/Code/VibrationMonitor_ECU/ThirdParty/SEGGER/OS" -I"H:/OpenECU/Code/VibrationMonitor_ECU/ThirdParty/SEGGER/SEGGER" -I"H:/OpenECU/Code/VibrationMonitor_ECU/ThirdParty/SEGGER/Config" -I"H:/OpenECU/Code/VibrationMonitor_ECU/ThirdParty/SEGGER" -I"H:/OpenECU/Code/VibrationMonitor_ECU/Module" -I"H:/OpenECU/Code/VibrationMonitor_ECU/CMSIS_DSP/Include" -I"H:/OpenECU/Code/VibrationMonitor_ECU/CMSIS_DSP/PrivateInclude" -O0 -ffunction-sections -fdata-sections -Wall -fstack-usage -fcyclomatic-complexity -MMD -MP -MF"Module/hallEffect_a3144.d" -MT"Module/hallEffect_a3144.o" --specs=nano.specs -mfpu=fpv4-sp-d16 -mfloat-abi=hard -mthumb -o "Module/hallEffect_a3144.o"
arm-none-eabi-gcc "../Module/iwdg.c" -mcpu=cortex-m4 -std=gnu11 -g3 -DDEBUG -DUSE_HAL_DRIVER -DSTM32F446xx -c -I../Core/Inc -I../Drivers/STM32F4xx_HAL_Driver/Inc -I../Drivers/STM32F4xx_HAL_Driver/Inc/Legacy -I../Drivers/CMSIS/Device/ST/STM32F4xx/Include -I../Drivers/CMSIS/Include -I"H:/OpenECU/Code/VibrationMonitor_ECU/ThirdParty/FreeRTOS" -I"H:/OpenECU/Code/VibrationMonitor_ECU/ThirdParty/FreeRTOS/include" -I"H:/OpenECU/Code/VibrationMonitor_ECU/ThirdParty/FreeRTOS/portable/GCC/ARM_CM4F" -I"H:/OpenECU/Code/VibrationMonitor_ECU/ThirdParty/SEGGER/OS" -I"H:/OpenECU/Code/VibrationMonitor_ECU/ThirdParty/SEGGER/SEGGER" -I"H:/OpenECU/Code/VibrationMonitor_ECU/ThirdParty/SEGGER/Config" -I"H:/OpenECU/Code/VibrationMonitor_ECU/ThirdParty/SEGGER" -I"H:/OpenECU/Code/VibrationMonitor_ECU/Module" -I"H:/OpenECU/Code/VibrationMonitor_ECU/CMSIS_DSP/Include" -I"H:/OpenECU/Code/VibrationMonitor_ECU/CMSIS_DSP/PrivateInclude" -O0 -ffunction-sections -fdata-sections -Wall -fstack-usage -fcyclomatic-complexity -MMD -MP -MF"Module/iwdg.d" -MT"Module/iwdg.o" --specs=nano.specs -mfpu=fpv4-sp-d16 -mfloat-abi=hard -mthumb -o "Module/iwdg.o"
arm-none-eabi-gcc "../Module/systemMonitor.c" -mcpu=cortex-m4 -std=gnu11 -g3 -DDEBUG -DUSE_HAL_DRIVER -DSTM32F446xx -c -I../Core/Inc -I../Drivers/STM32F4xx_HAL_Driver/Inc -I../Drivers/STM32F4xx_HAL_Driver/Inc/Legacy -I../Drivers/CMSIS/Device/ST/STM32F4xx/Include -I../Drivers/CMSIS/Include -I"H:/OpenECU/Code/VibrationMonitor_ECU/ThirdParty/FreeRTOS" -I"H:/OpenECU/Code/VibrationMonitor_ECU/ThirdParty/FreeRTOS/include" -I"H:/OpenECU/Code/VibrationMonitor_ECU/ThirdParty/FreeRTOS/portable/GCC/ARM_CM4F" -I"H:/OpenECU/Code/VibrationMonitor_ECU/ThirdParty/SEGGER/OS" -I"H:/OpenECU/Code/VibrationMonitor_ECU/ThirdParty/SEGGER/SEGGER" -I"H:/OpenECU/Code/VibrationMonitor_ECU/ThirdParty/SEGGER/Config" -I"H:/OpenECU/Code/VibrationMonitor_ECU/ThirdParty/SEGGER" -I"H:/OpenECU/Code/VibrationMonitor_ECU/Module" -I"H:/OpenECU/Code/VibrationMonitor_ECU/CMSIS_DSP/Include" -I"H:/OpenECU/Code/VibrationMonitor_ECU/CMSIS_DSP/PrivateInclude" -O0 -ffunction-sections -fdata-sections -Wall -fstack-usage -fcyclomatic-complexity -MMD -MP -MF"Module/systemMonitor.d" -MT"Module/systemMonitor.o" --specs=nano.specs -mfpu=fpv4-sp-d16 -mfloat-abi=hard -mthumb -o "Module/systemMonitor.o"
arm-none-eabi-gcc "../Module/vibration.c" -mcpu=cortex-m4 -std=gnu11 -g3 -DDEBUG -DUSE_HAL_DRIVER -DSTM32F446xx -c -I../Core/Inc -I../Drivers/STM32F4xx_HAL_Driver/Inc -I../Drivers/STM32F4xx_HAL_Driver/Inc/Legacy -I../Drivers/CMSIS/Device/ST/STM32F4xx/Include -I../Drivers/CMSIS/Include -I"H:/OpenECU/Code/VibrationMonitor_ECU/ThirdParty/FreeRTOS" -I"H:/OpenECU/Code/VibrationMonitor_ECU/ThirdParty/FreeRTOS/include" -I"H:/OpenECU/Code/VibrationMonitor_ECU/ThirdParty/FreeRTOS/portable/GCC/ARM_CM4F" -I"H:/OpenECU/Code/VibrationMonitor_ECU/ThirdParty/SEGGER/OS" -I"H:/OpenECU/Code/VibrationMonitor_ECU/ThirdParty/SEGGER/SEGGER" -I"H:/OpenECU/Code/VibrationMonitor_ECU/ThirdParty/SEGGER/Config" -I"H:/OpenECU/Code/VibrationMonitor_ECU/ThirdParty/SEGGER" -I"H:/OpenECU/Code/VibrationMonitor_ECU/Module" -I"H:/OpenECU/Code/VibrationMonitor_ECU/CMSIS_DSP/Include" -I"H:/OpenECU/Code/VibrationMonitor_ECU/CMSIS_DSP/PrivateInclude" -O0 -ffunction-sections -fdata-sections -Wall -fstack-usage -fcyclomatic-complexity -MMD -MP -MF"Module/vibration.d" -MT"Module/vibration.o" --specs=nano.specs -mfpu=fpv4-sp-d16 -mfloat-abi=hard -mthumb -o "Module/vibration.o"
arm-none-eabi-gcc "../Core/Src/main.c" -mcpu=cortex-m4 -std=gnu11 -g3 -DDEBUG -DUSE_HAL_DRIVER -DSTM32F446xx -c -I../Core/Inc -I../Drivers/STM32F4xx_HAL_Driver/Inc -I../Drivers/STM32F4xx_HAL_Driver/Inc/Legacy -I../Drivers/CMSIS/Device/ST/STM32F4xx/Include -I../Drivers/CMSIS/Include -I"H:/OpenECU/Code/VibrationMonitor_ECU/ThirdParty/FreeRTOS" -I"H:/OpenECU/Code/VibrationMonitor_ECU/ThirdParty/FreeRTOS/include" -I"H:/OpenECU/Code/VibrationMonitor_ECU/ThirdParty/FreeRTOS/portable/GCC/ARM_CM4F" -I"H:/OpenECU/Code/VibrationMonitor_ECU/ThirdParty/SEGGER/OS" -I"H:/OpenECU/Code/VibrationMonitor_ECU/ThirdParty/SEGGER/SEGGER" -I"H:/OpenECU/Code/VibrationMonitor_ECU/ThirdParty/SEGGER/Config" -I"H:/OpenECU/Code/VibrationMonitor_ECU/ThirdParty/SEGGER" -I"H:/OpenECU/Code/VibrationMonitor_ECU/Module" -I"H:/OpenECU/Code/VibrationMonitor_ECU/CMSIS_DSP/Include" -I"H:/OpenECU/Code/VibrationMonitor_ECU/CMSIS_DSP/PrivateInclude" -O0 -ffunction-sections -fdata-sections -Wall -fstack-usage -fcyclomatic-complexity -MMD -MP -MF"Core/Src/main.d" -MT"Core/Src/main.o" --specs=nano.specs -mfpu=fpv4-sp-d16 -mfloat-abi=hard -mthumb -o "Core/Src/main.o"
arm-none-eabi-gcc -o "VibrationMonitor_ECU.elf" @"objects.list"   -mcpu=cortex-m4 -T"H:\OpenECU\Code\VibrationMonitor_ECU\STM32F446RETX_FLASH.ld" --specs=nosys.specs -Wl,-Map="VibrationMonitor_ECU.map" -Wl,--gc-sections -static --specs=nano.specs -mfpu=fpv4-sp-d16 -mfloat-abi=hard -mthumb -u _printf_float -u _scanf_float -Wl,--start-group -lc -lm -Wl,--end-group
Finished building target: VibrationMonitor_ECU.elf
 
arm-none-eabi-size  VibrationMonitor_ECU.elf 
arm-none-eabi-objdump -h -S VibrationMonitor_ECU.elf  > "VibrationMonitor_ECU.list"
   text	   data	    bss	    dec	    hex	filename
 138904	    468	  89856	 229228	  37f6c	VibrationMonitor_ECU.elf
Finished building: default.size.stdout
 
Finished building: VibrationMonitor_ECU.list
 
01:31:31 **** Incremental Build of configuration Debug for project VibrationMonitor_ECU ****
make -j12 all 
arm-none-eabi-gcc "../ThirdParty/SEGGER/OS/SEGGER_SYSVIEW_FreeRTOS.c" -mcpu=cortex-m4 -std=gnu11 -g3 -DDEBUG -DUSE_HAL_DRIVER -DSTM32F446xx -c -I../Core/Inc -I../Drivers/STM32F4xx_HAL_Driver/Inc -I../Drivers/STM32F4xx_HAL_Driver/Inc/Legacy -I../Drivers/CMSIS/Device/ST/STM32F4xx/Include -I../Drivers/CMSIS/Include -I"H:/OpenECU/Code/VibrationMonitor_ECU/ThirdParty/FreeRTOS" -I"H:/OpenECU/Code/VibrationMonitor_ECU/ThirdParty/FreeRTOS/include" -I"H:/OpenECU/Code/VibrationMonitor_ECU/ThirdParty/FreeRTOS/portable/GCC/ARM_CM4F" -I"H:/OpenECU/Code/VibrationMonitor_ECU/ThirdParty/SEGGER/OS" -I"H:/OpenECU/Code/VibrationMonitor_ECU/ThirdParty/SEGGER/SEGGER" -I"H:/OpenECU/Code/VibrationMonitor_ECU/ThirdParty/SEGGER/Config" -I"H:/OpenECU/Code/VibrationMonitor_ECU/ThirdParty/SEGGER" -I"H:/OpenECU/Code/VibrationMonitor_ECU/Module" -I"H:/OpenECU/Code/VibrationMonitor_ECU/CMSIS_DSP/Include" -I"H:/OpenECU/Code/VibrationMonitor_ECU/CMSIS_DSP/PrivateInclude" -O0 -ffunction-sections -fdata-sections -Wall -fstack-usage -fcyclomatic-complexity -MMD -MP -MF"ThirdParty/SEGGER/OS/SEGGER_SYSVIEW_FreeRTOS.d" -MT"ThirdParty/SEGGER/OS/SEGGER_SYSVIEW_FreeRTOS.o" --specs=nano.specs -mfpu=fpv4-sp-d16 -mfloat-abi=hard -mthumb -o "ThirdParty/SEGGER/OS/SEGGER_SYSVIEW_FreeRTOS.o"
arm-none-eabi-gcc "../ThirdParty/SEGGER/Config/SEGGER_SYSVIEW_Config_FreeRTOS.c" -mcpu=cortex-m4 -std=gnu11 -g3 -DDEBUG -DUSE_HAL_DRIVER -DSTM32F446xx -c -I../Core/Inc -I../Drivers/STM32F4xx_HAL_Driver/Inc -I../Drivers/STM32F4xx_HAL_Driver/Inc/Legacy -I../Drivers/CMSIS/Device/ST/STM32F4xx/Include -I../Drivers/CMSIS/Include -I"H:/OpenECU/Code/VibrationMonitor_ECU/ThirdParty/FreeRTOS" -I"H:/OpenECU/Code/VibrationMonitor_ECU/ThirdParty/FreeRTOS/include" -I"H:/OpenECU/Code/VibrationMonitor_ECU/ThirdParty/FreeRTOS/portable/GCC/ARM_CM4F" -I"H:/OpenECU/Code/VibrationMonitor_ECU/ThirdParty/SEGGER/OS" -I"H:/OpenECU/Code/VibrationMonitor_ECU/ThirdParty/SEGGER/SEGGER" -I"H:/OpenECU/Code/VibrationMonitor_ECU/ThirdParty/SEGGER/Config" -I"H:/OpenECU/Code/VibrationMonitor_ECU/ThirdParty/SEGGER" -I"H:/OpenECU/Code/VibrationMonitor_ECU/Module" -I"H:/OpenECU/Code/VibrationMonitor_ECU/CMSIS_DSP/Include" -I"H:/OpenECU/Code/VibrationMonitor_ECU/CMSIS_DSP/PrivateInclude" -O0 -ffunction-sections -fdata-sections -Wall -fstack-usage -fcyclomatic-complexity -MMD -MP -MF"ThirdParty/SEGGER/Config/SEGGER_SYSVIEW_Config_FreeRTOS.d" -MT"ThirdParty/SEGGER/Config/SEGGER_SYSVIEW_Config_FreeRTOS.o" --specs=nano.specs -mfpu=fpv4-sp-d16 -mfloat-abi=hard -mthumb -o "ThirdParty/SEGGER/Config/SEGGER_SYSVIEW_Config_FreeRTOS.o"
arm-none-eabi-gcc "../ThirdParty/FreeRTOS/portable/MemMang/heap_4.c" -mcpu=cortex-m4 -std=gnu11 -g3 -DDEBUG -DUSE_HAL_DRIVER -DSTM32F446xx -c -I../Core/Inc -I../Drivers/STM32F4xx_HAL_Driver/Inc -I../Drivers/STM32F4xx_HAL_Driver/Inc/Legacy -I../Drivers/CMSIS/Device/ST/STM32F4xx/Include -I../Drivers/CMSIS/Include -I"H:/OpenECU/Code/VibrationMonitor_ECU/ThirdParty/FreeRTOS" -I"H:/OpenECU/Code/VibrationMonitor_ECU/ThirdParty/FreeRTOS/include" -I"H:/OpenECU/Code/VibrationMonitor_ECU/ThirdParty/FreeRTOS/portable/GCC/ARM_CM4F" -I"H:/OpenECU/Code/VibrationMonitor_ECU/ThirdParty/SEGGER/OS" -I"H:/OpenECU/Code/VibrationMonitor_ECU/ThirdParty/SEGGER/SEGGER" -I"H:/OpenECU/Code/VibrationMonitor_ECU/ThirdParty/SEGGER/Config" -I"H:/OpenECU/Code/VibrationMonitor_ECU/ThirdParty/SEGGER" -I"H:/OpenECU/Code/VibrationMonitor_ECU/Module" -I"H:/OpenECU/Code/VibrationMonitor_ECU/CMSIS_DSP/Include" -I"H:/OpenECU/Code/VibrationMonitor_ECU/CMSIS_DSP/PrivateInclude" -O0 -ffunction-sections -fdata-sections -Wall -fstack-usage -fcyclomatic-complexity -MMD -MP -MF"ThirdParty/FreeRTOS/portable/MemMang/heap_4.d" -MT"ThirdParty/FreeRTOS/portable/MemMang/heap_4.o" --specs=nano.specs -mfpu=fpv4-sp-d16 -mfloat-abi=hard -mthumb -o "ThirdParty/FreeRTOS/portable/MemMang/heap_4.o"
arm-none-eabi-gcc "../ThirdParty/FreeRTOS/portable/GCC/ARM_CM4F/port.c" -mcpu=cortex-m4 -std=gnu11 -g3 -DDEBUG -DUSE_HAL_DRIVER -DSTM32F446xx -c -I../Core/Inc -I../Drivers/STM32F4xx_HAL_Driver/Inc -I../Drivers/STM32F4xx_HAL_Driver/Inc/Legacy -I../Drivers/CMSIS/Device/ST/STM32F4xx/Include -I../Drivers/CMSIS/Include -I"H:/OpenECU/Code/VibrationMonitor_ECU/ThirdParty/FreeRTOS" -I"H:/OpenECU/Code/VibrationMonitor_ECU/ThirdParty/FreeRTOS/include" -I"H:/OpenECU/Code/VibrationMonitor_ECU/ThirdParty/FreeRTOS/portable/GCC/ARM_CM4F" -I"H:/OpenECU/Code/VibrationMonitor_ECU/ThirdParty/SEGGER/OS" -I"H:/OpenECU/Code/VibrationMonitor_ECU/ThirdParty/SEGGER/SEGGER" -I"H:/OpenECU/Code/VibrationMonitor_ECU/ThirdParty/SEGGER/Config" -I"H:/OpenECU/Code/VibrationMonitor_ECU/ThirdParty/SEGGER" -I"H:/OpenECU/Code/VibrationMonitor_ECU/Module" -I"H:/OpenECU/Code/VibrationMonitor_ECU/CMSIS_DSP/Include" -I"H:/OpenECU/Code/VibrationMonitor_ECU/CMSIS_DSP/PrivateInclude" -O0 -ffunction-sections -fdata-sections -Wall -fstack-usage -fcyclomatic-complexity -MMD -MP -MF"ThirdParty/FreeRTOS/portable/GCC/ARM_CM4F/port.d" -MT"ThirdParty/FreeRTOS/portable/GCC/ARM_CM4F/port.o" --specs=nano.specs -mfpu=fpv4-sp-d16 -mfloat-abi=hard -mthumb -o "ThirdParty/FreeRTOS/portable/GCC/ARM_CM4F/port.o"
arm-none-eabi-gcc "../ThirdParty/FreeRTOS/croutine.c" -mcpu=cortex-m4 -std=gnu11 -g3 -DDEBUG -DUSE_HAL_DRIVER -DSTM32F446xx -c -I../Core/Inc -I../Drivers/STM32F4xx_HAL_Driver/Inc -I../Drivers/STM32F4xx_HAL_Driver/Inc/Legacy -I../Drivers/CMSIS/Device/ST/STM32F4xx/Include -I../Drivers/CMSIS/Include -I"H:/OpenECU/Code/VibrationMonitor_ECU/ThirdParty/FreeRTOS" -I"H:/OpenECU/Code/VibrationMonitor_ECU/ThirdParty/FreeRTOS/include" -I"H:/OpenECU/Code/VibrationMonitor_ECU/ThirdParty/FreeRTOS/portable/GCC/ARM_CM4F" -I"H:/OpenECU/Code/VibrationMonitor_ECU/ThirdParty/SEGGER/OS" -I"H:/OpenECU/Code/VibrationMonitor_ECU/ThirdParty/SEGGER/SEGGER" -I"H:/OpenECU/Code/VibrationMonitor_ECU/ThirdParty/SEGGER/Config" -I"H:/OpenECU/Code/VibrationMonitor_ECU/ThirdParty/SEGGER" -I"H:/OpenECU/Code/VibrationMonitor_ECU/Module" -I"H:/OpenECU/Code/VibrationMonitor_ECU/CMSIS_DSP/Include" -I"H:/OpenECU/Code/VibrationMonitor_ECU/CMSIS_DSP/PrivateInclude" -O0 -ffunction-sections -fdata-sections -Wall -fstack-usage -fcyclomatic-complexity -MMD -MP -MF"ThirdParty/FreeRTOS/croutine.d" -MT"ThirdParty/FreeRTOS/croutine.o" --specs=nano.specs -mfpu=fpv4-sp-d16 -mfloat-abi=hard -mthumb -o "ThirdParty/FreeRTOS/croutine.o"
arm-none-eabi-gcc "../ThirdParty/FreeRTOS/event_groups.c" -mcpu=cortex-m4 -std=gnu11 -g3 -DDEBUG -DUSE_HAL_DRIVER -DSTM32F446xx -c -I../Core/Inc -I../Drivers/STM32F4xx_HAL_Driver/Inc -I../Drivers/STM32F4xx_HAL_Driver/Inc/Legacy -I../Drivers/CMSIS/Device/ST/STM32F4xx/Include -I../Drivers/CMSIS/Include -I"H:/OpenECU/Code/VibrationMonitor_ECU/ThirdParty/FreeRTOS" -I"H:/OpenECU/Code/VibrationMonitor_ECU/ThirdParty/FreeRTOS/include" -I"H:/OpenECU/Code/VibrationMonitor_ECU/ThirdParty/FreeRTOS/portable/GCC/ARM_CM4F" -I"H:/OpenECU/Code/VibrationMonitor_ECU/ThirdParty/SEGGER/OS" -I"H:/OpenECU/Code/VibrationMonitor_ECU/ThirdParty/SEGGER/SEGGER" -I"H:/OpenECU/Code/VibrationMonitor_ECU/ThirdParty/SEGGER/Config" -I"H:/OpenECU/Code/VibrationMonitor_ECU/ThirdParty/SEGGER" -I"H:/OpenECU/Code/VibrationMonitor_ECU/Module" -I"H:/OpenECU/Code/VibrationMonitor_ECU/CMSIS_DSP/Include" -I"H:/OpenECU/Code/VibrationMonitor_ECU/CMSIS_DSP/PrivateInclude" -O0 -ffunction-sections -fdata-sections -Wall -fstack-usage -fcyclomatic-complexity -MMD -MP -MF"ThirdParty/FreeRTOS/event_groups.d" -MT"ThirdParty/FreeRTOS/event_groups.o" --specs=nano.specs -mfpu=fpv4-sp-d16 -mfloat-abi=hard -mthumb -o "ThirdParty/FreeRTOS/event_groups.o"
arm-none-eabi-gcc "../ThirdParty/FreeRTOS/list.c" -mcpu=cortex-m4 -std=gnu11 -g3 -DDEBUG -DUSE_HAL_DRIVER -DSTM32F446xx -c -I../Core/Inc -I../Drivers/STM32F4xx_HAL_Driver/Inc -I../Drivers/STM32F4xx_HAL_Driver/Inc/Legacy -I../Drivers/CMSIS/Device/ST/STM32F4xx/Include -I../Drivers/CMSIS/Include -I"H:/OpenECU/Code/VibrationMonitor_ECU/ThirdParty/FreeRTOS" -I"H:/OpenECU/Code/VibrationMonitor_ECU/ThirdParty/FreeRTOS/include" -I"H:/OpenECU/Code/VibrationMonitor_ECU/ThirdParty/FreeRTOS/portable/GCC/ARM_CM4F" -I"H:/OpenECU/Code/VibrationMonitor_ECU/ThirdParty/SEGGER/OS" -I"H:/OpenECU/Code/VibrationMonitor_ECU/ThirdParty/SEGGER/SEGGER" -I"H:/OpenECU/Code/VibrationMonitor_ECU/ThirdParty/SEGGER/Config" -I"H:/OpenECU/Code/VibrationMonitor_ECU/ThirdParty/SEGGER" -I"H:/OpenECU/Code/VibrationMonitor_ECU/Module" -I"H:/OpenECU/Code/VibrationMonitor_ECU/CMSIS_DSP/Include" -I"H:/OpenECU/Code/VibrationMonitor_ECU/CMSIS_DSP/PrivateInclude" -O0 -ffunction-sections -fdata-sections -Wall -fstack-usage -fcyclomatic-complexity -MMD -MP -MF"ThirdParty/FreeRTOS/list.d" -MT"ThirdParty/FreeRTOS/list.o" --specs=nano.specs -mfpu=fpv4-sp-d16 -mfloat-abi=hard -mthumb -o "ThirdParty/FreeRTOS/list.o"
arm-none-eabi-gcc "../ThirdParty/FreeRTOS/queue.c" -mcpu=cortex-m4 -std=gnu11 -g3 -DDEBUG -DUSE_HAL_DRIVER -DSTM32F446xx -c -I../Core/Inc -I../Drivers/STM32F4xx_HAL_Driver/Inc -I../Drivers/STM32F4xx_HAL_Driver/Inc/Legacy -I../Drivers/CMSIS/Device/ST/STM32F4xx/Include -I../Drivers/CMSIS/Include -I"H:/OpenECU/Code/VibrationMonitor_ECU/ThirdParty/FreeRTOS" -I"H:/OpenECU/Code/VibrationMonitor_ECU/ThirdParty/FreeRTOS/include" -I"H:/OpenECU/Code/VibrationMonitor_ECU/ThirdParty/FreeRTOS/portable/GCC/ARM_CM4F" -I"H:/OpenECU/Code/VibrationMonitor_ECU/ThirdParty/SEGGER/OS" -I"H:/OpenECU/Code/VibrationMonitor_ECU/ThirdParty/SEGGER/SEGGER" -I"H:/OpenECU/Code/VibrationMonitor_ECU/ThirdParty/SEGGER/Config" -I"H:/OpenECU/Code/VibrationMonitor_ECU/ThirdParty/SEGGER" -I"H:/OpenECU/Code/VibrationMonitor_ECU/Module" -I"H:/OpenECU/Code/VibrationMonitor_ECU/CMSIS_DSP/Include" -I"H:/OpenECU/Code/VibrationMonitor_ECU/CMSIS_DSP/PrivateInclude" -O0 -ffunction-sections -fdata-sections -Wall -fstack-usage -fcyclomatic-complexity -MMD -MP -MF"ThirdParty/FreeRTOS/queue.d" -MT"ThirdParty/FreeRTOS/queue.o" --specs=nano.specs -mfpu=fpv4-sp-d16 -mfloat-abi=hard -mthumb -o "ThirdParty/FreeRTOS/queue.o"
arm-none-eabi-gcc "../ThirdParty/FreeRTOS/stream_buffer.c" -mcpu=cortex-m4 -std=gnu11 -g3 -DDEBUG -DUSE_HAL_DRIVER -DSTM32F446xx -c -I../Core/Inc -I../Drivers/STM32F4xx_HAL_Driver/Inc -I../Drivers/STM32F4xx_HAL_Driver/Inc/Legacy -I../Drivers/CMSIS/Device/ST/STM32F4xx/Include -I../Drivers/CMSIS/Include -I"H:/OpenECU/Code/VibrationMonitor_ECU/ThirdParty/FreeRTOS" -I"H:/OpenECU/Code/VibrationMonitor_ECU/ThirdParty/FreeRTOS/include" -I"H:/OpenECU/Code/VibrationMonitor_ECU/ThirdParty/FreeRTOS/portable/GCC/ARM_CM4F" -I"H:/OpenECU/Code/VibrationMonitor_ECU/ThirdParty/SEGGER/OS" -I"H:/OpenECU/Code/VibrationMonitor_ECU/ThirdParty/SEGGER/SEGGER" -I"H:/OpenECU/Code/VibrationMonitor_ECU/ThirdParty/SEGGER/Config" -I"H:/OpenECU/Code/VibrationMonitor_ECU/ThirdParty/SEGGER" -I"H:/OpenECU/Code/VibrationMonitor_ECU/Module" -I"H:/OpenECU/Code/VibrationMonitor_ECU/CMSIS_DSP/Include" -I"H:/OpenECU/Code/VibrationMonitor_ECU/CMSIS_DSP/PrivateInclude" -O0 -ffunction-sections -fdata-sections -Wall -fstack-usage -fcyclomatic-complexity -MMD -MP -MF"ThirdParty/FreeRTOS/stream_buffer.d" -MT"ThirdParty/FreeRTOS/stream_buffer.o" --specs=nano.specs -mfpu=fpv4-sp-d16 -mfloat-abi=hard -mthumb -o "ThirdParty/FreeRTOS/stream_buffer.o"
arm-none-eabi-gcc "../ThirdParty/FreeRTOS/tasks.c" -mcpu=cortex-m4 -std=gnu11 -g3 -DDEBUG -DUSE_HAL_DRIVER -DSTM32F446xx -c -I../Core/Inc -I../Drivers/STM32F4xx_HAL_Driver/Inc -I../Drivers/STM32F4xx_HAL_Driver/Inc/Legacy -I../Drivers/CMSIS/Device/ST/STM32F4xx/Include -I../Drivers/CMSIS/Include -I"H:/OpenECU/Code/VibrationMonitor_ECU/ThirdParty/FreeRTOS" -I"H:/OpenECU/Code/VibrationMonitor_ECU/ThirdParty/FreeRTOS/include" -I"H:/OpenECU/Code/VibrationMonitor_ECU/ThirdParty/FreeRTOS/portable/GCC/ARM_CM4F" -I"H:/OpenECU/Code/VibrationMonitor_ECU/ThirdParty/SEGGER/OS" -I"H:/OpenECU/Code/VibrationMonitor_ECU/ThirdParty/SEGGER/SEGGER" -I"H:/OpenECU/Code/VibrationMonitor_ECU/ThirdParty/SEGGER/Config" -I"H:/OpenECU/Code/VibrationMonitor_ECU/ThirdParty/SEGGER" -I"H:/OpenECU/Code/VibrationMonitor_ECU/Module" -I"H:/OpenECU/Code/VibrationMonitor_ECU/CMSIS_DSP/Include" -I"H:/OpenECU/Code/VibrationMonitor_ECU/CMSIS_DSP/PrivateInclude" -O0 -ffunction-sections -fdata-sections -Wall -fstack-usage -fcyclomatic-complexity -MMD -MP -MF"ThirdParty/FreeRTOS/tasks.d" -MT"ThirdParty/FreeRTOS/tasks.o" --specs=nano.specs -mfpu=fpv4-sp-d16 -mfloat-abi=hard -mthumb -o "ThirdParty/FreeRTOS/tasks.o"
arm-none-eabi-gcc "../ThirdParty/FreeRTOS/timers.c" -mcpu=cortex-m4 -std=gnu11 -g3 -DDEBUG -DUSE_HAL_DRIVER -DSTM32F446xx -c -I../Core/Inc -I../Drivers/STM32F4xx_HAL_Driver/Inc -I../Drivers/STM32F4xx_HAL_Driver/Inc/Legacy -I../Drivers/CMSIS/Device/ST/STM32F4xx/Include -I../Drivers/CMSIS/Include -I"H:/OpenECU/Code/VibrationMonitor_ECU/ThirdParty/FreeRTOS" -I"H:/OpenECU/Code/VibrationMonitor_ECU/ThirdParty/FreeRTOS/include" -I"H:/OpenECU/Code/VibrationMonitor_ECU/ThirdParty/FreeRTOS/portable/GCC/ARM_CM4F" -I"H:/OpenECU/Code/VibrationMonitor_ECU/ThirdParty/SEGGER/OS" -I"H:/OpenECU/Code/VibrationMonitor_ECU/ThirdParty/SEGGER/SEGGER" -I"H:/OpenECU/Code/VibrationMonitor_ECU/ThirdParty/SEGGER/Config" -I"H:/OpenECU/Code/VibrationMonitor_ECU/ThirdParty/SEGGER" -I"H:/OpenECU/Code/VibrationMonitor_ECU/Module" -I"H:/OpenECU/Code/VibrationMonitor_ECU/CMSIS_DSP/Include" -I"H:/OpenECU/Code/VibrationMonitor_ECU/CMSIS_DSP/PrivateInclude" -O0 -ffunction-sections -fdata-sections -Wall -fstack-usage -fcyclomatic-complexity -MMD -MP -MF"ThirdParty/FreeRTOS/timers.d" -MT"ThirdParty/FreeRTOS/timers.o" --specs=nano.specs -mfpu=fpv4-sp-d16 -mfloat-abi=hard -mthumb -o "ThirdParty/FreeRTOS/timers.o"
arm-none-eabi-gcc "../Module/can.c" -mcpu=cortex-m4 -std=gnu11 -g3 -DDEBUG -DUSE_HAL_DRIVER -DSTM32F446xx -c -I../Core/Inc -I../Drivers/STM32F4xx_HAL_Driver/Inc -I../Drivers/STM32F4xx_HAL_Driver/Inc/Legacy -I../Drivers/CMSIS/Device/ST/STM32F4xx/Include -I../Drivers/CMSIS/Include -I"H:/OpenECU/Code/VibrationMonitor_ECU/ThirdParty/FreeRTOS" -I"H:/OpenECU/Code/VibrationMonitor_ECU/ThirdParty/FreeRTOS/include" -I"H:/OpenECU/Code/VibrationMonitor_ECU/ThirdParty/FreeRTOS/portable/GCC/ARM_CM4F" -I"H:/OpenECU/Code/VibrationMonitor_ECU/ThirdParty/SEGGER/OS" -I"H:/OpenECU/Code/VibrationMonitor_ECU/ThirdParty/SEGGER/SEGGER" -I"H:/OpenECU/Code/VibrationMonitor_ECU/ThirdParty/SEGGER/Config" -I"H:/OpenECU/Code/VibrationMonitor_ECU/ThirdParty/SEGGER" -I"H:/OpenECU/Code/VibrationMonitor_ECU/Module" -I"H:/OpenECU/Code/VibrationMonitor_ECU/CMSIS_DSP/Include" -I"H:/OpenECU/Code/VibrationMonitor_ECU/CMSIS_DSP/PrivateInclude" -O0 -ffunction-sections -fdata-sections -Wall -fstack-usage -fcyclomatic-complexity -MMD -MP -MF"Module/can.d" -MT"Module/can.o" --specs=nano.specs -mfpu=fpv4-sp-d16 -mfloat-abi=hard -mthumb -o "Module/can.o"
arm-none-eabi-gcc "../Module/hallEffect_a3144.c" -mcpu=cortex-m4 -std=gnu11 -g3 -DDEBUG -DUSE_HAL_DRIVER -DSTM32F446xx -c -I../Core/Inc -I../Drivers/STM32F4xx_HAL_Driver/Inc -I../Drivers/STM32F4xx_HAL_Driver/Inc/Legacy -I../Drivers/CMSIS/Device/ST/STM32F4xx/Include -I../Drivers/CMSIS/Include -I"H:/OpenECU/Code/VibrationMonitor_ECU/ThirdParty/FreeRTOS" -I"H:/OpenECU/Code/VibrationMonitor_ECU/ThirdParty/FreeRTOS/include" -I"H:/OpenECU/Code/VibrationMonitor_ECU/ThirdParty/FreeRTOS/portable/GCC/ARM_CM4F" -I"H:/OpenECU/Code/VibrationMonitor_ECU/ThirdParty/SEGGER/OS" -I"H:/OpenECU/Code/VibrationMonitor_ECU/ThirdParty/SEGGER/SEGGER" -I"H:/OpenECU/Code/VibrationMonitor_ECU/ThirdParty/SEGGER/Config" -I"H:/OpenECU/Code/VibrationMonitor_ECU/ThirdParty/SEGGER" -I"H:/OpenECU/Code/VibrationMonitor_ECU/Module" -I"H:/OpenECU/Code/VibrationMonitor_ECU/CMSIS_DSP/Include" -I"H:/OpenECU/Code/VibrationMonitor_ECU/CMSIS_DSP/PrivateInclude" -O0 -ffunction-sections -fdata-sections -Wall -fstack-usage -fcyclomatic-complexity -MMD -MP -MF"Module/hallEffect_a3144.d" -MT"Module/hallEffect_a3144.o" --specs=nano.specs -mfpu=fpv4-sp-d16 -mfloat-abi=hard -mthumb -o "Module/hallEffect_a3144.o"
arm-none-eabi-gcc "../Module/iwdg.c" -mcpu=cortex-m4 -std=gnu11 -g3 -DDEBUG -DUSE_HAL_DRIVER -DSTM32F446xx -c -I../Core/Inc -I../Drivers/STM32F4xx_HAL_Driver/Inc -I../Drivers/STM32F4xx_HAL_Driver/Inc/Legacy -I../Drivers/CMSIS/Device/ST/STM32F4xx/Include -I../Drivers/CMSIS/Include -I"H:/OpenECU/Code/VibrationMonitor_ECU/ThirdParty/FreeRTOS" -I"H:/OpenECU/Code/VibrationMonitor_ECU/ThirdParty/FreeRTOS/include" -I"H:/OpenECU/Code/VibrationMonitor_ECU/ThirdParty/FreeRTOS/portable/GCC/ARM_CM4F" -I"H:/OpenECU/Code/VibrationMonitor_ECU/ThirdParty/SEGGER/OS" -I"H:/OpenECU/Code/VibrationMonitor_ECU/ThirdParty/SEGGER/SEGGER" -I"H:/OpenECU/Code/VibrationMonitor_ECU/ThirdParty/SEGGER/Config" -I"H:/OpenECU/Code/VibrationMonitor_ECU/ThirdParty/SEGGER" -I"H:/OpenECU/Code/VibrationMonitor_ECU/Module" -I"H:/OpenECU/Code/VibrationMonitor_ECU/CMSIS_DSP/Include" -I"H:/OpenECU/Code/VibrationMonitor_ECU/CMSIS_DSP/PrivateInclude" -O0 -ffunction-sections -fdata-sections -Wall -fstack-usage -fcyclomatic-complexity -MMD -MP -MF"Module/iwdg.d" -MT"Module/iwdg.o" --specs=nano.specs -mfpu=fpv4-sp-d16 -mfloat-abi=hard -mthumb -o "Module/iwdg.o"
arm-none-eabi-gcc "../Module/systemMonitor.c" -mcpu=cortex-m4 -std=gnu11 -g3 -DDEBUG -DUSE_HAL_DRIVER -DSTM32F446xx -c -I../Core/Inc -I../Drivers/STM32F4xx_HAL_Driver/Inc -I../Drivers/STM32F4xx_HAL_Driver/Inc/Legacy -I../Drivers/CMSIS/Device/ST/STM32F4xx/Include -I../Drivers/CMSIS/Include -I"H:/OpenECU/Code/VibrationMonitor_ECU/ThirdParty/FreeRTOS" -I"H:/OpenECU/Code/VibrationMonitor_ECU/ThirdParty/FreeRTOS/include" -I"H:/OpenECU/Code/VibrationMonitor_ECU/ThirdParty/FreeRTOS/portable/GCC/ARM_CM4F" -I"H:/OpenECU/Code/VibrationMonitor_ECU/ThirdParty/SEGGER/OS" -I"H:/OpenECU/Code/VibrationMonitor_ECU/ThirdParty/SEGGER/SEGGER" -I"H:/OpenECU/Code/VibrationMonitor_ECU/ThirdParty/SEGGER/Config" -I"H:/OpenECU/Code/VibrationMonitor_ECU/ThirdParty/SEGGER" -I"H:/OpenECU/Code/VibrationMonitor_ECU/Module" -I"H:/OpenECU/Code/VibrationMonitor_ECU/CMSIS_DSP/Include" -I"H:/OpenECU/Code/VibrationMonitor_ECU/CMSIS_DSP/PrivateInclude" -O0 -ffunction-sections -fdata-sections -Wall -fstack-usage -fcyclomatic-complexity -MMD -MP -MF"Module/systemMonitor.d" -MT"Module/systemMonitor.o" --specs=nano.specs -mfpu=fpv4-sp-d16 -mfloat-abi=hard -mthumb -o "Module/systemMonitor.o"
arm-none-eabi-gcc "../Module/vibration.c" -mcpu=cortex-m4 -std=gnu11 -g3 -DDEBUG -DUSE_HAL_DRIVER -DSTM32F446xx -c -I../Core/Inc -I../Drivers/STM32F4xx_HAL_Driver/Inc -I../Drivers/STM32F4xx_HAL_Driver/Inc/Legacy -I../Drivers/CMSIS/Device/ST/STM32F4xx/Include -I../Drivers/CMSIS/Include -I"H:/OpenECU/Code/VibrationMonitor_ECU/ThirdParty/FreeRTOS" -I"H:/OpenECU/Code/VibrationMonitor_ECU/ThirdParty/FreeRTOS/include" -I"H:/OpenECU/Code/VibrationMonitor_ECU/ThirdParty/FreeRTOS/portable/GCC/ARM_CM4F" -I"H:/OpenECU/Code/VibrationMonitor_ECU/ThirdParty/SEGGER/OS" -I"H:/OpenECU/Code/VibrationMonitor_ECU/ThirdParty/SEGGER/SEGGER" -I"H:/OpenECU/Code/VibrationMonitor_ECU/ThirdParty/SEGGER/Config" -I"H:/OpenECU/Code/VibrationMonitor_ECU/ThirdParty/SEGGER" -I"H:/OpenECU/Code/VibrationMonitor_ECU/Module" -I"H:/OpenECU/Code/VibrationMonitor_ECU/CMSIS_DSP/Include" -I"H:/OpenECU/Code/VibrationMonitor_ECU/CMSIS_DSP/PrivateInclude" -O0 -ffunction-sections -fdata-sections -Wall -fstack-usage -fcyclomatic-complexity -MMD -MP -MF"Module/vibration.d" -MT"Module/vibration.o" --specs=nano.specs -mfpu=fpv4-sp-d16 -mfloat-abi=hard -mthumb -o "Module/vibration.o"
arm-none-eabi-gcc "../Core/Src/main.c" -mcpu=cortex-m4 -std=gnu11 -g3 -DDEBUG -DUSE_HAL_DRIVER -DSTM32F446xx -c -I../Core/Inc -I../Drivers/STM32F4xx_HAL_Driver/Inc -I../Drivers/STM32F4xx_HAL_Driver/Inc/Legacy -I../Drivers/CMSIS/Device/ST/STM32F4xx/Include -I../Drivers/CMSIS/Include -I"H:/OpenECU/Code/VibrationMonitor_ECU/ThirdParty/FreeRTOS" -I"H:/OpenECU/Code/VibrationMonitor_ECU/ThirdParty/FreeRTOS/include" -I"H:/OpenECU/Code/VibrationMonitor_ECU/ThirdParty/FreeRTOS/portable/GCC/ARM_CM4F" -I"H:/OpenECU/Code/VibrationMonitor_ECU/ThirdParty/SEGGER/OS" -I"H:/OpenECU/Code/VibrationMonitor_ECU/ThirdParty/SEGGER/SEGGER" -I"H:/OpenECU/Code/VibrationMonitor_ECU/ThirdParty/SEGGER/Config" -I"H:/OpenECU/Code/VibrationMonitor_ECU/ThirdParty/SEGGER" -I"H:/OpenECU/Code/VibrationMonitor_ECU/Module" -I"H:/OpenECU/Code/VibrationMonitor_ECU/CMSIS_DSP/Include" -I"H:/OpenECU/Code/VibrationMonitor_ECU/CMSIS_DSP/PrivateInclude" -O0 -ffunction-sections -fdata-sections -Wall -fstack-usage -fcyclomatic-complexity -MMD -MP -MF"Core/Src/main.d" -MT"Core/Src/main.o" --specs=nano.specs -mfpu=fpv4-sp-d16 -mfloat-abi=hard -mthumb -o "Core/Src/main.o"
arm-none-eabi-gcc -o "VibrationMonitor_ECU.elf" @"objects.list"   -mcpu=cortex-m4 -T"H:\OpenECU\Code\VibrationMonitor_ECU\STM32F446RETX_FLASH.ld" --specs=nosys.specs -Wl,-Map="VibrationMonitor_ECU.map" -Wl,--gc-sections -static --specs=nano.specs -mfpu=fpv4-sp-d16 -mfloat-abi=hard -mthumb -u _printf_float -u _scanf_float -Wl,--start-group -lc -lm -Wl,--end-group
Finished building target: VibrationMonitor_ECU.elf
 
arm-none-eabi-size  VibrationMonitor_ECU.elf 
arm-none-eabi-objdump -h -S VibrationMonitor_ECU.elf  > "VibrationMonitor_ECU.list"
   text	   data	    bss	    dec	    hex	filename
 138904	    468	  89856	 229228	  37f6c	VibrationMonitor_ECU.elf
Finished building: default.size.stdout
 
Finished building: VibrationMonitor_ECU.list
 
01:32:10 **** Incremental Build of configuration Debug for project VibrationMonitor_ECU ****
make -j12 all 
arm-none-eabi-gcc "../ThirdParty/SEGGER/OS/SEGGER_SYSVIEW_FreeRTOS.c" -mcpu=cortex-m4 -std=gnu11 -g3 -DDEBUG -DUSE_HAL_DRIVER -DSTM32F446xx -c -I../Core/Inc -I../Drivers/STM32F4xx_HAL_Driver/Inc -I../Drivers/STM32F4xx_HAL_Driver/Inc/Legacy -I../Drivers/CMSIS/Device/ST/STM32F4xx/Include -I../Drivers/CMSIS/Include -I"H:/OpenECU/Code/VibrationMonitor_ECU/ThirdParty/FreeRTOS" -I"H:/OpenECU/Code/VibrationMonitor_ECU/ThirdParty/FreeRTOS/include" -I"H:/OpenECU/Code/VibrationMonitor_ECU/ThirdParty/FreeRTOS/portable/GCC/ARM_CM4F" -I"H:/OpenECU/Code/VibrationMonitor_ECU/ThirdParty/SEGGER/OS" -I"H:/OpenECU/Code/VibrationMonitor_ECU/ThirdParty/SEGGER/SEGGER" -I"H:/OpenECU/Code/VibrationMonitor_ECU/ThirdParty/SEGGER/Config" -I"H:/OpenECU/Code/VibrationMonitor_ECU/ThirdParty/SEGGER" -I"H:/OpenECU/Code/VibrationMonitor_ECU/Module" -I"H:/OpenECU/Code/VibrationMonitor_ECU/CMSIS_DSP/Include" -I"H:/OpenECU/Code/VibrationMonitor_ECU/CMSIS_DSP/PrivateInclude" -O0 -ffunction-sections -fdata-sections -Wall -fstack-usage -fcyclomatic-complexity -MMD -MP -MF"ThirdParty/SEGGER/OS/SEGGER_SYSVIEW_FreeRTOS.d" -MT"ThirdParty/SEGGER/OS/SEGGER_SYSVIEW_FreeRTOS.o" --specs=nano.specs -mfpu=fpv4-sp-d16 -mfloat-abi=hard -mthumb -o "ThirdParty/SEGGER/OS/SEGGER_SYSVIEW_FreeRTOS.o"
arm-none-eabi-gcc "../ThirdParty/SEGGER/Config/SEGGER_SYSVIEW_Config_FreeRTOS.c" -mcpu=cortex-m4 -std=gnu11 -g3 -DDEBUG -DUSE_HAL_DRIVER -DSTM32F446xx -c -I../Core/Inc -I../Drivers/STM32F4xx_HAL_Driver/Inc -I../Drivers/STM32F4xx_HAL_Driver/Inc/Legacy -I../Drivers/CMSIS/Device/ST/STM32F4xx/Include -I../Drivers/CMSIS/Include -I"H:/OpenECU/Code/VibrationMonitor_ECU/ThirdParty/FreeRTOS" -I"H:/OpenECU/Code/VibrationMonitor_ECU/ThirdParty/FreeRTOS/include" -I"H:/OpenECU/Code/VibrationMonitor_ECU/ThirdParty/FreeRTOS/portable/GCC/ARM_CM4F" -I"H:/OpenECU/Code/VibrationMonitor_ECU/ThirdParty/SEGGER/OS" -I"H:/OpenECU/Code/VibrationMonitor_ECU/ThirdParty/SEGGER/SEGGER" -I"H:/OpenECU/Code/VibrationMonitor_ECU/ThirdParty/SEGGER/Config" -I"H:/OpenECU/Code/VibrationMonitor_ECU/ThirdParty/SEGGER" -I"H:/OpenECU/Code/VibrationMonitor_ECU/Module" -I"H:/OpenECU/Code/VibrationMonitor_ECU/CMSIS_DSP/Include" -I"H:/OpenECU/Code/VibrationMonitor_ECU/CMSIS_DSP/PrivateInclude" -O0 -ffunction-sections -fdata-sections -Wall -fstack-usage -fcyclomatic-complexity -MMD -MP -MF"ThirdParty/SEGGER/Config/SEGGER_SYSVIEW_Config_FreeRTOS.d" -MT"ThirdParty/SEGGER/Config/SEGGER_SYSVIEW_Config_FreeRTOS.o" --specs=nano.specs -mfpu=fpv4-sp-d16 -mfloat-abi=hard -mthumb -o "ThirdParty/SEGGER/Config/SEGGER_SYSVIEW_Config_FreeRTOS.o"
arm-none-eabi-gcc "../ThirdParty/FreeRTOS/portable/MemMang/heap_4.c" -mcpu=cortex-m4 -std=gnu11 -g3 -DDEBUG -DUSE_HAL_DRIVER -DSTM32F446xx -c -I../Core/Inc -I../Drivers/STM32F4xx_HAL_Driver/Inc -I../Drivers/STM32F4xx_HAL_Driver/Inc/Legacy -I../Drivers/CMSIS/Device/ST/STM32F4xx/Include -I../Drivers/CMSIS/Include -I"H:/OpenECU/Code/VibrationMonitor_ECU/ThirdParty/FreeRTOS" -I"H:/OpenECU/Code/VibrationMonitor_ECU/ThirdParty/FreeRTOS/include" -I"H:/OpenECU/Code/VibrationMonitor_ECU/ThirdParty/FreeRTOS/portable/GCC/ARM_CM4F" -I"H:/OpenECU/Code/VibrationMonitor_ECU/ThirdParty/SEGGER/OS" -I"H:/OpenECU/Code/VibrationMonitor_ECU/ThirdParty/SEGGER/SEGGER" -I"H:/OpenECU/Code/VibrationMonitor_ECU/ThirdParty/SEGGER/Config" -I"H:/OpenECU/Code/VibrationMonitor_ECU/ThirdParty/SEGGER" -I"H:/OpenECU/Code/VibrationMonitor_ECU/Module" -I"H:/OpenECU/Code/VibrationMonitor_ECU/CMSIS_DSP/Include" -I"H:/OpenECU/Code/VibrationMonitor_ECU/CMSIS_DSP/PrivateInclude" -O0 -ffunction-sections -fdata-sections -Wall -fstack-usage -fcyclomatic-complexity -MMD -MP -MF"ThirdParty/FreeRTOS/portable/MemMang/heap_4.d" -MT"ThirdParty/FreeRTOS/portable/MemMang/heap_4.o" --specs=nano.specs -mfpu=fpv4-sp-d16 -mfloat-abi=hard -mthumb -o "ThirdParty/FreeRTOS/portable/MemMang/heap_4.o"
arm-none-eabi-gcc "../ThirdParty/FreeRTOS/portable/GCC/ARM_CM4F/port.c" -mcpu=cortex-m4 -std=gnu11 -g3 -DDEBUG -DUSE_HAL_DRIVER -DSTM32F446xx -c -I../Core/Inc -I../Drivers/STM32F4xx_HAL_Driver/Inc -I../Drivers/STM32F4xx_HAL_Driver/Inc/Legacy -I../Drivers/CMSIS/Device/ST/STM32F4xx/Include -I../Drivers/CMSIS/Include -I"H:/OpenECU/Code/VibrationMonitor_ECU/ThirdParty/FreeRTOS" -I"H:/OpenECU/Code/VibrationMonitor_ECU/ThirdParty/FreeRTOS/include" -I"H:/OpenECU/Code/VibrationMonitor_ECU/ThirdParty/FreeRTOS/portable/GCC/ARM_CM4F" -I"H:/OpenECU/Code/VibrationMonitor_ECU/ThirdParty/SEGGER/OS" -I"H:/OpenECU/Code/VibrationMonitor_ECU/ThirdParty/SEGGER/SEGGER" -I"H:/OpenECU/Code/VibrationMonitor_ECU/ThirdParty/SEGGER/Config" -I"H:/OpenECU/Code/VibrationMonitor_ECU/ThirdParty/SEGGER" -I"H:/OpenECU/Code/VibrationMonitor_ECU/Module" -I"H:/OpenECU/Code/VibrationMonitor_ECU/CMSIS_DSP/Include" -I"H:/OpenECU/Code/VibrationMonitor_ECU/CMSIS_DSP/PrivateInclude" -O0 -ffunction-sections -fdata-sections -Wall -fstack-usage -fcyclomatic-complexity -MMD -MP -MF"ThirdParty/FreeRTOS/portable/GCC/ARM_CM4F/port.d" -MT"ThirdParty/FreeRTOS/portable/GCC/ARM_CM4F/port.o" --specs=nano.specs -mfpu=fpv4-sp-d16 -mfloat-abi=hard -mthumb -o "ThirdParty/FreeRTOS/portable/GCC/ARM_CM4F/port.o"
arm-none-eabi-gcc "../ThirdParty/FreeRTOS/croutine.c" -mcpu=cortex-m4 -std=gnu11 -g3 -DDEBUG -DUSE_HAL_DRIVER -DSTM32F446xx -c -I../Core/Inc -I../Drivers/STM32F4xx_HAL_Driver/Inc -I../Drivers/STM32F4xx_HAL_Driver/Inc/Legacy -I../Drivers/CMSIS/Device/ST/STM32F4xx/Include -I../Drivers/CMSIS/Include -I"H:/OpenECU/Code/VibrationMonitor_ECU/ThirdParty/FreeRTOS" -I"H:/OpenECU/Code/VibrationMonitor_ECU/ThirdParty/FreeRTOS/include" -I"H:/OpenECU/Code/VibrationMonitor_ECU/ThirdParty/FreeRTOS/portable/GCC/ARM_CM4F" -I"H:/OpenECU/Code/VibrationMonitor_ECU/ThirdParty/SEGGER/OS" -I"H:/OpenECU/Code/VibrationMonitor_ECU/ThirdParty/SEGGER/SEGGER" -I"H:/OpenECU/Code/VibrationMonitor_ECU/ThirdParty/SEGGER/Config" -I"H:/OpenECU/Code/VibrationMonitor_ECU/ThirdParty/SEGGER" -I"H:/OpenECU/Code/VibrationMonitor_ECU/Module" -I"H:/OpenECU/Code/VibrationMonitor_ECU/CMSIS_DSP/Include" -I"H:/OpenECU/Code/VibrationMonitor_ECU/CMSIS_DSP/PrivateInclude" -O0 -ffunction-sections -fdata-sections -Wall -fstack-usage -fcyclomatic-complexity -MMD -MP -MF"ThirdParty/FreeRTOS/croutine.d" -MT"ThirdParty/FreeRTOS/croutine.o" --specs=nano.specs -mfpu=fpv4-sp-d16 -mfloat-abi=hard -mthumb -o "ThirdParty/FreeRTOS/croutine.o"
arm-none-eabi-gcc "../ThirdParty/FreeRTOS/event_groups.c" -mcpu=cortex-m4 -std=gnu11 -g3 -DDEBUG -DUSE_HAL_DRIVER -DSTM32F446xx -c -I../Core/Inc -I../Drivers/STM32F4xx_HAL_Driver/Inc -I../Drivers/STM32F4xx_HAL_Driver/Inc/Legacy -I../Drivers/CMSIS/Device/ST/STM32F4xx/Include -I../Drivers/CMSIS/Include -I"H:/OpenECU/Code/VibrationMonitor_ECU/ThirdParty/FreeRTOS" -I"H:/OpenECU/Code/VibrationMonitor_ECU/ThirdParty/FreeRTOS/include" -I"H:/OpenECU/Code/VibrationMonitor_ECU/ThirdParty/FreeRTOS/portable/GCC/ARM_CM4F" -I"H:/OpenECU/Code/VibrationMonitor_ECU/ThirdParty/SEGGER/OS" -I"H:/OpenECU/Code/VibrationMonitor_ECU/ThirdParty/SEGGER/SEGGER" -I"H:/OpenECU/Code/VibrationMonitor_ECU/ThirdParty/SEGGER/Config" -I"H:/OpenECU/Code/VibrationMonitor_ECU/ThirdParty/SEGGER" -I"H:/OpenECU/Code/VibrationMonitor_ECU/Module" -I"H:/OpenECU/Code/VibrationMonitor_ECU/CMSIS_DSP/Include" -I"H:/OpenECU/Code/VibrationMonitor_ECU/CMSIS_DSP/PrivateInclude" -O0 -ffunction-sections -fdata-sections -Wall -fstack-usage -fcyclomatic-complexity -MMD -MP -MF"ThirdParty/FreeRTOS/event_groups.d" -MT"ThirdParty/FreeRTOS/event_groups.o" --specs=nano.specs -mfpu=fpv4-sp-d16 -mfloat-abi=hard -mthumb -o "ThirdParty/FreeRTOS/event_groups.o"
arm-none-eabi-gcc "../ThirdParty/FreeRTOS/list.c" -mcpu=cortex-m4 -std=gnu11 -g3 -DDEBUG -DUSE_HAL_DRIVER -DSTM32F446xx -c -I../Core/Inc -I../Drivers/STM32F4xx_HAL_Driver/Inc -I../Drivers/STM32F4xx_HAL_Driver/Inc/Legacy -I../Drivers/CMSIS/Device/ST/STM32F4xx/Include -I../Drivers/CMSIS/Include -I"H:/OpenECU/Code/VibrationMonitor_ECU/ThirdParty/FreeRTOS" -I"H:/OpenECU/Code/VibrationMonitor_ECU/ThirdParty/FreeRTOS/include" -I"H:/OpenECU/Code/VibrationMonitor_ECU/ThirdParty/FreeRTOS/portable/GCC/ARM_CM4F" -I"H:/OpenECU/Code/VibrationMonitor_ECU/ThirdParty/SEGGER/OS" -I"H:/OpenECU/Code/VibrationMonitor_ECU/ThirdParty/SEGGER/SEGGER" -I"H:/OpenECU/Code/VibrationMonitor_ECU/ThirdParty/SEGGER/Config" -I"H:/OpenECU/Code/VibrationMonitor_ECU/ThirdParty/SEGGER" -I"H:/OpenECU/Code/VibrationMonitor_ECU/Module" -I"H:/OpenECU/Code/VibrationMonitor_ECU/CMSIS_DSP/Include" -I"H:/OpenECU/Code/VibrationMonitor_ECU/CMSIS_DSP/PrivateInclude" -O0 -ffunction-sections -fdata-sections -Wall -fstack-usage -fcyclomatic-complexity -MMD -MP -MF"ThirdParty/FreeRTOS/list.d" -MT"ThirdParty/FreeRTOS/list.o" --specs=nano.specs -mfpu=fpv4-sp-d16 -mfloat-abi=hard -mthumb -o "ThirdParty/FreeRTOS/list.o"
arm-none-eabi-gcc "../ThirdParty/FreeRTOS/queue.c" -mcpu=cortex-m4 -std=gnu11 -g3 -DDEBUG -DUSE_HAL_DRIVER -DSTM32F446xx -c -I../Core/Inc -I../Drivers/STM32F4xx_HAL_Driver/Inc -I../Drivers/STM32F4xx_HAL_Driver/Inc/Legacy -I../Drivers/CMSIS/Device/ST/STM32F4xx/Include -I../Drivers/CMSIS/Include -I"H:/OpenECU/Code/VibrationMonitor_ECU/ThirdParty/FreeRTOS" -I"H:/OpenECU/Code/VibrationMonitor_ECU/ThirdParty/FreeRTOS/include" -I"H:/OpenECU/Code/VibrationMonitor_ECU/ThirdParty/FreeRTOS/portable/GCC/ARM_CM4F" -I"H:/OpenECU/Code/VibrationMonitor_ECU/ThirdParty/SEGGER/OS" -I"H:/OpenECU/Code/VibrationMonitor_ECU/ThirdParty/SEGGER/SEGGER" -I"H:/OpenECU/Code/VibrationMonitor_ECU/ThirdParty/SEGGER/Config" -I"H:/OpenECU/Code/VibrationMonitor_ECU/ThirdParty/SEGGER" -I"H:/OpenECU/Code/VibrationMonitor_ECU/Module" -I"H:/OpenECU/Code/VibrationMonitor_ECU/CMSIS_DSP/Include" -I"H:/OpenECU/Code/VibrationMonitor_ECU/CMSIS_DSP/PrivateInclude" -O0 -ffunction-sections -fdata-sections -Wall -fstack-usage -fcyclomatic-complexity -MMD -MP -MF"ThirdParty/FreeRTOS/queue.d" -MT"ThirdParty/FreeRTOS/queue.o" --specs=nano.specs -mfpu=fpv4-sp-d16 -mfloat-abi=hard -mthumb -o "ThirdParty/FreeRTOS/queue.o"
arm-none-eabi-gcc "../ThirdParty/FreeRTOS/stream_buffer.c" -mcpu=cortex-m4 -std=gnu11 -g3 -DDEBUG -DUSE_HAL_DRIVER -DSTM32F446xx -c -I../Core/Inc -I../Drivers/STM32F4xx_HAL_Driver/Inc -I../Drivers/STM32F4xx_HAL_Driver/Inc/Legacy -I../Drivers/CMSIS/Device/ST/STM32F4xx/Include -I../Drivers/CMSIS/Include -I"H:/OpenECU/Code/VibrationMonitor_ECU/ThirdParty/FreeRTOS" -I"H:/OpenECU/Code/VibrationMonitor_ECU/ThirdParty/FreeRTOS/include" -I"H:/OpenECU/Code/VibrationMonitor_ECU/ThirdParty/FreeRTOS/portable/GCC/ARM_CM4F" -I"H:/OpenECU/Code/VibrationMonitor_ECU/ThirdParty/SEGGER/OS" -I"H:/OpenECU/Code/VibrationMonitor_ECU/ThirdParty/SEGGER/SEGGER" -I"H:/OpenECU/Code/VibrationMonitor_ECU/ThirdParty/SEGGER/Config" -I"H:/OpenECU/Code/VibrationMonitor_ECU/ThirdParty/SEGGER" -I"H:/OpenECU/Code/VibrationMonitor_ECU/Module" -I"H:/OpenECU/Code/VibrationMonitor_ECU/CMSIS_DSP/Include" -I"H:/OpenECU/Code/VibrationMonitor_ECU/CMSIS_DSP/PrivateInclude" -O0 -ffunction-sections -fdata-sections -Wall -fstack-usage -fcyclomatic-complexity -MMD -MP -MF"ThirdParty/FreeRTOS/stream_buffer.d" -MT"ThirdParty/FreeRTOS/stream_buffer.o" --specs=nano.specs -mfpu=fpv4-sp-d16 -mfloat-abi=hard -mthumb -o "ThirdParty/FreeRTOS/stream_buffer.o"
arm-none-eabi-gcc "../ThirdParty/FreeRTOS/tasks.c" -mcpu=cortex-m4 -std=gnu11 -g3 -DDEBUG -DUSE_HAL_DRIVER -DSTM32F446xx -c -I../Core/Inc -I../Drivers/STM32F4xx_HAL_Driver/Inc -I../Drivers/STM32F4xx_HAL_Driver/Inc/Legacy -I../Drivers/CMSIS/Device/ST/STM32F4xx/Include -I../Drivers/CMSIS/Include -I"H:/OpenECU/Code/VibrationMonitor_ECU/ThirdParty/FreeRTOS" -I"H:/OpenECU/Code/VibrationMonitor_ECU/ThirdParty/FreeRTOS/include" -I"H:/OpenECU/Code/VibrationMonitor_ECU/ThirdParty/FreeRTOS/portable/GCC/ARM_CM4F" -I"H:/OpenECU/Code/VibrationMonitor_ECU/ThirdParty/SEGGER/OS" -I"H:/OpenECU/Code/VibrationMonitor_ECU/ThirdParty/SEGGER/SEGGER" -I"H:/OpenECU/Code/VibrationMonitor_ECU/ThirdParty/SEGGER/Config" -I"H:/OpenECU/Code/VibrationMonitor_ECU/ThirdParty/SEGGER" -I"H:/OpenECU/Code/VibrationMonitor_ECU/Module" -I"H:/OpenECU/Code/VibrationMonitor_ECU/CMSIS_DSP/Include" -I"H:/OpenECU/Code/VibrationMonitor_ECU/CMSIS_DSP/PrivateInclude" -O0 -ffunction-sections -fdata-sections -Wall -fstack-usage -fcyclomatic-complexity -MMD -MP -MF"ThirdParty/FreeRTOS/tasks.d" -MT"ThirdParty/FreeRTOS/tasks.o" --specs=nano.specs -mfpu=fpv4-sp-d16 -mfloat-abi=hard -mthumb -o "ThirdParty/FreeRTOS/tasks.o"
arm-none-eabi-gcc "../ThirdParty/FreeRTOS/timers.c" -mcpu=cortex-m4 -std=gnu11 -g3 -DDEBUG -DUSE_HAL_DRIVER -DSTM32F446xx -c -I../Core/Inc -I../Drivers/STM32F4xx_HAL_Driver/Inc -I../Drivers/STM32F4xx_HAL_Driver/Inc/Legacy -I../Drivers/CMSIS/Device/ST/STM32F4xx/Include -I../Drivers/CMSIS/Include -I"H:/OpenECU/Code/VibrationMonitor_ECU/ThirdParty/FreeRTOS" -I"H:/OpenECU/Code/VibrationMonitor_ECU/ThirdParty/FreeRTOS/include" -I"H:/OpenECU/Code/VibrationMonitor_ECU/ThirdParty/FreeRTOS/portable/GCC/ARM_CM4F" -I"H:/OpenECU/Code/VibrationMonitor_ECU/ThirdParty/SEGGER/OS" -I"H:/OpenECU/Code/VibrationMonitor_ECU/ThirdParty/SEGGER/SEGGER" -I"H:/OpenECU/Code/VibrationMonitor_ECU/ThirdParty/SEGGER/Config" -I"H:/OpenECU/Code/VibrationMonitor_ECU/ThirdParty/SEGGER" -I"H:/OpenECU/Code/VibrationMonitor_ECU/Module" -I"H:/OpenECU/Code/VibrationMonitor_ECU/CMSIS_DSP/Include" -I"H:/OpenECU/Code/VibrationMonitor_ECU/CMSIS_DSP/PrivateInclude" -O0 -ffunction-sections -fdata-sections -Wall -fstack-usage -fcyclomatic-complexity -MMD -MP -MF"ThirdParty/FreeRTOS/timers.d" -MT"ThirdParty/FreeRTOS/timers.o" --specs=nano.specs -mfpu=fpv4-sp-d16 -mfloat-abi=hard -mthumb -o "ThirdParty/FreeRTOS/timers.o"
arm-none-eabi-gcc "../Module/can.c" -mcpu=cortex-m4 -std=gnu11 -g3 -DDEBUG -DUSE_HAL_DRIVER -DSTM32F446xx -c -I../Core/Inc -I../Drivers/STM32F4xx_HAL_Driver/Inc -I../Drivers/STM32F4xx_HAL_Driver/Inc/Legacy -I../Drivers/CMSIS/Device/ST/STM32F4xx/Include -I../Drivers/CMSIS/Include -I"H:/OpenECU/Code/VibrationMonitor_ECU/ThirdParty/FreeRTOS" -I"H:/OpenECU/Code/VibrationMonitor_ECU/ThirdParty/FreeRTOS/include" -I"H:/OpenECU/Code/VibrationMonitor_ECU/ThirdParty/FreeRTOS/portable/GCC/ARM_CM4F" -I"H:/OpenECU/Code/VibrationMonitor_ECU/ThirdParty/SEGGER/OS" -I"H:/OpenECU/Code/VibrationMonitor_ECU/ThirdParty/SEGGER/SEGGER" -I"H:/OpenECU/Code/VibrationMonitor_ECU/ThirdParty/SEGGER/Config" -I"H:/OpenECU/Code/VibrationMonitor_ECU/ThirdParty/SEGGER" -I"H:/OpenECU/Code/VibrationMonitor_ECU/Module" -I"H:/OpenECU/Code/VibrationMonitor_ECU/CMSIS_DSP/Include" -I"H:/OpenECU/Code/VibrationMonitor_ECU/CMSIS_DSP/PrivateInclude" -O0 -ffunction-sections -fdata-sections -Wall -fstack-usage -fcyclomatic-complexity -MMD -MP -MF"Module/can.d" -MT"Module/can.o" --specs=nano.specs -mfpu=fpv4-sp-d16 -mfloat-abi=hard -mthumb -o "Module/can.o"
arm-none-eabi-gcc "../Module/hallEffect_a3144.c" -mcpu=cortex-m4 -std=gnu11 -g3 -DDEBUG -DUSE_HAL_DRIVER -DSTM32F446xx -c -I../Core/Inc -I../Drivers/STM32F4xx_HAL_Driver/Inc -I../Drivers/STM32F4xx_HAL_Driver/Inc/Legacy -I../Drivers/CMSIS/Device/ST/STM32F4xx/Include -I../Drivers/CMSIS/Include -I"H:/OpenECU/Code/VibrationMonitor_ECU/ThirdParty/FreeRTOS" -I"H:/OpenECU/Code/VibrationMonitor_ECU/ThirdParty/FreeRTOS/include" -I"H:/OpenECU/Code/VibrationMonitor_ECU/ThirdParty/FreeRTOS/portable/GCC/ARM_CM4F" -I"H:/OpenECU/Code/VibrationMonitor_ECU/ThirdParty/SEGGER/OS" -I"H:/OpenECU/Code/VibrationMonitor_ECU/ThirdParty/SEGGER/SEGGER" -I"H:/OpenECU/Code/VibrationMonitor_ECU/ThirdParty/SEGGER/Config" -I"H:/OpenECU/Code/VibrationMonitor_ECU/ThirdParty/SEGGER" -I"H:/OpenECU/Code/VibrationMonitor_ECU/Module" -I"H:/OpenECU/Code/VibrationMonitor_ECU/CMSIS_DSP/Include" -I"H:/OpenECU/Code/VibrationMonitor_ECU/CMSIS_DSP/PrivateInclude" -O0 -ffunction-sections -fdata-sections -Wall -fstack-usage -fcyclomatic-complexity -MMD -MP -MF"Module/hallEffect_a3144.d" -MT"Module/hallEffect_a3144.o" --specs=nano.specs -mfpu=fpv4-sp-d16 -mfloat-abi=hard -mthumb -o "Module/hallEffect_a3144.o"
arm-none-eabi-gcc "../Module/iwdg.c" -mcpu=cortex-m4 -std=gnu11 -g3 -DDEBUG -DUSE_HAL_DRIVER -DSTM32F446xx -c -I../Core/Inc -I../Drivers/STM32F4xx_HAL_Driver/Inc -I../Drivers/STM32F4xx_HAL_Driver/Inc/Legacy -I../Drivers/CMSIS/Device/ST/STM32F4xx/Include -I../Drivers/CMSIS/Include -I"H:/OpenECU/Code/VibrationMonitor_ECU/ThirdParty/FreeRTOS" -I"H:/OpenECU/Code/VibrationMonitor_ECU/ThirdParty/FreeRTOS/include" -I"H:/OpenECU/Code/VibrationMonitor_ECU/ThirdParty/FreeRTOS/portable/GCC/ARM_CM4F" -I"H:/OpenECU/Code/VibrationMonitor_ECU/ThirdParty/SEGGER/OS" -I"H:/OpenECU/Code/VibrationMonitor_ECU/ThirdParty/SEGGER/SEGGER" -I"H:/OpenECU/Code/VibrationMonitor_ECU/ThirdParty/SEGGER/Config" -I"H:/OpenECU/Code/VibrationMonitor_ECU/ThirdParty/SEGGER" -I"H:/OpenECU/Code/VibrationMonitor_ECU/Module" -I"H:/OpenECU/Code/VibrationMonitor_ECU/CMSIS_DSP/Include" -I"H:/OpenECU/Code/VibrationMonitor_ECU/CMSIS_DSP/PrivateInclude" -O0 -ffunction-sections -fdata-sections -Wall -fstack-usage -fcyclomatic-complexity -MMD -MP -MF"Module/iwdg.d" -MT"Module/iwdg.o" --specs=nano.specs -mfpu=fpv4-sp-d16 -mfloat-abi=hard -mthumb -o "Module/iwdg.o"
arm-none-eabi-gcc "../Module/systemMonitor.c" -mcpu=cortex-m4 -std=gnu11 -g3 -DDEBUG -DUSE_HAL_DRIVER -DSTM32F446xx -c -I../Core/Inc -I../Drivers/STM32F4xx_HAL_Driver/Inc -I../Drivers/STM32F4xx_HAL_Driver/Inc/Legacy -I../Drivers/CMSIS/Device/ST/STM32F4xx/Include -I../Drivers/CMSIS/Include -I"H:/OpenECU/Code/VibrationMonitor_ECU/ThirdParty/FreeRTOS" -I"H:/OpenECU/Code/VibrationMonitor_ECU/ThirdParty/FreeRTOS/include" -I"H:/OpenECU/Code/VibrationMonitor_ECU/ThirdParty/FreeRTOS/portable/GCC/ARM_CM4F" -I"H:/OpenECU/Code/VibrationMonitor_ECU/ThirdParty/SEGGER/OS" -I"H:/OpenECU/Code/VibrationMonitor_ECU/ThirdParty/SEGGER/SEGGER" -I"H:/OpenECU/Code/VibrationMonitor_ECU/ThirdParty/SEGGER/Config" -I"H:/OpenECU/Code/VibrationMonitor_ECU/ThirdParty/SEGGER" -I"H:/OpenECU/Code/VibrationMonitor_ECU/Module" -I"H:/OpenECU/Code/VibrationMonitor_ECU/CMSIS_DSP/Include" -I"H:/OpenECU/Code/VibrationMonitor_ECU/CMSIS_DSP/PrivateInclude" -O0 -ffunction-sections -fdata-sections -Wall -fstack-usage -fcyclomatic-complexity -MMD -MP -MF"Module/systemMonitor.d" -MT"Module/systemMonitor.o" --specs=nano.specs -mfpu=fpv4-sp-d16 -mfloat-abi=hard -mthumb -o "Module/systemMonitor.o"
arm-none-eabi-gcc "../Module/vibration.c" -mcpu=cortex-m4 -std=gnu11 -g3 -DDEBUG -DUSE_HAL_DRIVER -DSTM32F446xx -c -I../Core/Inc -I../Drivers/STM32F4xx_HAL_Driver/Inc -I../Drivers/STM32F4xx_HAL_Driver/Inc/Legacy -I../Drivers/CMSIS/Device/ST/STM32F4xx/Include -I../Drivers/CMSIS/Include -I"H:/OpenECU/Code/VibrationMonitor_ECU/ThirdParty/FreeRTOS" -I"H:/OpenECU/Code/VibrationMonitor_ECU/ThirdParty/FreeRTOS/include" -I"H:/OpenECU/Code/VibrationMonitor_ECU/ThirdParty/FreeRTOS/portable/GCC/ARM_CM4F" -I"H:/OpenECU/Code/VibrationMonitor_ECU/ThirdParty/SEGGER/OS" -I"H:/OpenECU/Code/VibrationMonitor_ECU/ThirdParty/SEGGER/SEGGER" -I"H:/OpenECU/Code/VibrationMonitor_ECU/ThirdParty/SEGGER/Config" -I"H:/OpenECU/Code/VibrationMonitor_ECU/ThirdParty/SEGGER" -I"H:/OpenECU/Code/VibrationMonitor_ECU/Module" -I"H:/OpenECU/Code/VibrationMonitor_ECU/CMSIS_DSP/Include" -I"H:/OpenECU/Code/VibrationMonitor_ECU/CMSIS_DSP/PrivateInclude" -O0 -ffunction-sections -fdata-sections -Wall -fstack-usage -fcyclomatic-complexity -MMD -MP -MF"Module/vibration.d" -MT"Module/vibration.o" --specs=nano.specs -mfpu=fpv4-sp-d16 -mfloat-abi=hard -mthumb -o "Module/vibration.o"
arm-none-eabi-gcc "../Core/Src/main.c" -mcpu=cortex-m4 -std=gnu11 -g3 -DDEBUG -DUSE_HAL_DRIVER -DSTM32F446xx -c -I../Core/Inc -I../Drivers/STM32F4xx_HAL_Driver/Inc -I../Drivers/STM32F4xx_HAL_Driver/Inc/Legacy -I../Drivers/CMSIS/Device/ST/STM32F4xx/Include -I../Drivers/CMSIS/Include -I"H:/OpenECU/Code/VibrationMonitor_ECU/ThirdParty/FreeRTOS" -I"H:/OpenECU/Code/VibrationMonitor_ECU/ThirdParty/FreeRTOS/include" -I"H:/OpenECU/Code/VibrationMonitor_ECU/ThirdParty/FreeRTOS/portable/GCC/ARM_CM4F" -I"H:/OpenECU/Code/VibrationMonitor_ECU/ThirdParty/SEGGER/OS" -I"H:/OpenECU/Code/VibrationMonitor_ECU/ThirdParty/SEGGER/SEGGER" -I"H:/OpenECU/Code/VibrationMonitor_ECU/ThirdParty/SEGGER/Config" -I"H:/OpenECU/Code/VibrationMonitor_ECU/ThirdParty/SEGGER" -I"H:/OpenECU/Code/VibrationMonitor_ECU/Module" -I"H:/OpenECU/Code/VibrationMonitor_ECU/CMSIS_DSP/Include" -I"H:/OpenECU/Code/VibrationMonitor_ECU/CMSIS_DSP/PrivateInclude" -O0 -ffunction-sections -fdata-sections -Wall -fstack-usage -fcyclomatic-complexity -MMD -MP -MF"Core/Src/main.d" -MT"Core/Src/main.o" --specs=nano.specs -mfpu=fpv4-sp-d16 -mfloat-abi=hard -mthumb -o "Core/Src/main.o"
arm-none-eabi-gcc -o "VibrationMonitor_ECU.elf" @"objects.list"   -mcpu=cortex-m4 -T"H:\OpenECU\Code\VibrationMonitor_ECU\STM32F446RETX_FLASH.ld" --specs=nosys.specs -Wl,-Map="VibrationMonitor_ECU.map" -Wl,--gc-sections -static --specs=nano.specs -mfpu=fpv4-sp-d16 -mfloat-abi=hard -mthumb -u _printf_float -u _scanf_float -Wl,--start-group -lc -lm -Wl,--end-group
Finished building target: VibrationMonitor_ECU.elf
 
arm-none-eabi-size  VibrationMonitor_ECU.elf 
arm-none-eabi-objdump -h -S VibrationMonitor_ECU.elf  > "VibrationMonitor_ECU.list"
   text	   data	    bss	    dec	    hex	filename
 138904	    468	  89856	 229228	  37f6c	VibrationMonitor_ECU.elf
Finished building: default.size.stdout
 
Finished building: VibrationMonitor_ECU.list
 
01:34:12 **** Incremental Build of configuration Debug for project VibrationMonitor_ECU ****
make -j12 all 
arm-none-eabi-gcc "../ThirdParty/SEGGER/OS/SEGGER_SYSVIEW_FreeRTOS.c" -mcpu=cortex-m4 -std=gnu11 -g3 -DDEBUG -DUSE_HAL_DRIVER -DSTM32F446xx -c -I../Core/Inc -I../Drivers/STM32F4xx_HAL_Driver/Inc -I../Drivers/STM32F4xx_HAL_Driver/Inc/Legacy -I../Drivers/CMSIS/Device/ST/STM32F4xx/Include -I../Drivers/CMSIS/Include -I"H:/OpenECU/Code/VibrationMonitor_ECU/ThirdParty/FreeRTOS" -I"H:/OpenECU/Code/VibrationMonitor_ECU/ThirdParty/FreeRTOS/include" -I"H:/OpenECU/Code/VibrationMonitor_ECU/ThirdParty/FreeRTOS/portable/GCC/ARM_CM4F" -I"H:/OpenECU/Code/VibrationMonitor_ECU/ThirdParty/SEGGER/OS" -I"H:/OpenECU/Code/VibrationMonitor_ECU/ThirdParty/SEGGER/SEGGER" -I"H:/OpenECU/Code/VibrationMonitor_ECU/ThirdParty/SEGGER/Config" -I"H:/OpenECU/Code/VibrationMonitor_ECU/ThirdParty/SEGGER" -I"H:/OpenECU/Code/VibrationMonitor_ECU/Module" -I"H:/OpenECU/Code/VibrationMonitor_ECU/CMSIS_DSP/Include" -I"H:/OpenECU/Code/VibrationMonitor_ECU/CMSIS_DSP/PrivateInclude" -O0 -ffunction-sections -fdata-sections -Wall -fstack-usage -fcyclomatic-complexity -MMD -MP -MF"ThirdParty/SEGGER/OS/SEGGER_SYSVIEW_FreeRTOS.d" -MT"ThirdParty/SEGGER/OS/SEGGER_SYSVIEW_FreeRTOS.o" --specs=nano.specs -mfpu=fpv4-sp-d16 -mfloat-abi=hard -mthumb -o "ThirdParty/SEGGER/OS/SEGGER_SYSVIEW_FreeRTOS.o"
arm-none-eabi-gcc "../ThirdParty/SEGGER/Config/SEGGER_SYSVIEW_Config_FreeRTOS.c" -mcpu=cortex-m4 -std=gnu11 -g3 -DDEBUG -DUSE_HAL_DRIVER -DSTM32F446xx -c -I../Core/Inc -I../Drivers/STM32F4xx_HAL_Driver/Inc -I../Drivers/STM32F4xx_HAL_Driver/Inc/Legacy -I../Drivers/CMSIS/Device/ST/STM32F4xx/Include -I../Drivers/CMSIS/Include -I"H:/OpenECU/Code/VibrationMonitor_ECU/ThirdParty/FreeRTOS" -I"H:/OpenECU/Code/VibrationMonitor_ECU/ThirdParty/FreeRTOS/include" -I"H:/OpenECU/Code/VibrationMonitor_ECU/ThirdParty/FreeRTOS/portable/GCC/ARM_CM4F" -I"H:/OpenECU/Code/VibrationMonitor_ECU/ThirdParty/SEGGER/OS" -I"H:/OpenECU/Code/VibrationMonitor_ECU/ThirdParty/SEGGER/SEGGER" -I"H:/OpenECU/Code/VibrationMonitor_ECU/ThirdParty/SEGGER/Config" -I"H:/OpenECU/Code/VibrationMonitor_ECU/ThirdParty/SEGGER" -I"H:/OpenECU/Code/VibrationMonitor_ECU/Module" -I"H:/OpenECU/Code/VibrationMonitor_ECU/CMSIS_DSP/Include" -I"H:/OpenECU/Code/VibrationMonitor_ECU/CMSIS_DSP/PrivateInclude" -O0 -ffunction-sections -fdata-sections -Wall -fstack-usage -fcyclomatic-complexity -MMD -MP -MF"ThirdParty/SEGGER/Config/SEGGER_SYSVIEW_Config_FreeRTOS.d" -MT"ThirdParty/SEGGER/Config/SEGGER_SYSVIEW_Config_FreeRTOS.o" --specs=nano.specs -mfpu=fpv4-sp-d16 -mfloat-abi=hard -mthumb -o "ThirdParty/SEGGER/Config/SEGGER_SYSVIEW_Config_FreeRTOS.o"
arm-none-eabi-gcc "../ThirdParty/FreeRTOS/portable/MemMang/heap_4.c" -mcpu=cortex-m4 -std=gnu11 -g3 -DDEBUG -DUSE_HAL_DRIVER -DSTM32F446xx -c -I../Core/Inc -I../Drivers/STM32F4xx_HAL_Driver/Inc -I../Drivers/STM32F4xx_HAL_Driver/Inc/Legacy -I../Drivers/CMSIS/Device/ST/STM32F4xx/Include -I../Drivers/CMSIS/Include -I"H:/OpenECU/Code/VibrationMonitor_ECU/ThirdParty/FreeRTOS" -I"H:/OpenECU/Code/VibrationMonitor_ECU/ThirdParty/FreeRTOS/include" -I"H:/OpenECU/Code/VibrationMonitor_ECU/ThirdParty/FreeRTOS/portable/GCC/ARM_CM4F" -I"H:/OpenECU/Code/VibrationMonitor_ECU/ThirdParty/SEGGER/OS" -I"H:/OpenECU/Code/VibrationMonitor_ECU/ThirdParty/SEGGER/SEGGER" -I"H:/OpenECU/Code/VibrationMonitor_ECU/ThirdParty/SEGGER/Config" -I"H:/OpenECU/Code/VibrationMonitor_ECU/ThirdParty/SEGGER" -I"H:/OpenECU/Code/VibrationMonitor_ECU/Module" -I"H:/OpenECU/Code/VibrationMonitor_ECU/CMSIS_DSP/Include" -I"H:/OpenECU/Code/VibrationMonitor_ECU/CMSIS_DSP/PrivateInclude" -O0 -ffunction-sections -fdata-sections -Wall -fstack-usage -fcyclomatic-complexity -MMD -MP -MF"ThirdParty/FreeRTOS/portable/MemMang/heap_4.d" -MT"ThirdParty/FreeRTOS/portable/MemMang/heap_4.o" --specs=nano.specs -mfpu=fpv4-sp-d16 -mfloat-abi=hard -mthumb -o "ThirdParty/FreeRTOS/portable/MemMang/heap_4.o"
arm-none-eabi-gcc "../ThirdParty/FreeRTOS/portable/GCC/ARM_CM4F/port.c" -mcpu=cortex-m4 -std=gnu11 -g3 -DDEBUG -DUSE_HAL_DRIVER -DSTM32F446xx -c -I../Core/Inc -I../Drivers/STM32F4xx_HAL_Driver/Inc -I../Drivers/STM32F4xx_HAL_Driver/Inc/Legacy -I../Drivers/CMSIS/Device/ST/STM32F4xx/Include -I../Drivers/CMSIS/Include -I"H:/OpenECU/Code/VibrationMonitor_ECU/ThirdParty/FreeRTOS" -I"H:/OpenECU/Code/VibrationMonitor_ECU/ThirdParty/FreeRTOS/include" -I"H:/OpenECU/Code/VibrationMonitor_ECU/ThirdParty/FreeRTOS/portable/GCC/ARM_CM4F" -I"H:/OpenECU/Code/VibrationMonitor_ECU/ThirdParty/SEGGER/OS" -I"H:/OpenECU/Code/VibrationMonitor_ECU/ThirdParty/SEGGER/SEGGER" -I"H:/OpenECU/Code/VibrationMonitor_ECU/ThirdParty/SEGGER/Config" -I"H:/OpenECU/Code/VibrationMonitor_ECU/ThirdParty/SEGGER" -I"H:/OpenECU/Code/VibrationMonitor_ECU/Module" -I"H:/OpenECU/Code/VibrationMonitor_ECU/CMSIS_DSP/Include" -I"H:/OpenECU/Code/VibrationMonitor_ECU/CMSIS_DSP/PrivateInclude" -O0 -ffunction-sections -fdata-sections -Wall -fstack-usage -fcyclomatic-complexity -MMD -MP -MF"ThirdParty/FreeRTOS/portable/GCC/ARM_CM4F/port.d" -MT"ThirdParty/FreeRTOS/portable/GCC/ARM_CM4F/port.o" --specs=nano.specs -mfpu=fpv4-sp-d16 -mfloat-abi=hard -mthumb -o "ThirdParty/FreeRTOS/portable/GCC/ARM_CM4F/port.o"
arm-none-eabi-gcc "../ThirdParty/FreeRTOS/croutine.c" -mcpu=cortex-m4 -std=gnu11 -g3 -DDEBUG -DUSE_HAL_DRIVER -DSTM32F446xx -c -I../Core/Inc -I../Drivers/STM32F4xx_HAL_Driver/Inc -I../Drivers/STM32F4xx_HAL_Driver/Inc/Legacy -I../Drivers/CMSIS/Device/ST/STM32F4xx/Include -I../Drivers/CMSIS/Include -I"H:/OpenECU/Code/VibrationMonitor_ECU/ThirdParty/FreeRTOS" -I"H:/OpenECU/Code/VibrationMonitor_ECU/ThirdParty/FreeRTOS/include" -I"H:/OpenECU/Code/VibrationMonitor_ECU/ThirdParty/FreeRTOS/portable/GCC/ARM_CM4F" -I"H:/OpenECU/Code/VibrationMonitor_ECU/ThirdParty/SEGGER/OS" -I"H:/OpenECU/Code/VibrationMonitor_ECU/ThirdParty/SEGGER/SEGGER" -I"H:/OpenECU/Code/VibrationMonitor_ECU/ThirdParty/SEGGER/Config" -I"H:/OpenECU/Code/VibrationMonitor_ECU/ThirdParty/SEGGER" -I"H:/OpenECU/Code/VibrationMonitor_ECU/Module" -I"H:/OpenECU/Code/VibrationMonitor_ECU/CMSIS_DSP/Include" -I"H:/OpenECU/Code/VibrationMonitor_ECU/CMSIS_DSP/PrivateInclude" -O0 -ffunction-sections -fdata-sections -Wall -fstack-usage -fcyclomatic-complexity -MMD -MP -MF"ThirdParty/FreeRTOS/croutine.d" -MT"ThirdParty/FreeRTOS/croutine.o" --specs=nano.specs -mfpu=fpv4-sp-d16 -mfloat-abi=hard -mthumb -o "ThirdParty/FreeRTOS/croutine.o"
arm-none-eabi-gcc "../ThirdParty/FreeRTOS/event_groups.c" -mcpu=cortex-m4 -std=gnu11 -g3 -DDEBUG -DUSE_HAL_DRIVER -DSTM32F446xx -c -I../Core/Inc -I../Drivers/STM32F4xx_HAL_Driver/Inc -I../Drivers/STM32F4xx_HAL_Driver/Inc/Legacy -I../Drivers/CMSIS/Device/ST/STM32F4xx/Include -I../Drivers/CMSIS/Include -I"H:/OpenECU/Code/VibrationMonitor_ECU/ThirdParty/FreeRTOS" -I"H:/OpenECU/Code/VibrationMonitor_ECU/ThirdParty/FreeRTOS/include" -I"H:/OpenECU/Code/VibrationMonitor_ECU/ThirdParty/FreeRTOS/portable/GCC/ARM_CM4F" -I"H:/OpenECU/Code/VibrationMonitor_ECU/ThirdParty/SEGGER/OS" -I"H:/OpenECU/Code/VibrationMonitor_ECU/ThirdParty/SEGGER/SEGGER" -I"H:/OpenECU/Code/VibrationMonitor_ECU/ThirdParty/SEGGER/Config" -I"H:/OpenECU/Code/VibrationMonitor_ECU/ThirdParty/SEGGER" -I"H:/OpenECU/Code/VibrationMonitor_ECU/Module" -I"H:/OpenECU/Code/VibrationMonitor_ECU/CMSIS_DSP/Include" -I"H:/OpenECU/Code/VibrationMonitor_ECU/CMSIS_DSP/PrivateInclude" -O0 -ffunction-sections -fdata-sections -Wall -fstack-usage -fcyclomatic-complexity -MMD -MP -MF"ThirdParty/FreeRTOS/event_groups.d" -MT"ThirdParty/FreeRTOS/event_groups.o" --specs=nano.specs -mfpu=fpv4-sp-d16 -mfloat-abi=hard -mthumb -o "ThirdParty/FreeRTOS/event_groups.o"
arm-none-eabi-gcc "../ThirdParty/FreeRTOS/list.c" -mcpu=cortex-m4 -std=gnu11 -g3 -DDEBUG -DUSE_HAL_DRIVER -DSTM32F446xx -c -I../Core/Inc -I../Drivers/STM32F4xx_HAL_Driver/Inc -I../Drivers/STM32F4xx_HAL_Driver/Inc/Legacy -I../Drivers/CMSIS/Device/ST/STM32F4xx/Include -I../Drivers/CMSIS/Include -I"H:/OpenECU/Code/VibrationMonitor_ECU/ThirdParty/FreeRTOS" -I"H:/OpenECU/Code/VibrationMonitor_ECU/ThirdParty/FreeRTOS/include" -I"H:/OpenECU/Code/VibrationMonitor_ECU/ThirdParty/FreeRTOS/portable/GCC/ARM_CM4F" -I"H:/OpenECU/Code/VibrationMonitor_ECU/ThirdParty/SEGGER/OS" -I"H:/OpenECU/Code/VibrationMonitor_ECU/ThirdParty/SEGGER/SEGGER" -I"H:/OpenECU/Code/VibrationMonitor_ECU/ThirdParty/SEGGER/Config" -I"H:/OpenECU/Code/VibrationMonitor_ECU/ThirdParty/SEGGER" -I"H:/OpenECU/Code/VibrationMonitor_ECU/Module" -I"H:/OpenECU/Code/VibrationMonitor_ECU/CMSIS_DSP/Include" -I"H:/OpenECU/Code/VibrationMonitor_ECU/CMSIS_DSP/PrivateInclude" -O0 -ffunction-sections -fdata-sections -Wall -fstack-usage -fcyclomatic-complexity -MMD -MP -MF"ThirdParty/FreeRTOS/list.d" -MT"ThirdParty/FreeRTOS/list.o" --specs=nano.specs -mfpu=fpv4-sp-d16 -mfloat-abi=hard -mthumb -o "ThirdParty/FreeRTOS/list.o"
arm-none-eabi-gcc "../ThirdParty/FreeRTOS/queue.c" -mcpu=cortex-m4 -std=gnu11 -g3 -DDEBUG -DUSE_HAL_DRIVER -DSTM32F446xx -c -I../Core/Inc -I../Drivers/STM32F4xx_HAL_Driver/Inc -I../Drivers/STM32F4xx_HAL_Driver/Inc/Legacy -I../Drivers/CMSIS/Device/ST/STM32F4xx/Include -I../Drivers/CMSIS/Include -I"H:/OpenECU/Code/VibrationMonitor_ECU/ThirdParty/FreeRTOS" -I"H:/OpenECU/Code/VibrationMonitor_ECU/ThirdParty/FreeRTOS/include" -I"H:/OpenECU/Code/VibrationMonitor_ECU/ThirdParty/FreeRTOS/portable/GCC/ARM_CM4F" -I"H:/OpenECU/Code/VibrationMonitor_ECU/ThirdParty/SEGGER/OS" -I"H:/OpenECU/Code/VibrationMonitor_ECU/ThirdParty/SEGGER/SEGGER" -I"H:/OpenECU/Code/VibrationMonitor_ECU/ThirdParty/SEGGER/Config" -I"H:/OpenECU/Code/VibrationMonitor_ECU/ThirdParty/SEGGER" -I"H:/OpenECU/Code/VibrationMonitor_ECU/Module" -I"H:/OpenECU/Code/VibrationMonitor_ECU/CMSIS_DSP/Include" -I"H:/OpenECU/Code/VibrationMonitor_ECU/CMSIS_DSP/PrivateInclude" -O0 -ffunction-sections -fdata-sections -Wall -fstack-usage -fcyclomatic-complexity -MMD -MP -MF"ThirdParty/FreeRTOS/queue.d" -MT"ThirdParty/FreeRTOS/queue.o" --specs=nano.specs -mfpu=fpv4-sp-d16 -mfloat-abi=hard -mthumb -o "ThirdParty/FreeRTOS/queue.o"
arm-none-eabi-gcc "../ThirdParty/FreeRTOS/stream_buffer.c" -mcpu=cortex-m4 -std=gnu11 -g3 -DDEBUG -DUSE_HAL_DRIVER -DSTM32F446xx -c -I../Core/Inc -I../Drivers/STM32F4xx_HAL_Driver/Inc -I../Drivers/STM32F4xx_HAL_Driver/Inc/Legacy -I../Drivers/CMSIS/Device/ST/STM32F4xx/Include -I../Drivers/CMSIS/Include -I"H:/OpenECU/Code/VibrationMonitor_ECU/ThirdParty/FreeRTOS" -I"H:/OpenECU/Code/VibrationMonitor_ECU/ThirdParty/FreeRTOS/include" -I"H:/OpenECU/Code/VibrationMonitor_ECU/ThirdParty/FreeRTOS/portable/GCC/ARM_CM4F" -I"H:/OpenECU/Code/VibrationMonitor_ECU/ThirdParty/SEGGER/OS" -I"H:/OpenECU/Code/VibrationMonitor_ECU/ThirdParty/SEGGER/SEGGER" -I"H:/OpenECU/Code/VibrationMonitor_ECU/ThirdParty/SEGGER/Config" -I"H:/OpenECU/Code/VibrationMonitor_ECU/ThirdParty/SEGGER" -I"H:/OpenECU/Code/VibrationMonitor_ECU/Module" -I"H:/OpenECU/Code/VibrationMonitor_ECU/CMSIS_DSP/Include" -I"H:/OpenECU/Code/VibrationMonitor_ECU/CMSIS_DSP/PrivateInclude" -O0 -ffunction-sections -fdata-sections -Wall -fstack-usage -fcyclomatic-complexity -MMD -MP -MF"ThirdParty/FreeRTOS/stream_buffer.d" -MT"ThirdParty/FreeRTOS/stream_buffer.o" --specs=nano.specs -mfpu=fpv4-sp-d16 -mfloat-abi=hard -mthumb -o "ThirdParty/FreeRTOS/stream_buffer.o"
arm-none-eabi-gcc "../ThirdParty/FreeRTOS/tasks.c" -mcpu=cortex-m4 -std=gnu11 -g3 -DDEBUG -DUSE_HAL_DRIVER -DSTM32F446xx -c -I../Core/Inc -I../Drivers/STM32F4xx_HAL_Driver/Inc -I../Drivers/STM32F4xx_HAL_Driver/Inc/Legacy -I../Drivers/CMSIS/Device/ST/STM32F4xx/Include -I../Drivers/CMSIS/Include -I"H:/OpenECU/Code/VibrationMonitor_ECU/ThirdParty/FreeRTOS" -I"H:/OpenECU/Code/VibrationMonitor_ECU/ThirdParty/FreeRTOS/include" -I"H:/OpenECU/Code/VibrationMonitor_ECU/ThirdParty/FreeRTOS/portable/GCC/ARM_CM4F" -I"H:/OpenECU/Code/VibrationMonitor_ECU/ThirdParty/SEGGER/OS" -I"H:/OpenECU/Code/VibrationMonitor_ECU/ThirdParty/SEGGER/SEGGER" -I"H:/OpenECU/Code/VibrationMonitor_ECU/ThirdParty/SEGGER/Config" -I"H:/OpenECU/Code/VibrationMonitor_ECU/ThirdParty/SEGGER" -I"H:/OpenECU/Code/VibrationMonitor_ECU/Module" -I"H:/OpenECU/Code/VibrationMonitor_ECU/CMSIS_DSP/Include" -I"H:/OpenECU/Code/VibrationMonitor_ECU/CMSIS_DSP/PrivateInclude" -O0 -ffunction-sections -fdata-sections -Wall -fstack-usage -fcyclomatic-complexity -MMD -MP -MF"ThirdParty/FreeRTOS/tasks.d" -MT"ThirdParty/FreeRTOS/tasks.o" --specs=nano.specs -mfpu=fpv4-sp-d16 -mfloat-abi=hard -mthumb -o "ThirdParty/FreeRTOS/tasks.o"
arm-none-eabi-gcc "../ThirdParty/FreeRTOS/timers.c" -mcpu=cortex-m4 -std=gnu11 -g3 -DDEBUG -DUSE_HAL_DRIVER -DSTM32F446xx -c -I../Core/Inc -I../Drivers/STM32F4xx_HAL_Driver/Inc -I../Drivers/STM32F4xx_HAL_Driver/Inc/Legacy -I../Drivers/CMSIS/Device/ST/STM32F4xx/Include -I../Drivers/CMSIS/Include -I"H:/OpenECU/Code/VibrationMonitor_ECU/ThirdParty/FreeRTOS" -I"H:/OpenECU/Code/VibrationMonitor_ECU/ThirdParty/FreeRTOS/include" -I"H:/OpenECU/Code/VibrationMonitor_ECU/ThirdParty/FreeRTOS/portable/GCC/ARM_CM4F" -I"H:/OpenECU/Code/VibrationMonitor_ECU/ThirdParty/SEGGER/OS" -I"H:/OpenECU/Code/VibrationMonitor_ECU/ThirdParty/SEGGER/SEGGER" -I"H:/OpenECU/Code/VibrationMonitor_ECU/ThirdParty/SEGGER/Config" -I"H:/OpenECU/Code/VibrationMonitor_ECU/ThirdParty/SEGGER" -I"H:/OpenECU/Code/VibrationMonitor_ECU/Module" -I"H:/OpenECU/Code/VibrationMonitor_ECU/CMSIS_DSP/Include" -I"H:/OpenECU/Code/VibrationMonitor_ECU/CMSIS_DSP/PrivateInclude" -O0 -ffunction-sections -fdata-sections -Wall -fstack-usage -fcyclomatic-complexity -MMD -MP -MF"ThirdParty/FreeRTOS/timers.d" -MT"ThirdParty/FreeRTOS/timers.o" --specs=nano.specs -mfpu=fpv4-sp-d16 -mfloat-abi=hard -mthumb -o "ThirdParty/FreeRTOS/timers.o"
arm-none-eabi-gcc "../Module/can.c" -mcpu=cortex-m4 -std=gnu11 -g3 -DDEBUG -DUSE_HAL_DRIVER -DSTM32F446xx -c -I../Core/Inc -I../Drivers/STM32F4xx_HAL_Driver/Inc -I../Drivers/STM32F4xx_HAL_Driver/Inc/Legacy -I../Drivers/CMSIS/Device/ST/STM32F4xx/Include -I../Drivers/CMSIS/Include -I"H:/OpenECU/Code/VibrationMonitor_ECU/ThirdParty/FreeRTOS" -I"H:/OpenECU/Code/VibrationMonitor_ECU/ThirdParty/FreeRTOS/include" -I"H:/OpenECU/Code/VibrationMonitor_ECU/ThirdParty/FreeRTOS/portable/GCC/ARM_CM4F" -I"H:/OpenECU/Code/VibrationMonitor_ECU/ThirdParty/SEGGER/OS" -I"H:/OpenECU/Code/VibrationMonitor_ECU/ThirdParty/SEGGER/SEGGER" -I"H:/OpenECU/Code/VibrationMonitor_ECU/ThirdParty/SEGGER/Config" -I"H:/OpenECU/Code/VibrationMonitor_ECU/ThirdParty/SEGGER" -I"H:/OpenECU/Code/VibrationMonitor_ECU/Module" -I"H:/OpenECU/Code/VibrationMonitor_ECU/CMSIS_DSP/Include" -I"H:/OpenECU/Code/VibrationMonitor_ECU/CMSIS_DSP/PrivateInclude" -O0 -ffunction-sections -fdata-sections -Wall -fstack-usage -fcyclomatic-complexity -MMD -MP -MF"Module/can.d" -MT"Module/can.o" --specs=nano.specs -mfpu=fpv4-sp-d16 -mfloat-abi=hard -mthumb -o "Module/can.o"
arm-none-eabi-gcc "../Module/hallEffect_a3144.c" -mcpu=cortex-m4 -std=gnu11 -g3 -DDEBUG -DUSE_HAL_DRIVER -DSTM32F446xx -c -I../Core/Inc -I../Drivers/STM32F4xx_HAL_Driver/Inc -I../Drivers/STM32F4xx_HAL_Driver/Inc/Legacy -I../Drivers/CMSIS/Device/ST/STM32F4xx/Include -I../Drivers/CMSIS/Include -I"H:/OpenECU/Code/VibrationMonitor_ECU/ThirdParty/FreeRTOS" -I"H:/OpenECU/Code/VibrationMonitor_ECU/ThirdParty/FreeRTOS/include" -I"H:/OpenECU/Code/VibrationMonitor_ECU/ThirdParty/FreeRTOS/portable/GCC/ARM_CM4F" -I"H:/OpenECU/Code/VibrationMonitor_ECU/ThirdParty/SEGGER/OS" -I"H:/OpenECU/Code/VibrationMonitor_ECU/ThirdParty/SEGGER/SEGGER" -I"H:/OpenECU/Code/VibrationMonitor_ECU/ThirdParty/SEGGER/Config" -I"H:/OpenECU/Code/VibrationMonitor_ECU/ThirdParty/SEGGER" -I"H:/OpenECU/Code/VibrationMonitor_ECU/Module" -I"H:/OpenECU/Code/VibrationMonitor_ECU/CMSIS_DSP/Include" -I"H:/OpenECU/Code/VibrationMonitor_ECU/CMSIS_DSP/PrivateInclude" -O0 -ffunction-sections -fdata-sections -Wall -fstack-usage -fcyclomatic-complexity -MMD -MP -MF"Module/hallEffect_a3144.d" -MT"Module/hallEffect_a3144.o" --specs=nano.specs -mfpu=fpv4-sp-d16 -mfloat-abi=hard -mthumb -o "Module/hallEffect_a3144.o"
[...]
arm-none-eabi-gcc "../ThirdParty/SEGGER/Config/SEGGER_SYSVIEW_Config_FreeRTOS.c" -mcpu=cortex-m4 -std=gnu11 -g3 -DDEBUG -DUSE_HAL_DRIVER -DSTM32F446xx -c -I../Core/Inc -I../Drivers/STM32F4xx_HAL_Driver/Inc -I../Drivers/STM32F4xx_HAL_Driver/Inc/Legacy -I../Drivers/CMSIS/Device/ST/STM32F4xx/Include -I../Drivers/CMSIS/Include -I"H:/OpenECU/Code/VibrationMonitor_ECU/ThirdParty/FreeRTOS" -I"H:/OpenECU/Code/VibrationMonitor_ECU/ThirdParty/FreeRTOS/include" -I"H:/OpenECU/Code/VibrationMonitor_ECU/ThirdParty/FreeRTOS/portable/GCC/ARM_CM4F" -I"H:/OpenECU/Code/VibrationMonitor_ECU/ThirdParty/SEGGER/OS" -I"H:/OpenECU/Code/VibrationMonitor_ECU/ThirdParty/SEGGER/SEGGER" -I"H:/OpenECU/Code/VibrationMonitor_ECU/ThirdParty/SEGGER/Config" -I"H:/OpenECU/Code/VibrationMonitor_ECU/ThirdParty/SEGGER" -I"H:/OpenECU/Code/VibrationMonitor_ECU/Module" -I"H:/OpenECU/Code/VibrationMonitor_ECU/CMSIS_DSP/Include" -I"H:/OpenECU/Code/VibrationMonitor_ECU/CMSIS_DSP/PrivateInclude" -O0 -ffunction-sections -fdata-sections -Wall -fstack-usage -fcyclomatic-complexity -MMD -MP -MF"ThirdParty/SEGGER/Config/SEGGER_SYSVIEW_Config_FreeRTOS.d" -MT"ThirdParty/SEGGER/Config/SEGGER_SYSVIEW_Config_FreeRTOS.o" --specs=nano.specs -mfpu=fpv4-sp-d16 -mfloat-abi=hard -mthumb -o "ThirdParty/SEGGER/Config/SEGGER_SYSVIEW_Config_FreeRTOS.o"
arm-none-eabi-gcc "../ThirdParty/FreeRTOS/portable/MemMang/heap_4.c" -mcpu=cortex-m4 -std=gnu11 -g3 -DDEBUG -DUSE_HAL_DRIVER -DSTM32F446xx -c -I../Core/Inc -I../Drivers/STM32F4xx_HAL_Driver/Inc -I../Drivers/STM32F4xx_HAL_Driver/Inc/Legacy -I../Drivers/CMSIS/Device/ST/STM32F4xx/Include -I../Drivers/CMSIS/Include -I"H:/OpenECU/Code/VibrationMonitor_ECU/ThirdParty/FreeRTOS" -I"H:/OpenECU/Code/VibrationMonitor_ECU/ThirdParty/FreeRTOS/include" -I"H:/OpenECU/Code/VibrationMonitor_ECU/ThirdParty/FreeRTOS/portable/GCC/ARM_CM4F" -I"H:/OpenECU/Code/VibrationMonitor_ECU/ThirdParty/SEGGER/OS" -I"H:/OpenECU/Code/VibrationMonitor_ECU/ThirdParty/SEGGER/SEGGER" -I"H:/OpenECU/Code/VibrationMonitor_ECU/ThirdParty/SEGGER/Config" -I"H:/OpenECU/Code/VibrationMonitor_ECU/ThirdParty/SEGGER" -I"H:/OpenECU/Code/VibrationMonitor_ECU/Module" -I"H:/OpenECU/Code/VibrationMonitor_ECU/CMSIS_DSP/Include" -I"H:/OpenECU/Code/VibrationMonitor_ECU/CMSIS_DSP/PrivateInclude" -O0 -ffunction-sections -fdata-sections -Wall -fstack-usage -fcyclomatic-complexity -MMD -MP -MF"ThirdParty/FreeRTOS/portable/MemMang/heap_4.d" -MT"ThirdParty/FreeRTOS/portable/MemMang/heap_4.o" --specs=nano.specs -mfpu=fpv4-sp-d16 -mfloat-abi=hard -mthumb -o "ThirdParty/FreeRTOS/portable/MemMang/heap_4.o"
arm-none-eabi-gcc "../ThirdParty/FreeRTOS/portable/GCC/ARM_CM4F/port.c" -mcpu=cortex-m4 -std=gnu11 -g3 -DDEBUG -DUSE_HAL_DRIVER -DSTM32F446xx -c -I../Core/Inc -I../Drivers/STM32F4xx_HAL_Driver/Inc -I../Drivers/STM32F4xx_HAL_Driver/Inc/Legacy -I../Drivers/CMSIS/Device/ST/STM32F4xx/Include -I../Drivers/CMSIS/Include -I"H:/OpenECU/Code/VibrationMonitor_ECU/ThirdParty/FreeRTOS" -I"H:/OpenECU/Code/VibrationMonitor_ECU/ThirdParty/FreeRTOS/include" -I"H:/OpenECU/Code/VibrationMonitor_ECU/ThirdParty/FreeRTOS/portable/GCC/ARM_CM4F" -I"H:/OpenECU/Code/VibrationMonitor_ECU/ThirdParty/SEGGER/OS" -I"H:/OpenECU/Code/VibrationMonitor_ECU/ThirdParty/SEGGER/SEGGER" -I"H:/OpenECU/Code/VibrationMonitor_ECU/ThirdParty/SEGGER/Config" -I"H:/OpenECU/Code/VibrationMonitor_ECU/ThirdParty/SEGGER" -I"H:/OpenECU/Code/VibrationMonitor_ECU/Module" -I"H:/OpenECU/Code/VibrationMonitor_ECU/CMSIS_DSP/Include" -I"H:/OpenECU/Code/VibrationMonitor_ECU/CMSIS_DSP/PrivateInclude" -O0 -ffunction-sections -fdata-sections -Wall -fstack-usage -fcyclomatic-complexity -MMD -MP -MF"ThirdParty/FreeRTOS/portable/GCC/ARM_CM4F/port.d" -MT"ThirdParty/FreeRTOS/portable/GCC/ARM_CM4F/port.o" --specs=nano.specs -mfpu=fpv4-sp-d16 -mfloat-abi=hard -mthumb -o "ThirdParty/FreeRTOS/portable/GCC/ARM_CM4F/port.o"
arm-none-eabi-gcc "../ThirdParty/FreeRTOS/croutine.c" -mcpu=cortex-m4 -std=gnu11 -g3 -DDEBUG -DUSE_HAL_DRIVER -DSTM32F446xx -c -I../Core/Inc -I../Drivers/STM32F4xx_HAL_Driver/Inc -I../Drivers/STM32F4xx_HAL_Driver/Inc/Legacy -I../Drivers/CMSIS/Device/ST/STM32F4xx/Include -I../Drivers/CMSIS/Include -I"H:/OpenECU/Code/VibrationMonitor_ECU/ThirdParty/FreeRTOS" -I"H:/OpenECU/Code/VibrationMonitor_ECU/ThirdParty/FreeRTOS/include" -I"H:/OpenECU/Code/VibrationMonitor_ECU/ThirdParty/FreeRTOS/portable/GCC/ARM_CM4F" -I"H:/OpenECU/Code/VibrationMonitor_ECU/ThirdParty/SEGGER/OS" -I"H:/OpenECU/Code/VibrationMonitor_ECU/ThirdParty/SEGGER/SEGGER" -I"H:/OpenECU/Code/VibrationMonitor_ECU/ThirdParty/SEGGER/Config" -I"H:/OpenECU/Code/VibrationMonitor_ECU/ThirdParty/SEGGER" -I"H:/OpenECU/Code/VibrationMonitor_ECU/Module" -I"H:/OpenECU/Code/VibrationMonitor_ECU/CMSIS_DSP/Include" -I"H:/OpenECU/Code/VibrationMonitor_ECU/CMSIS_DSP/PrivateInclude" -O0 -ffunction-sections -fdata-sections -Wall -fstack-usage -fcyclomatic-complexity -MMD -MP -MF"ThirdParty/FreeRTOS/croutine.d" -MT"ThirdParty/FreeRTOS/croutine.o" --specs=nano.specs -mfpu=fpv4-sp-d16 -mfloat-abi=hard -mthumb -o "ThirdParty/FreeRTOS/croutine.o"
arm-none-eabi-gcc "../ThirdParty/FreeRTOS/event_groups.c" -mcpu=cortex-m4 -std=gnu11 -g3 -DDEBUG -DUSE_HAL_DRIVER -DSTM32F446xx -c -I../Core/Inc -I../Drivers/STM32F4xx_HAL_Driver/Inc -I../Drivers/STM32F4xx_HAL_Driver/Inc/Legacy -I../Drivers/CMSIS/Device/ST/STM32F4xx/Include -I../Drivers/CMSIS/Include -I"H:/OpenECU/Code/VibrationMonitor_ECU/ThirdParty/FreeRTOS" -I"H:/OpenECU/Code/VibrationMonitor_ECU/ThirdParty/FreeRTOS/include" -I"H:/OpenECU/Code/VibrationMonitor_ECU/ThirdParty/FreeRTOS/portable/GCC/ARM_CM4F" -I"H:/OpenECU/Code/VibrationMonitor_ECU/ThirdParty/SEGGER/OS" -I"H:/OpenECU/Code/VibrationMonitor_ECU/ThirdParty/SEGGER/SEGGER" -I"H:/OpenECU/Code/VibrationMonitor_ECU/ThirdParty/SEGGER/Config" -I"H:/OpenECU/Code/VibrationMonitor_ECU/ThirdParty/SEGGER" -I"H:/OpenECU/Code/VibrationMonitor_ECU/Module" -I"H:/OpenECU/Code/VibrationMonitor_ECU/CMSIS_DSP/Include" -I"H:/OpenECU/Code/VibrationMonitor_ECU/CMSIS_DSP/PrivateInclude" -O0 -ffunction-sections -fdata-sections -Wall -fstack-usage -fcyclomatic-complexity -MMD -MP -MF"ThirdParty/FreeRTOS/event_groups.d" -MT"ThirdParty/FreeRTOS/event_groups.o" --specs=nano.specs -mfpu=fpv4-sp-d16 -mfloat-abi=hard -mthumb -o "ThirdParty/FreeRTOS/event_groups.o"
arm-none-eabi-gcc "../ThirdParty/FreeRTOS/list.c" -mcpu=cortex-m4 -std=gnu11 -g3 -DDEBUG -DUSE_HAL_DRIVER -DSTM32F446xx -c -I../Core/Inc -I../Drivers/STM32F4xx_HAL_Driver/Inc -I../Drivers/STM32F4xx_HAL_Driver/Inc/Legacy -I../Drivers/CMSIS/Device/ST/STM32F4xx/Include -I../Drivers/CMSIS/Include -I"H:/OpenECU/Code/VibrationMonitor_ECU/ThirdParty/FreeRTOS" -I"H:/OpenECU/Code/VibrationMonitor_ECU/ThirdParty/FreeRTOS/include" -I"H:/OpenECU/Code/VibrationMonitor_ECU/ThirdParty/FreeRTOS/portable/GCC/ARM_CM4F" -I"H:/OpenECU/Code/VibrationMonitor_ECU/ThirdParty/SEGGER/OS" -I"H:/OpenECU/Code/VibrationMonitor_ECU/ThirdParty/SEGGER/SEGGER" -I"H:/OpenECU/Code/VibrationMonitor_ECU/ThirdParty/SEGGER/Config" -I"H:/OpenECU/Code/VibrationMonitor_ECU/ThirdParty/SEGGER" -I"H:/OpenECU/Code/VibrationMonitor_ECU/Module" -I"H:/OpenECU/Code/VibrationMonitor_ECU/CMSIS_DSP/Include" -I"H:/OpenECU/Code/VibrationMonitor_ECU/CMSIS_DSP/PrivateInclude" -O0 -ffunction-sections -fdata-sections -Wall -fstack-usage -fcyclomatic-complexity -MMD -MP -MF"ThirdParty/FreeRTOS/list.d" -MT"ThirdParty/FreeRTOS/list.o" --specs=nano.specs -mfpu=fpv4-sp-d16 -mfloat-abi=hard -mthumb -o "ThirdParty/FreeRTOS/list.o"
arm-none-eabi-gcc "../ThirdParty/FreeRTOS/queue.c" -mcpu=cortex-m4 -std=gnu11 -g3 -DDEBUG -DUSE_HAL_DRIVER -DSTM32F446xx -c -I../Core/Inc -I../Drivers/STM32F4xx_HAL_Driver/Inc -I../Drivers/STM32F4xx_HAL_Driver/Inc/Legacy -I../Drivers/CMSIS/Device/ST/STM32F4xx/Include -I../Drivers/CMSIS/Include -I"H:/OpenECU/Code/VibrationMonitor_ECU/ThirdParty/FreeRTOS" -I"H:/OpenECU/Code/VibrationMonitor_ECU/ThirdParty/FreeRTOS/include" -I"H:/OpenECU/Code/VibrationMonitor_ECU/ThirdParty/FreeRTOS/portable/GCC/ARM_CM4F" -I"H:/OpenECU/Code/VibrationMonitor_ECU/ThirdParty/SEGGER/OS" -I"H:/OpenECU/Code/VibrationMonitor_ECU/ThirdParty/SEGGER/SEGGER" -I"H:/OpenECU/Code/VibrationMonitor_ECU/ThirdParty/SEGGER/Config" -I"H:/OpenECU/Code/VibrationMonitor_ECU/ThirdParty/SEGGER" -I"H:/OpenECU/Code/VibrationMonitor_ECU/Module" -I"H:/OpenECU/Code/VibrationMonitor_ECU/CMSIS_DSP/Include" -I"H:/OpenECU/Code/VibrationMonitor_ECU/CMSIS_DSP/PrivateInclude" -O0 -ffunction-sections -fdata-sections -Wall -fstack-usage -fcyclomatic-complexity -MMD -MP -MF"ThirdParty/FreeRTOS/queue.d" -MT"ThirdParty/FreeRTOS/queue.o" --specs=nano.specs -mfpu=fpv4-sp-d16 -mfloat-abi=hard -mthumb -o "ThirdParty/FreeRTOS/queue.o"
arm-none-eabi-gcc "../ThirdParty/FreeRTOS/stream_buffer.c" -mcpu=cortex-m4 -std=gnu11 -g3 -DDEBUG -DUSE_HAL_DRIVER -DSTM32F446xx -c -I../Core/Inc -I../Drivers/STM32F4xx_HAL_Driver/Inc -I../Drivers/STM32F4xx_HAL_Driver/Inc/Legacy -I../Drivers/CMSIS/Device/ST/STM32F4xx/Include -I../Drivers/CMSIS/Include -I"H:/OpenECU/Code/VibrationMonitor_ECU/ThirdParty/FreeRTOS" -I"H:/OpenECU/Code/VibrationMonitor_ECU/ThirdParty/FreeRTOS/include" -I"H:/OpenECU/Code/VibrationMonitor_ECU/ThirdParty/FreeRTOS/portable/GCC/ARM_CM4F" -I"H:/OpenECU/Code/VibrationMonitor_ECU/ThirdParty/SEGGER/OS" -I"H:/OpenECU/Code/VibrationMonitor_ECU/ThirdParty/SEGGER/SEGGER" -I"H:/OpenECU/Code/VibrationMonitor_ECU/ThirdParty/SEGGER/Config" -I"H:/OpenECU/Code/VibrationMonitor_ECU/ThirdParty/SEGGER" -I"H:/OpenECU/Code/VibrationMonitor_ECU/Module" -I"H:/OpenECU/Code/VibrationMonitor_ECU/CMSIS_DSP/Include" -I"H:/OpenECU/Code/VibrationMonitor_ECU/CMSIS_DSP/PrivateInclude" -O0 -ffunction-sections -fdata-sections -Wall -fstack-usage -fcyclomatic-complexity -MMD -MP -MF"ThirdParty/FreeRTOS/stream_buffer.d" -MT"ThirdParty/FreeRTOS/stream_buffer.o" --specs=nano.specs -mfpu=fpv4-sp-d16 -mfloat-abi=hard -mthumb -o "ThirdParty/FreeRTOS/stream_buffer.o"
arm-none-eabi-gcc "../ThirdParty/FreeRTOS/tasks.c" -mcpu=cortex-m4 -std=gnu11 -g3 -DDEBUG -DUSE_HAL_DRIVER -DSTM32F446xx -c -I../Core/Inc -I../Drivers/STM32F4xx_HAL_Driver/Inc -I../Drivers/STM32F4xx_HAL_Driver/Inc/Legacy -I../Drivers/CMSIS/Device/ST/STM32F4xx/Include -I../Drivers/CMSIS/Include -I"H:/OpenECU/Code/VibrationMonitor_ECU/ThirdParty/FreeRTOS" -I"H:/OpenECU/Code/VibrationMonitor_ECU/ThirdParty/FreeRTOS/include" -I"H:/OpenECU/Code/VibrationMonitor_ECU/ThirdParty/FreeRTOS/portable/GCC/ARM_CM4F" -I"H:/OpenECU/Code/VibrationMonitor_ECU/ThirdParty/SEGGER/OS" -I"H:/OpenECU/Code/VibrationMonitor_ECU/ThirdParty/SEGGER/SEGGER" -I"H:/OpenECU/Code/VibrationMonitor_ECU/ThirdParty/SEGGER/Config" -I"H:/OpenECU/Code/VibrationMonitor_ECU/ThirdParty/SEGGER" -I"H:/OpenECU/Code/VibrationMonitor_ECU/Module" -I"H:/OpenECU/Code/VibrationMonitor_ECU/CMSIS_DSP/Include" -I"H:/OpenECU/Code/VibrationMonitor_ECU/CMSIS_DSP/PrivateInclude" -O0 -ffunction-sections -fdata-sections -Wall -fstack-usage -fcyclomatic-complexity -MMD -MP -MF"ThirdParty/FreeRTOS/tasks.d" -MT"ThirdParty/FreeRTOS/tasks.o" --specs=nano.specs -mfpu=fpv4-sp-d16 -mfloat-abi=hard -mthumb -o "ThirdParty/FreeRTOS/tasks.o"
arm-none-eabi-gcc "../ThirdParty/FreeRTOS/timers.c" -mcpu=cortex-m4 -std=gnu11 -g3 -DDEBUG -DUSE_HAL_DRIVER -DSTM32F446xx -c -I../Core/Inc -I../Drivers/STM32F4xx_HAL_Driver/Inc -I../Drivers/STM32F4xx_HAL_Driver/Inc/Legacy -I../Drivers/CMSIS/Device/ST/STM32F4xx/Include -I../Drivers/CMSIS/Include -I"H:/OpenECU/Code/VibrationMonitor_ECU/ThirdParty/FreeRTOS" -I"H:/OpenECU/Code/VibrationMonitor_ECU/ThirdParty/FreeRTOS/include" -I"H:/OpenECU/Code/VibrationMonitor_ECU/ThirdParty/FreeRTOS/portable/GCC/ARM_CM4F" -I"H:/OpenECU/Code/VibrationMonitor_ECU/ThirdParty/SEGGER/OS" -I"H:/OpenECU/Code/VibrationMonitor_ECU/ThirdParty/SEGGER/SEGGER" -I"H:/OpenECU/Code/VibrationMonitor_ECU/ThirdParty/SEGGER/Config" -I"H:/OpenECU/Code/VibrationMonitor_ECU/ThirdParty/SEGGER" -I"H:/OpenECU/Code/VibrationMonitor_ECU/Module" -I"H:/OpenECU/Code/VibrationMonitor_ECU/CMSIS_DSP/Include" -I"H:/OpenECU/Code/VibrationMonitor_ECU/CMSIS_DSP/PrivateInclude" -O0 -ffunction-sections -fdata-sections -Wall -fstack-usage -fcyclomatic-complexity -MMD -MP -MF"ThirdParty/FreeRTOS/timers.d" -MT"ThirdParty/FreeRTOS/timers.o" --specs=nano.specs -mfpu=fpv4-sp-d16 -mfloat-abi=hard -mthumb -o "ThirdParty/FreeRTOS/timers.o"
arm-none-eabi-gcc "../Module/can.c" -mcpu=cortex-m4 -std=gnu11 -g3 -DDEBUG -DUSE_HAL_DRIVER -DSTM32F446xx -c -I../Core/Inc -I../Drivers/STM32F4xx_HAL_Driver/Inc -I../Drivers/STM32F4xx_HAL_Driver/Inc/Legacy -I../Drivers/CMSIS/Device/ST/STM32F4xx/Include -I../Drivers/CMSIS/Include -I"H:/OpenECU/Code/VibrationMonitor_ECU/ThirdParty/FreeRTOS" -I"H:/OpenECU/Code/VibrationMonitor_ECU/ThirdParty/FreeRTOS/include" -I"H:/OpenECU/Code/VibrationMonitor_ECU/ThirdParty/FreeRTOS/portable/GCC/ARM_CM4F" -I"H:/OpenECU/Code/VibrationMonitor_ECU/ThirdParty/SEGGER/OS" -I"H:/OpenECU/Code/VibrationMonitor_ECU/ThirdParty/SEGGER/SEGGER" -I"H:/OpenECU/Code/VibrationMonitor_ECU/ThirdParty/SEGGER/Config" -I"H:/OpenECU/Code/VibrationMonitor_ECU/ThirdParty/SEGGER" -I"H:/OpenECU/Code/VibrationMonitor_ECU/Module" -I"H:/OpenECU/Code/VibrationMonitor_ECU/CMSIS_DSP/Include" -I"H:/OpenECU/Code/VibrationMonitor_ECU/CMSIS_DSP/PrivateInclude" -O0 -ffunction-sections -fdata-sections -Wall -fstack-usage -fcyclomatic-complexity -MMD -MP -MF"Module/can.d" -MT"Module/can.o" --specs=nano.specs -mfpu=fpv4-sp-d16 -mfloat-abi=hard -mthumb -o "Module/can.o"
arm-none-eabi-gcc "../Module/hallEffect_a3144.c" -mcpu=cortex-m4 -std=gnu11 -g3 -DDEBUG -DUSE_HAL_DRIVER -DSTM32F446xx -c -I../Core/Inc -I../Drivers/STM32F4xx_HAL_Driver/Inc -I../Drivers/STM32F4xx_HAL_Driver/Inc/Legacy -I../Drivers/CMSIS/Device/ST/STM32F4xx/Include -I../Drivers/CMSIS/Include -I"H:/OpenECU/Code/VibrationMonitor_ECU/ThirdParty/FreeRTOS" -I"H:/OpenECU/Code/VibrationMonitor_ECU/ThirdParty/FreeRTOS/include" -I"H:/OpenECU/Code/VibrationMonitor_ECU/ThirdParty/FreeRTOS/portable/GCC/ARM_CM4F" -I"H:/OpenECU/Code/VibrationMonitor_ECU/ThirdParty/SEGGER/OS" -I"H:/OpenECU/Code/VibrationMonitor_ECU/ThirdParty/SEGGER/SEGGER" -I"H:/OpenECU/Code/VibrationMonitor_ECU/ThirdParty/SEGGER/Config" -I"H:/OpenECU/Code/VibrationMonitor_ECU/ThirdParty/SEGGER" -I"H:/OpenECU/Code/VibrationMonitor_ECU/Module" -I"H:/OpenECU/Code/VibrationMonitor_ECU/CMSIS_DSP/Include" -I"H:/OpenECU/Code/VibrationMonitor_ECU/CMSIS_DSP/PrivateInclude" -O0 -ffunction-sections -fdata-sections -Wall -fstack-usage -fcyclomatic-complexity -MMD -MP -MF"Module/hallEffect_a3144.d" -MT"Module/hallEffect_a3144.o" --specs=nano.specs -mfpu=fpv4-sp-d16 -mfloat-abi=hard -mthumb -o "Module/hallEffect_a3144.o"
arm-none-eabi-gcc "../Module/iwdg.c" -mcpu=cortex-m4 -std=gnu11 -g3 -DDEBUG -DUSE_HAL_DRIVER -DSTM32F446xx -c -I../Core/Inc -I../Drivers/STM32F4xx_HAL_Driver/Inc -I../Drivers/STM32F4xx_HAL_Driver/Inc/Legacy -I../Drivers/CMSIS/Device/ST/STM32F4xx/Include -I../Drivers/CMSIS/Include -I"H:/OpenECU/Code/VibrationMonitor_ECU/ThirdParty/FreeRTOS" -I"H:/OpenECU/Code/VibrationMonitor_ECU/ThirdParty/FreeRTOS/include" -I"H:/OpenECU/Code/VibrationMonitor_ECU/ThirdParty/FreeRTOS/portable/GCC/ARM_CM4F" -I"H:/OpenECU/Code/VibrationMonitor_ECU/ThirdParty/SEGGER/OS" -I"H:/OpenECU/Code/VibrationMonitor_ECU/ThirdParty/SEGGER/SEGGER" -I"H:/OpenECU/Code/VibrationMonitor_ECU/ThirdParty/SEGGER/Config" -I"H:/OpenECU/Code/VibrationMonitor_ECU/ThirdParty/SEGGER" -I"H:/OpenECU/Code/VibrationMonitor_ECU/Module" -I"H:/OpenECU/Code/VibrationMonitor_ECU/CMSIS_DSP/Include" -I"H:/OpenECU/Code/VibrationMonitor_ECU/CMSIS_DSP/PrivateInclude" -O0 -ffunction-sections -fdata-sections -Wall -fstack-usage -fcyclomatic-complexity -MMD -MP -MF"Module/iwdg.d" -MT"Module/iwdg.o" --specs=nano.specs -mfpu=fpv4-sp-d16 -mfloat-abi=hard -mthumb -o "Module/iwdg.o"
arm-none-eabi-gcc "../Module/systemMonitor.c" -mcpu=cortex-m4 -std=gnu11 -g3 -DDEBUG -DUSE_HAL_DRIVER -DSTM32F446xx -c -I../Core/Inc -I../Drivers/STM32F4xx_HAL_Driver/Inc -I../Drivers/STM32F4xx_HAL_Driver/Inc/Legacy -I../Drivers/CMSIS/Device/ST/STM32F4xx/Include -I../Drivers/CMSIS/Include -I"H:/OpenECU/Code/VibrationMonitor_ECU/ThirdParty/FreeRTOS" -I"H:/OpenECU/Code/VibrationMonitor_ECU/ThirdParty/FreeRTOS/include" -I"H:/OpenECU/Code/VibrationMonitor_ECU/ThirdParty/FreeRTOS/portable/GCC/ARM_CM4F" -I"H:/OpenECU/Code/VibrationMonitor_ECU/ThirdParty/SEGGER/OS" -I"H:/OpenECU/Code/VibrationMonitor_ECU/ThirdParty/SEGGER/SEGGER" -I"H:/OpenECU/Code/VibrationMonitor_ECU/ThirdParty/SEGGER/Config" -I"H:/OpenECU/Code/VibrationMonitor_ECU/ThirdParty/SEGGER" -I"H:/OpenECU/Code/VibrationMonitor_ECU/Module" -I"H:/OpenECU/Code/VibrationMonitor_ECU/CMSIS_DSP/Include" -I"H:/OpenECU/Code/VibrationMonitor_ECU/CMSIS_DSP/PrivateInclude" -O0 -ffunction-sections -fdata-sections -Wall -fstack-usage -fcyclomatic-complexity -MMD -MP -MF"Module/systemMonitor.d" -MT"Module/systemMonitor.o" --specs=nano.specs -mfpu=fpv4-sp-d16 -mfloat-abi=hard -mthumb -o "Module/systemMonitor.o"
arm-none-eabi-gcc "../Module/vibration.c" -mcpu=cortex-m4 -std=gnu11 -g3 -DDEBUG -DUSE_HAL_DRIVER -DSTM32F446xx -c -I../Core/Inc -I../Drivers/STM32F4xx_HAL_Driver/Inc -I../Drivers/STM32F4xx_HAL_Driver/Inc/Legacy -I../Drivers/CMSIS/Device/ST/STM32F4xx/Include -I../Drivers/CMSIS/Include -I"H:/OpenECU/Code/VibrationMonitor_ECU/ThirdParty/FreeRTOS" -I"H:/OpenECU/Code/VibrationMonitor_ECU/ThirdParty/FreeRTOS/include" -I"H:/OpenECU/Code/VibrationMonitor_ECU/ThirdParty/FreeRTOS/portable/GCC/ARM_CM4F" -I"H:/OpenECU/Code/VibrationMonitor_ECU/ThirdParty/SEGGER/OS" -I"H:/OpenECU/Code/VibrationMonitor_ECU/ThirdParty/SEGGER/SEGGER" -I"H:/OpenECU/Code/VibrationMonitor_ECU/ThirdParty/SEGGER/Config" -I"H:/OpenECU/Code/VibrationMonitor_ECU/ThirdParty/SEGGER" -I"H:/OpenECU/Code/VibrationMonitor_ECU/Module" -I"H:/OpenECU/Code/VibrationMonitor_ECU/CMSIS_DSP/Include" -I"H:/OpenECU/Code/VibrationMonitor_ECU/CMSIS_DSP/PrivateInclude" -O0 -ffunction-sections -fdata-sections -Wall -fstack-usage -fcyclomatic-complexity -MMD -MP -MF"Module/vibration.d" -MT"Module/vibration.o" --specs=nano.specs -mfpu=fpv4-sp-d16 -mfloat-abi=hard -mthumb -o "Module/vibration.o"
arm-none-eabi-gcc "../Core/Src/main.c" -mcpu=cortex-m4 -std=gnu11 -g3 -DDEBUG -DUSE_HAL_DRIVER -DSTM32F446xx -c -I../Core/Inc -I../Drivers/STM32F4xx_HAL_Driver/Inc -I../Drivers/STM32F4xx_HAL_Driver/Inc/Legacy -I../Drivers/CMSIS/Device/ST/STM32F4xx/Include -I../Drivers/CMSIS/Include -I"H:/OpenECU/Code/VibrationMonitor_ECU/ThirdParty/FreeRTOS" -I"H:/OpenECU/Code/VibrationMonitor_ECU/ThirdParty/FreeRTOS/include" -I"H:/OpenECU/Code/VibrationMonitor_ECU/ThirdParty/FreeRTOS/portable/GCC/ARM_CM4F" -I"H:/OpenECU/Code/VibrationMonitor_ECU/ThirdParty/SEGGER/OS" -I"H:/OpenECU/Code/VibrationMonitor_ECU/ThirdParty/SEGGER/SEGGER" -I"H:/OpenECU/Code/VibrationMonitor_ECU/ThirdParty/SEGGER/Config" -I"H:/OpenECU/Code/VibrationMonitor_ECU/ThirdParty/SEGGER" -I"H:/OpenECU/Code/VibrationMonitor_ECU/Module" -I"H:/OpenECU/Code/VibrationMonitor_ECU/CMSIS_DSP/Include" -I"H:/OpenECU/Code/VibrationMonitor_ECU/CMSIS_DSP/PrivateInclude" -O0 -ffunction-sections -fdata-sections -Wall -fstack-usage -fcyclomatic-complexity -MMD -MP -MF"Core/Src/main.d" -MT"Core/Src/main.o" --specs=nano.specs -mfpu=fpv4-sp-d16 -mfloat-abi=hard -mthumb -o "Core/Src/main.o"
arm-none-eabi-gcc -o "VibrationMonitor_ECU.elf" @"objects.list"   -mcpu=cortex-m4 -T"H:\OpenECU\Code\VibrationMonitor_ECU\STM32F446RETX_FLASH.ld" --specs=nosys.specs -Wl,-Map="VibrationMonitor_ECU.map" -Wl,--gc-sections -static --specs=nano.specs -mfpu=fpv4-sp-d16 -mfloat-abi=hard -mthumb -u _printf_float -u _scanf_float -Wl,--start-group -lc -lm -Wl,--end-group
Finished building target: VibrationMonitor_ECU.elf
 
arm-none-eabi-size  VibrationMonitor_ECU.elf 
arm-none-eabi-objdump -h -S VibrationMonitor_ECU.elf  > "VibrationMonitor_ECU.list"
   text	   data	    bss	    dec	    hex	filename
 137928	    468	  89856	 228252	  37b9c	VibrationMonitor_ECU.elf
Finished building: default.size.stdout
 
Finished building: VibrationMonitor_ECU.list
 
