08:21:25 **** Build of configuration Debug for project LIN_Driver ****
make -j12 all 
arm-none-eabi-gcc -mcpu=cortex-m4 -g3 -DDEBUG -c -I"H:/OpenECU/Code/LIN_Driver/Module" -I"H:/OpenECU/Code/LIN_Driver/CMSIS" -I"H:/OpenECU/Code/LIN_Driver/Inc" -I"H:/OpenECU/Code/LIN_Driver/CMSIS/Device/ST/STM32F4xx/Include" -I"H:/OpenECU/Code/LIN_Driver/CMSIS/Include" -x assembler-with-cpp -MMD -MP -MF"Startup/startup_stm32f446retx.d" -MT"Startup/startup_stm32f446retx.o" --specs=nano.specs -mfpu=fpv4-sp-d16 -mfloat-abi=hard -mthumb -o "Startup/startup_stm32f446retx.o" "../Startup/startup_stm32f446retx.s"
arm-none-eabi-gcc "../Src/main.c" -mcpu=cortex-m4 -std=gnu11 -g3 -DDEBUG -DSTM32 -DSTM32F4 -DSTM32F446RETx -c -I../Inc -I"H:/OpenECU/Code/LIN_Driver/Module" -I"H:/OpenECU/Code/LIN_Driver/CMSIS" -I"H:/OpenECU/Code/LIN_Driver/CMSIS/Device/ST/STM32F4xx/Include" -I"H:/OpenECU/Code/LIN_Driver/CMSIS/Include" -O0 -ffunction-sections -fdata-sections -Wall -fstack-usage -fcyclomatic-complexity -MMD -MP -MF"Src/main.d" -MT"Src/main.o" --specs=nano.specs -mfpu=fpv4-sp-d16 -mfloat-abi=hard -mthumb -o "Src/main.o"
arm-none-eabi-gcc "../Src/syscalls.c" -mcpu=cortex-m4 -std=gnu11 -g3 -DDEBUG -DSTM32 -DSTM32F4 -DSTM32F446RETx -c -I../Inc -I"H:/OpenECU/Code/LIN_Driver/Module" -I"H:/OpenECU/Code/LIN_Driver/CMSIS" -I"H:/OpenECU/Code/LIN_Driver/CMSIS/Device/ST/STM32F4xx/Include" -I"H:/OpenECU/Code/LIN_Driver/CMSIS/Include" -O0 -ffunction-sections -fdata-sections -Wall -fstack-usage -fcyclomatic-complexity -MMD -MP -MF"Src/syscalls.d" -MT"Src/syscalls.o" --specs=nano.specs -mfpu=fpv4-sp-d16 -mfloat-abi=hard -mthumb -o "Src/syscalls.o"
arm-none-eabi-gcc "../Src/sysmem.c" -mcpu=cortex-m4 -std=gnu11 -g3 -DDEBUG -DSTM32 -DSTM32F4 -DSTM32F446RETx -c -I../Inc -I"H:/OpenECU/Code/LIN_Driver/Module" -I"H:/OpenECU/Code/LIN_Driver/CMSIS" -I"H:/OpenECU/Code/LIN_Driver/CMSIS/Device/ST/STM32F4xx/Include" -I"H:/OpenECU/Code/LIN_Driver/CMSIS/Include" -O0 -ffunction-sections -fdata-sections -Wall -fstack-usage -fcyclomatic-complexity -MMD -MP -MF"Src/sysmem.d" -MT"Src/sysmem.o" --specs=nano.specs -mfpu=fpv4-sp-d16 -mfloat-abi=hard -mthumb -o "Src/sysmem.o"
arm-none-eabi-gcc "../Module/lin.c" -mcpu=cortex-m4 -std=gnu11 -g3 -DDEBUG -DSTM32 -DSTM32F4 -DSTM32F446RETx -c -I../Inc -I"H:/OpenECU/Code/LIN_Driver/Module" -I"H:/OpenECU/Code/LIN_Driver/CMSIS" -I"H:/OpenECU/Code/LIN_Driver/CMSIS/Device/ST/STM32F4xx/Include" -I"H:/OpenECU/Code/LIN_Driver/CMSIS/Include" -O0 -ffunction-sections -fdata-sections -Wall -fstack-usage -fcyclomatic-complexity -MMD -MP -MF"Module/lin.d" -MT"Module/lin.o" --specs=nano.specs -mfpu=fpv4-sp-d16 -mfloat-abi=hard -mthumb -o "Module/lin.o"
arm-none-eabi-gcc "../Module/sysTick.c" -mcpu=cortex-m4 -std=gnu11 -g3 -DDEBUG -DSTM32 -DSTM32F4 -DSTM32F446RETx -c -I../Inc -I"H:/OpenECU/Code/LIN_Driver/Module" -I"H:/OpenECU/Code/LIN_Driver/CMSIS" -I"H:/OpenECU/Code/LIN_Driver/CMSIS/Device/ST/STM32F4xx/Include" -I"H:/OpenECU/Code/LIN_Driver/CMSIS/Include" -O0 -ffunction-sections -fdata-sections -Wall -fstack-usage -fcyclomatic-complexity -MMD -MP -MF"Module/sysTick.d" -MT"Module/sysTick.o" --specs=nano.specs -mfpu=fpv4-sp-d16 -mfloat-abi=hard -mthumb -o "Module/sysTick.o"
../Src/main.c:25:10: fatal error: can.h: No such file or directory
   25 | #include "can.h"
      |          ^~~~~~~
compilation terminated.
make: *** [Src/subdir.mk:25: Src/main.o] Error 1
make: *** Waiting for unfinished jobs....
"make -j12 all" terminated with exit code 2. Build might be incomplete.
22:01:48 **** Build of configuration Debug for project CAN_Driver ****
make -j12 all 
arm-none-eabi-gcc "../Src/main.c" -mcpu=cortex-m4 -std=gnu11 -g3 -DDEBUG -DSTM32 -DSTM32F4 -DSTM32F446RETx -c -I../Inc -I"H:/OpenECU/Code/CAN_Driver/Module" -I"H:/OpenECU/Code/CAN_Driver/CMSIS" -I"H:/OpenECU/Code/CAN_Driver/CMSIS/Device/ST/STM32F4xx/Include" -I"H:/OpenECU/Code/CAN_Driver/CMSIS/Include" -O0 -ffunction-sections -fdata-sections -Wall -fstack-usage -fcyclomatic-complexity -MMD -MP -MF"Src/main.d" -MT"Src/main.o" --specs=nano.specs -mfpu=fpv4-sp-d16 -mfloat-abi=hard -mthumb -o "Src/main.o"
arm-none-eabi-gcc "../Module/can.c" -mcpu=cortex-m4 -std=gnu11 -g3 -DDEBUG -DSTM32 -DSTM32F4 -DSTM32F446RETx -c -I../Inc -I"H:/OpenECU/Code/CAN_Driver/Module" -I"H:/OpenECU/Code/CAN_Driver/CMSIS" -I"H:/OpenECU/Code/CAN_Driver/CMSIS/Device/ST/STM32F4xx/Include" -I"H:/OpenECU/Code/CAN_Driver/CMSIS/Include" -O0 -ffunction-sections -fdata-sections -Wall -fstack-usage -fcyclomatic-complexity -MMD -MP -MF"Module/can.d" -MT"Module/can.o" --specs=nano.specs -mfpu=fpv4-sp-d16 -mfloat-abi=hard -mthumb -o "Module/can.o"
arm-none-eabi-gcc -o "CAN_Driver.elf" @"objects.list"   -mcpu=cortex-m4 -T"H:\OpenECU\Code\CAN_Driver\STM32F446RETX_FLASH.ld" --specs=nosys.specs -Wl,-Map="CAN_Driver.map" -Wl,--gc-sections -static --specs=nano.specs -mfpu=fpv4-sp-d16 -mfloat-abi=hard -mthumb -Wl,--start-group -lc -lm -Wl,--end-group
Finished building target: CAN_Driver.elf
 
arm-none-eabi-size  CAN_Driver.elf 
arm-none-eabi-objdump -h -S CAN_Driver.elf  > "CAN_Driver.list"
   text	   data	    bss	    dec	    hex	filename
   6136	     92	   1928	   8156	   1fdc	CAN_Driver.elf
Finished building: default.size.stdout
 
Finished building: CAN_Driver.list
 
22:02:00 **** Incremental Build of configuration Debug for project LIN_Driver ****
make -j12 all 
arm-none-eabi-gcc "../Src/main.c" -mcpu=cortex-m4 -std=gnu11 -g3 -DDEBUG -DSTM32 -DSTM32F4 -DSTM32F446RETx -c -I../Inc -I"H:/OpenECU/Code/LIN_Driver/Module" -I"H:/OpenECU/Code/LIN_Driver/CMSIS" -I"H:/OpenECU/Code/LIN_Driver/CMSIS/Device/ST/STM32F4xx/Include" -I"H:/OpenECU/Code/LIN_Driver/CMSIS/Include" -O0 -ffunction-sections -fdata-sections -Wall -fstack-usage -fcyclomatic-complexity -MMD -MP -MF"Src/main.d" -MT"Src/main.o" --specs=nano.specs -mfpu=fpv4-sp-d16 -mfloat-abi=hard -mthumb -o "Src/main.o"
arm-none-eabi-gcc "../Module/sysTick.c" -mcpu=cortex-m4 -std=gnu11 -g3 -DDEBUG -DSTM32 -DSTM32F4 -DSTM32F446RETx -c -I../Inc -I"H:/OpenECU/Code/LIN_Driver/Module" -I"H:/OpenECU/Code/LIN_Driver/CMSIS" -I"H:/OpenECU/Code/LIN_Driver/CMSIS/Device/ST/STM32F4xx/Include" -I"H:/OpenECU/Code/LIN_Driver/CMSIS/Include" -O0 -ffunction-sections -fdata-sections -Wall -fstack-usage -fcyclomatic-complexity -MMD -MP -MF"Module/sysTick.d" -MT"Module/sysTick.o" --specs=nano.specs -mfpu=fpv4-sp-d16 -mfloat-abi=hard -mthumb -o "Module/sysTick.o"
arm-none-eabi-gcc "../Module/uart_LIN.c" -mcpu=cortex-m4 -std=gnu11 -g3 -DDEBUG -DSTM32 -DSTM32F4 -DSTM32F446RETx -c -I../Inc -I"H:/OpenECU/Code/LIN_Driver/Module" -I"H:/OpenECU/Code/LIN_Driver/CMSIS" -I"H:/OpenECU/Code/LIN_Driver/CMSIS/Device/ST/STM32F4xx/Include" -I"H:/OpenECU/Code/LIN_Driver/CMSIS/Include" -O0 -ffunction-sections -fdata-sections -Wall -fstack-usage -fcyclomatic-complexity -MMD -MP -MF"Module/uart_LIN.d" -MT"Module/uart_LIN.o" --specs=nano.specs -mfpu=fpv4-sp-d16 -mfloat-abi=hard -mthumb -o "Module/uart_LIN.o"
../Src/main.c: In function 'main':
../Src/main.c:38:9: error: implicit declaration of function 'CAN1_Init' [-Wimplicit-function-declaration]
   38 |         CAN1_Init();
      |         ^~~~~~~~~
../Module/uart_LIN.c: In function 'LIN_PIDCal':
../Module/uart_LIN.c:62:23: error: implicit declaration of function 'Error_handler' [-Wimplicit-function-declaration]
   62 |         if(ID > 0x3F) Error_handler();
      |                       ^~~~~~~~~~~~~
../Module/uart_LIN.c: In function 'LIN_ChecksumCal':
../Module/uart_LIN.c:78:17: warning: variable 'buf' set but not used [-Wunused-but-set-variable]
   78 |         uint8_t buf[size + 1];
      |                 ^~~
../Src/main.c:49:25: error: implicit declaration of function 'CAN1_TxMsg' [-Wimplicit-function-declaration]
   49 |                         CAN1_TxMsg((uint8_t *)MSG, len);
      |                         ^~~~~~~~~~
make: *** [Module/subdir.mk:22: Module/uart_LIN.o] Error 1
make: *** Waiting for unfinished jobs....
make: *** [Src/subdir.mk:25: Src/main.o] Error 1
"make -j12 all" terminated with exit code 2. Build might be incomplete.
22:02:03 **** Build of configuration Debug for project SEGGER_testing ****
make -j12 all 
arm-none-eabi-gcc "../ThirdParty/SEGGER/SEGGER/Syscalls/SEGGER_RTT_Syscalls_GCC.c" -mcpu=cortex-m4 -std=gnu11 -g3 -DDEBUG -DUSE_HAL_DRIVER -DSTM32F446xx -c -I../Core/Inc -I../Drivers/STM32F4xx_HAL_Driver/Inc -I../Drivers/STM32F4xx_HAL_Driver/Inc/Legacy -I../Drivers/CMSIS/Device/ST/STM32F4xx/Include -I../Drivers/CMSIS/Include -I"H:/OpenECU/Code/SEGGER_testing/ThirdParty/FreeRTOS" -I"H:/OpenECU/Code/SEGGER_testing/ThirdParty/FreeRTOS/include" -I"H:/OpenECU/Code/SEGGER_testing/ThirdParty/FreeRTOS/portable/GCC/ARM_CM4F" -I"H:/OpenECU/Code/SEGGER_testing/ThirdParty/SEGGER/OS" -I"H:/OpenECU/Code/SEGGER_testing/ThirdParty/SEGGER/SEGGER" -I"H:/OpenECU/Code/SEGGER_testing/ThirdParty/SEGGER/Config" -I"H:/OpenECU/Code/SEGGER_testing/ThirdParty/SEGGER" -O0 -ffunction-sections -fdata-sections -Wall -fstack-usage -fcyclomatic-complexity -MMD -MP -MF"ThirdParty/SEGGER/SEGGER/Syscalls/SEGGER_RTT_Syscalls_GCC.d" -MT"ThirdParty/SEGGER/SEGGER/Syscalls/SEGGER_RTT_Syscalls_GCC.o" --specs=nano.specs -mfpu=fpv4-sp-d16 -mfloat-abi=hard -mthumb -o "ThirdParty/SEGGER/SEGGER/Syscalls/SEGGER_RTT_Syscalls_GCC.o"
arm-none-eabi-gcc "../ThirdParty/SEGGER/SEGGER/SEGGER_RTT.c" -mcpu=cortex-m4 -std=gnu11 -g3 -DDEBUG -DUSE_HAL_DRIVER -DSTM32F446xx -c -I../Core/Inc -I../Drivers/STM32F4xx_HAL_Driver/Inc -I../Drivers/STM32F4xx_HAL_Driver/Inc/Legacy -I../Drivers/CMSIS/Device/ST/STM32F4xx/Include -I../Drivers/CMSIS/Include -I"H:/OpenECU/Code/SEGGER_testing/ThirdParty/FreeRTOS" -I"H:/OpenECU/Code/SEGGER_testing/ThirdParty/FreeRTOS/include" -I"H:/OpenECU/Code/SEGGER_testing/ThirdParty/FreeRTOS/portable/GCC/ARM_CM4F" -I"H:/OpenECU/Code/SEGGER_testing/ThirdParty/SEGGER/OS" -I"H:/OpenECU/Code/SEGGER_testing/ThirdParty/SEGGER/SEGGER" -I"H:/OpenECU/Code/SEGGER_testing/ThirdParty/SEGGER/Config" -I"H:/OpenECU/Code/SEGGER_testing/ThirdParty/SEGGER" -O0 -ffunction-sections -fdata-sections -Wall -fstack-usage -fcyclomatic-complexity -MMD -MP -MF"ThirdParty/SEGGER/SEGGER/SEGGER_RTT.d" -MT"ThirdParty/SEGGER/SEGGER/SEGGER_RTT.o" --specs=nano.specs -mfpu=fpv4-sp-d16 -mfloat-abi=hard -mthumb -o "ThirdParty/SEGGER/SEGGER/SEGGER_RTT.o"
arm-none-eabi-gcc -mcpu=cortex-m4 -g3 -DDEBUG -c -I"H:/OpenECU/Code/SEGGER_testing/ThirdParty/SEGGER/SEGGER" -I"H:/OpenECU/Code/SEGGER_testing/ThirdParty/SEGGER/Config" -I"H:/OpenECU/Code/SEGGER_testing/ThirdParty/SEGGER/OS" -x assembler-with-cpp -MMD -MP -MF"ThirdParty/SEGGER/SEGGER/SEGGER_RTT_ASM_ARMv7M.d" -MT"ThirdParty/SEGGER/SEGGER/SEGGER_RTT_ASM_ARMv7M.o" --specs=nano.specs -mfpu=fpv4-sp-d16 -mfloat-abi=hard -mthumb -o "ThirdParty/SEGGER/SEGGER/SEGGER_RTT_ASM_ARMv7M.o" "../ThirdParty/SEGGER/SEGGER/SEGGER_RTT_ASM_ARMv7M.S"
arm-none-eabi-gcc "../ThirdParty/SEGGER/SEGGER/SEGGER_RTT_printf.c" -mcpu=cortex-m4 -std=gnu11 -g3 -DDEBUG -DUSE_HAL_DRIVER -DSTM32F446xx -c -I../Core/Inc -I../Drivers/STM32F4xx_HAL_Driver/Inc -I../Drivers/STM32F4xx_HAL_Driver/Inc/Legacy -I../Drivers/CMSIS/Device/ST/STM32F4xx/Include -I../Drivers/CMSIS/Include -I"H:/OpenECU/Code/SEGGER_testing/ThirdParty/FreeRTOS" -I"H:/OpenECU/Code/SEGGER_testing/ThirdParty/FreeRTOS/include" -I"H:/OpenECU/Code/SEGGER_testing/ThirdParty/FreeRTOS/portable/GCC/ARM_CM4F" -I"H:/OpenECU/Code/SEGGER_testing/ThirdParty/SEGGER/OS" -I"H:/OpenECU/Code/SEGGER_testing/ThirdParty/SEGGER/SEGGER" -I"H:/OpenECU/Code/SEGGER_testing/ThirdParty/SEGGER/Config" -I"H:/OpenECU/Code/SEGGER_testing/ThirdParty/SEGGER" -O0 -ffunction-sections -fdata-sections -Wall -fstack-usage -fcyclomatic-complexity -MMD -MP -MF"ThirdParty/SEGGER/SEGGER/SEGGER_RTT_printf.d" -MT"ThirdParty/SEGGER/SEGGER/SEGGER_RTT_printf.o" --specs=nano.specs -mfpu=fpv4-sp-d16 -mfloat-abi=hard -mthumb -o "ThirdParty/SEGGER/SEGGER/SEGGER_RTT_printf.o"
arm-none-eabi-gcc "../ThirdParty/SEGGER/SEGGER/SEGGER_SYSVIEW.c" -mcpu=cortex-m4 -std=gnu11 -g3 -DDEBUG -DUSE_HAL_DRIVER -DSTM32F446xx -c -I../Core/Inc -I../Drivers/STM32F4xx_HAL_Driver/Inc -I../Drivers/STM32F4xx_HAL_Driver/Inc/Legacy -I../Drivers/CMSIS/Device/ST/STM32F4xx/Include -I../Drivers/CMSIS/Include -I"H:/OpenECU/Code/SEGGER_testing/ThirdParty/FreeRTOS" -I"H:/OpenECU/Code/SEGGER_testing/ThirdParty/FreeRTOS/include" -I"H:/OpenECU/Code/SEGGER_testing/ThirdParty/FreeRTOS/portable/GCC/ARM_CM4F" -I"H:/OpenECU/Code/SEGGER_testing/ThirdParty/SEGGER/OS" -I"H:/OpenECU/Code/SEGGER_testing/ThirdParty/SEGGER/SEGGER" -I"H:/OpenECU/Code/SEGGER_testing/ThirdParty/SEGGER/Config" -I"H:/OpenECU/Code/SEGGER_testing/ThirdParty/SEGGER" -O0 -ffunction-sections -fdata-sections -Wall -fstack-usage -fcyclomatic-complexity -MMD -MP -MF"ThirdParty/SEGGER/SEGGER/SEGGER_SYSVIEW.d" -MT"ThirdParty/SEGGER/SEGGER/SEGGER_SYSVIEW.o" --specs=nano.specs -mfpu=fpv4-sp-d16 -mfloat-abi=hard -mthumb -o "ThirdParty/SEGGER/SEGGER/SEGGER_SYSVIEW.o"
arm-none-eabi-gcc "../ThirdParty/SEGGER/Rec/segger_uart.c" -mcpu=cortex-m4 -std=gnu11 -g3 -DDEBUG -DUSE_HAL_DRIVER -DSTM32F446xx -c -I../Core/Inc -I../Drivers/STM32F4xx_HAL_Driver/Inc -I../Drivers/STM32F4xx_HAL_Driver/Inc/Legacy -I../Drivers/CMSIS/Device/ST/STM32F4xx/Include -I../Drivers/CMSIS/Include -I"H:/OpenECU/Code/SEGGER_testing/ThirdParty/FreeRTOS" -I"H:/OpenECU/Code/SEGGER_testing/ThirdParty/FreeRTOS/include" -I"H:/OpenECU/Code/SEGGER_testing/ThirdParty/FreeRTOS/portable/GCC/ARM_CM4F" -I"H:/OpenECU/Code/SEGGER_testing/ThirdParty/SEGGER/OS" -I"H:/OpenECU/Code/SEGGER_testing/ThirdParty/SEGGER/SEGGER" -I"H:/OpenECU/Code/SEGGER_testing/ThirdParty/SEGGER/Config" -I"H:/OpenECU/Code/SEGGER_testing/ThirdParty/SEGGER" -O0 -ffunction-sections -fdata-sections -Wall -fstack-usage -fcyclomatic-complexity -MMD -MP -MF"ThirdParty/SEGGER/Rec/segger_uart.d" -MT"ThirdParty/SEGGER/Rec/segger_uart.o" --specs=nano.specs -mfpu=fpv4-sp-d16 -mfloat-abi=hard -mthumb -o "ThirdParty/SEGGER/Rec/segger_uart.o"
arm-none-eabi-gcc "../ThirdParty/SEGGER/OS/SEGGER_SYSVIEW_FreeRTOS.c" -mcpu=cortex-m4 -std=gnu11 -g3 -DDEBUG -DUSE_HAL_DRIVER -DSTM32F446xx -c -I../Core/Inc -I../Drivers/STM32F4xx_HAL_Driver/Inc -I../Drivers/STM32F4xx_HAL_Driver/Inc/Legacy -I../Drivers/CMSIS/Device/ST/STM32F4xx/Include -I../Drivers/CMSIS/Include -I"H:/OpenECU/Code/SEGGER_testing/ThirdParty/FreeRTOS" -I"H:/OpenECU/Code/SEGGER_testing/ThirdParty/FreeRTOS/include" -I"H:/OpenECU/Code/SEGGER_testing/ThirdParty/FreeRTOS/portable/GCC/ARM_CM4F" -I"H:/OpenECU/Code/SEGGER_testing/ThirdParty/SEGGER/OS" -I"H:/OpenECU/Code/SEGGER_testing/ThirdParty/SEGGER/SEGGER" -I"H:/OpenECU/Code/SEGGER_testing/ThirdParty/SEGGER/Config" -I"H:/OpenECU/Code/SEGGER_testing/ThirdParty/SEGGER" -O0 -ffunction-sections -fdata-sections -Wall -fstack-usage -fcyclomatic-complexity -MMD -MP -MF"ThirdParty/SEGGER/OS/SEGGER_SYSVIEW_FreeRTOS.d" -MT"ThirdParty/SEGGER/OS/SEGGER_SYSVIEW_FreeRTOS.o" --specs=nano.specs -mfpu=fpv4-sp-d16 -mfloat-abi=hard -mthumb -o "ThirdParty/SEGGER/OS/SEGGER_SYSVIEW_FreeRTOS.o"
arm-none-eabi-gcc "../ThirdParty/SEGGER/Config/SEGGER_SYSVIEW_Config_FreeRTOS.c" -mcpu=cortex-m4 -std=gnu11 -g3 -DDEBUG -DUSE_HAL_DRIVER -DSTM32F446xx -c -I../Core/Inc -I../Drivers/STM32F4xx_HAL_Driver/Inc -I../Drivers/STM32F4xx_HAL_Driver/Inc/Legacy -I../Drivers/CMSIS/Device/ST/STM32F4xx/Include -I../Drivers/CMSIS/Include -I"H:/OpenECU/Code/SEGGER_testing/ThirdParty/FreeRTOS" -I"H:/OpenECU/Code/SEGGER_testing/ThirdParty/FreeRTOS/include" -I"H:/OpenECU/Code/SEGGER_testing/ThirdParty/FreeRTOS/portable/GCC/ARM_CM4F" -I"H:/OpenECU/Code/SEGGER_testing/ThirdParty/SEGGER/OS" -I"H:/OpenECU/Code/SEGGER_testing/ThirdParty/SEGGER/SEGGER" -I"H:/OpenECU/Code/SEGGER_testing/ThirdParty/SEGGER/Config" -I"H:/OpenECU/Code/SEGGER_testing/ThirdParty/SEGGER" -O0 -ffunction-sections -fdata-sections -Wall -fstack-usage -fcyclomatic-complexity -MMD -MP -MF"ThirdParty/SEGGER/Config/SEGGER_SYSVIEW_Config_FreeRTOS.d" -MT"ThirdParty/SEGGER/Config/SEGGER_SYSVIEW_Config_FreeRTOS.o" --specs=nano.specs -mfpu=fpv4-sp-d16 -mfloat-abi=hard -mthumb -o "ThirdParty/SEGGER/Config/SEGGER_SYSVIEW_Config_FreeRTOS.o"
arm-none-eabi-gcc "../ThirdParty/FreeRTOS/portable/MemMang/heap_4.c" -mcpu=cortex-m4 -std=gnu11 -g3 -DDEBUG -DUSE_HAL_DRIVER -DSTM32F446xx -c -I../Core/Inc -I../Drivers/STM32F4xx_HAL_Driver/Inc -I../Drivers/STM32F4xx_HAL_Driver/Inc/Legacy -I../Drivers/CMSIS/Device/ST/STM32F4xx/Include -I../Drivers/CMSIS/Include -I"H:/OpenECU/Code/SEGGER_testing/ThirdParty/FreeRTOS" -I"H:/OpenECU/Code/SEGGER_testing/ThirdParty/FreeRTOS/include" -I"H:/OpenECU/Code/SEGGER_testing/ThirdParty/FreeRTOS/portable/GCC/ARM_CM4F" -I"H:/OpenECU/Code/SEGGER_testing/ThirdParty/SEGGER/OS" -I"H:/OpenECU/Code/SEGGER_testing/ThirdParty/SEGGER/SEGGER" -I"H:/OpenECU/Code/SEGGER_testing/ThirdParty/SEGGER/Config" -I"H:/OpenECU/Code/SEGGER_testing/ThirdParty/SEGGER" -O0 -ffunction-sections -fdata-sections -Wall -fstack-usage -fcyclomatic-complexity -MMD -MP -MF"ThirdParty/FreeRTOS/portable/MemMang/heap_4.d" -MT"ThirdParty/FreeRTOS/portable/MemMang/heap_4.o" --specs=nano.specs -mfpu=fpv4-sp-d16 -mfloat-abi=hard -mthumb -o "ThirdParty/FreeRTOS/portable/MemMang/heap_4.o"
arm-none-eabi-gcc "../ThirdParty/FreeRTOS/portable/GCC/ARM_CM4F/port.c" -mcpu=cortex-m4 -std=gnu11 -g3 -DDEBUG -DUSE_HAL_DRIVER -DSTM32F446xx -c -I../Core/Inc -I../Drivers/STM32F4xx_HAL_Driver/Inc -I../Drivers/STM32F4xx_HAL_Driver/Inc/Legacy -I../Drivers/CMSIS/Device/ST/STM32F4xx/Include -I../Drivers/CMSIS/Include -I"H:/OpenECU/Code/SEGGER_testing/ThirdParty/FreeRTOS" -I"H:/OpenECU/Code/SEGGER_testing/ThirdParty/FreeRTOS/include" -I"H:/OpenECU/Code/SEGGER_testing/ThirdParty/FreeRTOS/portable/GCC/ARM_CM4F" -I"H:/OpenECU/Code/SEGGER_testing/ThirdParty/SEGGER/OS" -I"H:/OpenECU/Code/SEGGER_testing/ThirdParty/SEGGER/SEGGER" -I"H:/OpenECU/Code/SEGGER_testing/ThirdParty/SEGGER/Config" -I"H:/OpenECU/Code/SEGGER_testing/ThirdParty/SEGGER" -O0 -ffunction-sections -fdata-sections -Wall -fstack-usage -fcyclomatic-complexity -MMD -MP -MF"ThirdParty/FreeRTOS/portable/GCC/ARM_CM4F/port.d" -MT"ThirdParty/FreeRTOS/portable/GCC/ARM_CM4F/port.o" --specs=nano.specs -mfpu=fpv4-sp-d16 -mfloat-abi=hard -mthumb -o "ThirdParty/FreeRTOS/portable/GCC/ARM_CM4F/port.o"
arm-none-eabi-gcc "../ThirdParty/FreeRTOS/croutine.c" -mcpu=cortex-m4 -std=gnu11 -g3 -DDEBUG -DUSE_HAL_DRIVER -DSTM32F446xx -c -I../Core/Inc -I../Drivers/STM32F4xx_HAL_Driver/Inc -I../Drivers/STM32F4xx_HAL_Driver/Inc/Legacy -I../Drivers/CMSIS/Device/ST/STM32F4xx/Include -I../Drivers/CMSIS/Include -I"H:/OpenECU/Code/SEGGER_testing/ThirdParty/FreeRTOS" -I"H:/OpenECU/Code/SEGGER_testing/ThirdParty/FreeRTOS/include" -I"H:/OpenECU/Code/SEGGER_testing/ThirdParty/FreeRTOS/portable/GCC/ARM_CM4F" -I"H:/OpenECU/Code/SEGGER_testing/ThirdParty/SEGGER/OS" -I"H:/OpenECU/Code/SEGGER_testing/ThirdParty/SEGGER/SEGGER" -I"H:/OpenECU/Code/SEGGER_testing/ThirdParty/SEGGER/Config" -I"H:/OpenECU/Code/SEGGER_testing/ThirdParty/SEGGER" -O0 -ffunction-sections -fdata-sections -Wall -fstack-usage -fcyclomatic-complexity -MMD -MP -MF"ThirdParty/FreeRTOS/croutine.d" -MT"ThirdParty/FreeRTOS/croutine.o" --specs=nano.specs -mfpu=fpv4-sp-d16 -mfloat-abi=hard -mthumb -o "ThirdParty/FreeRTOS/croutine.o"
arm-none-eabi-gcc "../ThirdParty/FreeRTOS/event_groups.c" -mcpu=cortex-m4 -std=gnu11 -g3 -DDEBUG -DUSE_HAL_DRIVER -DSTM32F446xx -c -I../Core/Inc -I../Drivers/STM32F4xx_HAL_Driver/Inc -I../Drivers/STM32F4xx_HAL_Driver/Inc/Legacy -I../Drivers/CMSIS/Device/ST/STM32F4xx/Include -I../Drivers/CMSIS/Include -I"H:/OpenECU/Code/SEGGER_testing/ThirdParty/FreeRTOS" -I"H:/OpenECU/Code/SEGGER_testing/ThirdParty/FreeRTOS/include" -I"H:/OpenECU/Code/SEGGER_testing/ThirdParty/FreeRTOS/portable/GCC/ARM_CM4F" -I"H:/OpenECU/Code/SEGGER_testing/ThirdParty/SEGGER/OS" -I"H:/OpenECU/Code/SEGGER_testing/ThirdParty/SEGGER/SEGGER" -I"H:/OpenECU/Code/SEGGER_testing/ThirdParty/SEGGER/Config" -I"H:/OpenECU/Code/SEGGER_testing/ThirdParty/SEGGER" -O0 -ffunction-sections -fdata-sections -Wall -fstack-usage -fcyclomatic-complexity -MMD -MP -MF"ThirdParty/FreeRTOS/event_groups.d" -MT"ThirdParty/FreeRTOS/event_groups.o" --specs=nano.specs -mfpu=fpv4-sp-d16 -mfloat-abi=hard -mthumb -o "ThirdParty/FreeRTOS/event_groups.o"
arm-none-eabi-gcc "../ThirdParty/FreeRTOS/list.c" -mcpu=cortex-m4 -std=gnu11 -g3 -DDEBUG -DUSE_HAL_DRIVER -DSTM32F446xx -c -I../Core/Inc -I../Drivers/STM32F4xx_HAL_Driver/Inc -I../Drivers/STM32F4xx_HAL_Driver/Inc/Legacy -I../Drivers/CMSIS/Device/ST/STM32F4xx/Include -I../Drivers/CMSIS/Include -I"H:/OpenECU/Code/SEGGER_testing/ThirdParty/FreeRTOS" -I"H:/OpenECU/Code/SEGGER_testing/ThirdParty/FreeRTOS/include" -I"H:/OpenECU/Code/SEGGER_testing/ThirdParty/FreeRTOS/portable/GCC/ARM_CM4F" -I"H:/OpenECU/Code/SEGGER_testing/ThirdParty/SEGGER/OS" -I"H:/OpenECU/Code/SEGGER_testing/ThirdParty/SEGGER/SEGGER" -I"H:/OpenECU/Code/SEGGER_testing/ThirdParty/SEGGER/Config" -I"H:/OpenECU/Code/SEGGER_testing/ThirdParty/SEGGER" -O0 -ffunction-sections -fdata-sections -Wall -fstack-usage -fcyclomatic-complexity -MMD -MP -MF"ThirdParty/FreeRTOS/list.d" -MT"ThirdParty/FreeRTOS/list.o" --specs=nano.specs -mfpu=fpv4-sp-d16 -mfloat-abi=hard -mthumb -o "ThirdParty/FreeRTOS/list.o"
arm-none-eabi-gcc "../ThirdParty/FreeRTOS/queue.c" -mcpu=cortex-m4 -std=gnu11 -g3 -DDEBUG -DUSE_HAL_DRIVER -DSTM32F446xx -c -I../Core/Inc -I../Drivers/STM32F4xx_HAL_Driver/Inc -I../Drivers/STM32F4xx_HAL_Driver/Inc/Legacy -I../Drivers/CMSIS/Device/ST/STM32F4xx/Include -I../Drivers/CMSIS/Include -I"H:/OpenECU/Code/SEGGER_testing/ThirdParty/FreeRTOS" -I"H:/OpenECU/Code/SEGGER_testing/ThirdParty/FreeRTOS/include" -I"H:/OpenECU/Code/SEGGER_testing/ThirdParty/FreeRTOS/portable/GCC/ARM_CM4F" -I"H:/OpenECU/Code/SEGGER_testing/ThirdParty/SEGGER/OS" -I"H:/OpenECU/Code/SEGGER_testing/ThirdParty/SEGGER/SEGGER" -I"H:/OpenECU/Code/SEGGER_testing/ThirdParty/SEGGER/Config" -I"H:/OpenECU/Code/SEGGER_testing/ThirdParty/SEGGER" -O0 -ffunction-sections -fdata-sections -Wall -fstack-usage -fcyclomatic-complexity -MMD -MP -MF"ThirdParty/FreeRTOS/queue.d" -MT"ThirdParty/FreeRTOS/queue.o" --specs=nano.specs -mfpu=fpv4-sp-d16 -mfloat-abi=hard -mthumb -o "ThirdParty/FreeRTOS/queue.o"
arm-none-eabi-gcc "../ThirdParty/FreeRTOS/stream_buffer.c" -mcpu=cortex-m4 -std=gnu11 -g3 -DDEBUG -DUSE_HAL_DRIVER -DSTM32F446xx -c -I../Core/Inc -I../Drivers/STM32F4xx_HAL_Driver/Inc -I../Drivers/STM32F4xx_HAL_Driver/Inc/Legacy -I../Drivers/CMSIS/Device/ST/STM32F4xx/Include -I../Drivers/CMSIS/Include -I"H:/OpenECU/Code/SEGGER_testing/ThirdParty/FreeRTOS" -I"H:/OpenECU/Code/SEGGER_testing/ThirdParty/FreeRTOS/include" -I"H:/OpenECU/Code/SEGGER_testing/ThirdParty/FreeRTOS/portable/GCC/ARM_CM4F" -I"H:/OpenECU/Code/SEGGER_testing/ThirdParty/SEGGER/OS" -I"H:/OpenECU/Code/SEGGER_testing/ThirdParty/SEGGER/SEGGER" -I"H:/OpenECU/Code/SEGGER_testing/ThirdParty/SEGGER/Config" -I"H:/OpenECU/Code/SEGGER_testing/ThirdParty/SEGGER" -O0 -ffunction-sections -fdata-sections -Wall -fstack-usage -fcyclomatic-complexity -MMD -MP -MF"ThirdParty/FreeRTOS/stream_buffer.d" -MT"ThirdParty/FreeRTOS/stream_buffer.o" --specs=nano.specs -mfpu=fpv4-sp-d16 -mfloat-abi=hard -mthumb -o "ThirdParty/FreeRTOS/stream_buffer.o"
arm-none-eabi-gcc "../ThirdParty/FreeRTOS/tasks.c" -mcpu=cortex-m4 -std=gnu11 -g3 -DDEBUG -DUSE_HAL_DRIVER -DSTM32F446xx -c -I../Core/Inc -I../Drivers/STM32F4xx_HAL_Driver/Inc -I../Drivers/STM32F4xx_HAL_Driver/Inc/Legacy -I../Drivers/CMSIS/Device/ST/STM32F4xx/Include -I../Drivers/CMSIS/Include -I"H:/OpenECU/Code/SEGGER_testing/ThirdParty/FreeRTOS" -I"H:/OpenECU/Code/SEGGER_testing/ThirdParty/FreeRTOS/include" -I"H:/OpenECU/Code/SEGGER_testing/ThirdParty/FreeRTOS/portable/GCC/ARM_CM4F" -I"H:/OpenECU/Code/SEGGER_testing/ThirdParty/SEGGER/OS" -I"H:/OpenECU/Code/SEGGER_testing/ThirdParty/SEGGER/SEGGER" -I"H:/OpenECU/Code/SEGGER_testing/ThirdParty/SEGGER/Config" -I"H:/OpenECU/Code/SEGGER_testing/ThirdParty/SEGGER" -O0 -ffunction-sections -fdata-sections -Wall -fstack-usage -fcyclomatic-complexity -MMD -MP -MF"ThirdParty/FreeRTOS/tasks.d" -MT"ThirdParty/FreeRTOS/tasks.o" --specs=nano.specs -mfpu=fpv4-sp-d16 -mfloat-abi=hard -mthumb -o "ThirdParty/FreeRTOS/tasks.o"
arm-none-eabi-gcc "../ThirdParty/FreeRTOS/timers.c" -mcpu=cortex-m4 -std=gnu11 -g3 -DDEBUG -DUSE_HAL_DRIVER -DSTM32F446xx -c -I../Core/Inc -I../Drivers/STM32F4xx_HAL_Driver/Inc -I../Drivers/STM32F4xx_HAL_Driver/Inc/Legacy -I../Drivers/CMSIS/Device/ST/STM32F4xx/Include -I../Drivers/CMSIS/Include -I"H:/OpenECU/Code/SEGGER_testing/ThirdParty/FreeRTOS" -I"H:/OpenECU/Code/SEGGER_testing/ThirdParty/FreeRTOS/include" -I"H:/OpenECU/Code/SEGGER_testing/ThirdParty/FreeRTOS/portable/GCC/ARM_CM4F" -I"H:/OpenECU/Code/SEGGER_testing/ThirdParty/SEGGER/OS" -I"H:/OpenECU/Code/SEGGER_testing/ThirdParty/SEGGER/SEGGER" -I"H:/OpenECU/Code/SEGGER_testing/ThirdParty/SEGGER/Config" -I"H:/OpenECU/Code/SEGGER_testing/ThirdParty/SEGGER" -O0 -ffunction-sections -fdata-sections -Wall -fstack-usage -fcyclomatic-complexity -MMD -MP -MF"ThirdParty/FreeRTOS/timers.d" -MT"ThirdParty/FreeRTOS/timers.o" --specs=nano.specs -mfpu=fpv4-sp-d16 -mfloat-abi=hard -mthumb -o "ThirdParty/FreeRTOS/timers.o"
arm-none-eabi-gcc "../Drivers/STM32F4xx_HAL_Driver/Src/stm32f4xx_hal.c" -mcpu=cortex-m4 -std=gnu11 -g3 -DDEBUG -DUSE_HAL_DRIVER -DSTM32F446xx -c -I../Core/Inc -I../Drivers/STM32F4xx_HAL_Driver/Inc -I../Drivers/STM32F4xx_HAL_Driver/Inc/Legacy -I../Drivers/CMSIS/Device/ST/STM32F4xx/Include -I../Drivers/CMSIS/Include -I"H:/OpenECU/Code/SEGGER_testing/ThirdParty/FreeRTOS" -I"H:/OpenECU/Code/SEGGER_testing/ThirdParty/FreeRTOS/include" -I"H:/OpenECU/Code/SEGGER_testing/ThirdParty/FreeRTOS/portable/GCC/ARM_CM4F" -I"H:/OpenECU/Code/SEGGER_testing/ThirdParty/SEGGER/OS" -I"H:/OpenECU/Code/SEGGER_testing/ThirdParty/SEGGER/SEGGER" -I"H:/OpenECU/Code/SEGGER_testing/ThirdParty/SEGGER/Config" -I"H:/OpenECU/Code/SEGGER_testing/ThirdParty/SEGGER" -O0 -ffunction-sections -fdata-sections -Wall -fstack-usage -fcyclomatic-complexity -MMD -MP -MF"Drivers/STM32F4xx_HAL_Driver/Src/stm32f4xx_hal.d" -MT"Drivers/STM32F4xx_HAL_Driver/Src/stm32f4xx_hal.o" --specs=nano.specs -mfpu=fpv4-sp-d16 -mfloat-abi=hard -mthumb -o "Drivers/STM32F4xx_HAL_Driver/Src/stm32f4xx_hal.o"
arm-none-eabi-gcc "../Drivers/STM32F4xx_HAL_Driver/Src/stm32f4xx_hal_cortex.c" -mcpu=cortex-m4 -std=gnu11 -g3 -DDEBUG -DUSE_HAL_DRIVER -DSTM32F446xx -c -I../Core/Inc -I../Drivers/STM32F4xx_HAL_Driver/Inc -I../Drivers/STM32F4xx_HAL_Driver/Inc/Legacy -I../Drivers/CMSIS/Device/ST/STM32F4xx/Include -I../Drivers/CMSIS/Include -I"H:/OpenECU/Code/SEGGER_testing/ThirdParty/FreeRTOS" -I"H:/OpenECU/Code/SEGGER_testing/ThirdParty/FreeRTOS/include" -I"H:/OpenECU/Code/SEGGER_testing/ThirdParty/FreeRTOS/portable/GCC/ARM_CM4F" -I"H:/OpenECU/Code/SEGGER_testing/ThirdParty/SEGGER/OS" -I"H:/OpenECU/Code/SEGGER_testing/ThirdParty/SEGGER/SEGGER" -I"H:/OpenECU/Code/SEGGER_testing/ThirdParty/SEGGER/Config" -I"H:/OpenECU/Code/SEGGER_testing/ThirdParty/SEGGER" -O0 -ffunction-sections -fdata-sections -Wall -fstack-usage -fcyclomatic-complexity -MMD -MP -MF"Drivers/STM32F4xx_HAL_Driver/Src/stm32f4xx_hal_cortex.d" -MT"Drivers/STM32F4xx_HAL_Driver/Src/stm32f4xx_hal_cortex.o" --specs=nano.specs -mfpu=fpv4-sp-d16 -mfloat-abi=hard -mthumb -o "Drivers/STM32F4xx_HAL_Driver/Src/stm32f4xx_hal_cortex.o"
arm-none-eabi-gcc "../Drivers/STM32F4xx_HAL_Driver/Src/stm32f4xx_hal_dma.c" -mcpu=cortex-m4 -std=gnu11 -g3 -DDEBUG -DUSE_HAL_DRIVER -DSTM32F446xx -c -I../Core/Inc -I../Drivers/STM32F4xx_HAL_Driver/Inc -I../Drivers/STM32F4xx_HAL_Driver/Inc/Legacy -I../Drivers/CMSIS/Device/ST/STM32F4xx/Include -I../Drivers/CMSIS/Include -I"H:/OpenECU/Code/SEGGER_testing/ThirdParty/FreeRTOS" -I"H:/OpenECU/Code/SEGGER_testing/ThirdParty/FreeRTOS/include" -I"H:/OpenECU/Code/SEGGER_testing/ThirdParty/FreeRTOS/portable/GCC/ARM_CM4F" -I"H:/OpenECU/Code/SEGGER_testing/ThirdParty/SEGGER/OS" -I"H:/OpenECU/Code/SEGGER_testing/ThirdParty/SEGGER/SEGGER" -I"H:/OpenECU/Code/SEGGER_testing/ThirdParty/SEGGER/Config" -I"H:/OpenECU/Code/SEGGER_testing/ThirdParty/SEGGER" -O0 -ffunction-sections -fdata-sections -Wall -fstack-usage -fcyclomatic-complexity -MMD -MP -MF"Drivers/STM32F4xx_HAL_Driver/Src/stm32f4xx_hal_dma.d" -MT"Drivers/STM32F4xx_HAL_Driver/Src/stm32f4xx_hal_dma.o" --specs=nano.specs -mfpu=fpv4-sp-d16 -mfloat-abi=hard -mthumb -o "Drivers/STM32F4xx_HAL_Driver/Src/stm32f4xx_hal_dma.o"
arm-none-eabi-gcc "../Drivers/STM32F4xx_HAL_Driver/Src/stm32f4xx_hal_dma_ex.c" -mcpu=cortex-m4 -std=gnu11 -g3 -DDEBUG -DUSE_HAL_DRIVER -DSTM32F446xx -c -I../Core/Inc -I../Drivers/STM32F4xx_HAL_Driver/Inc -I../Drivers/STM32F4xx_HAL_Driver/Inc/Legacy -I../Drivers/CMSIS/Device/ST/STM32F4xx/Include -I../Drivers/CMSIS/Include -I"H:/OpenECU/Code/SEGGER_testing/ThirdParty/FreeRTOS" -I"H:/OpenECU/Code/SEGGER_testing/ThirdParty/FreeRTOS/include" -I"H:/OpenECU/Code/SEGGER_testing/ThirdParty/FreeRTOS/portable/GCC/ARM_CM4F" -I"H:/OpenECU/Code/SEGGER_testing/ThirdParty/SEGGER/OS" -I"H:/OpenECU/Code/SEGGER_testing/ThirdParty/SEGGER/SEGGER" -I"H:/OpenECU/Code/SEGGER_testing/ThirdParty/SEGGER/Config" -I"H:/OpenECU/Code/SEGGER_testing/ThirdParty/SEGGER" -O0 -ffunction-sections -fdata-sections -Wall -fstack-usage -fcyclomatic-complexity -MMD -MP -MF"Drivers/STM32F4xx_HAL_Driver/Src/stm32f4xx_hal_dma_ex.d" -MT"Drivers/STM32F4xx_HAL_Driver/Src/stm32f4xx_hal_dma_ex.o" --specs=nano.specs -mfpu=fpv4-sp-d16 -mfloat-abi=hard -mthumb -o "Drivers/STM32F4xx_HAL_Driver/Src/stm32f4xx_hal_dma_ex.o"
arm-none-eabi-gcc "../Drivers/STM32F4xx_HAL_Driver/Src/stm32f4xx_hal_exti.c" -mcpu=cortex-m4 -std=gnu11 -g3 -DDEBUG -DUSE_HAL_DRIVER -DSTM32F446xx -c -I../Core/Inc -I../Drivers/STM32F4xx_HAL_Driver/Inc -I../Drivers/STM32F4xx_HAL_Driver/Inc/Legacy -I../Drivers/CMSIS/Device/ST/STM32F4xx/Include -I../Drivers/CMSIS/Include -I"H:/OpenECU/Code/SEGGER_testing/ThirdParty/FreeRTOS" -I"H:/OpenECU/Code/SEGGER_testing/ThirdParty/FreeRTOS/include" -I"H:/OpenECU/Code/SEGGER_testing/ThirdParty/FreeRTOS/portable/GCC/ARM_CM4F" -I"H:/OpenECU/Code/SEGGER_testing/ThirdParty/SEGGER/OS" -I"H:/OpenECU/Code/SEGGER_testing/ThirdParty/SEGGER/SEGGER" -I"H:/OpenECU/Code/SEGGER_testing/ThirdParty/SEGGER/Config" -I"H:/OpenECU/Code/SEGGER_testing/ThirdParty/SEGGER" -O0 -ffunction-sections -fdata-sections -Wall -fstack-usage -fcyclomatic-complexity -MMD -MP -MF"Drivers/STM32F4xx_HAL_Driver/Src/stm32f4xx_hal_exti.d" -MT"Drivers/STM32F4xx_HAL_Driver/Src/stm32f4xx_hal_exti.o" --specs=nano.specs -mfpu=fpv4-sp-d16 -mfloat-abi=hard -mthumb -o "Drivers/STM32F4xx_HAL_Driver/Src/stm32f4xx_hal_exti.o"
arm-none-eabi-gcc "../Drivers/STM32F4xx_HAL_Driver/Src/stm32f4xx_hal_flash.c" -mcpu=cortex-m4 -std=gnu11 -g3 -DDEBUG -DUSE_HAL_DRIVER -DSTM32F446xx -c -I../Core/Inc -I../Drivers/STM32F4xx_HAL_Driver/Inc -I../Drivers/STM32F4xx_HAL_Driver/Inc/Legacy -I../Drivers/CMSIS/Device/ST/STM32F4xx/Include -I../Drivers/CMSIS/Include -I"H:/OpenECU/Code/SEGGER_testing/ThirdParty/FreeRTOS" -I"H:/OpenECU/Code/SEGGER_testing/ThirdParty/FreeRTOS/include" -I"H:/OpenECU/Code/SEGGER_testing/ThirdParty/FreeRTOS/portable/GCC/ARM_CM4F" -I"H:/OpenECU/Code/SEGGER_testing/ThirdParty/SEGGER/OS" -I"H:/OpenECU/Code/SEGGER_testing/ThirdParty/SEGGER/SEGGER" -I"H:/OpenECU/Code/SEGGER_testing/ThirdParty/SEGGER/Config" -I"H:/OpenECU/Code/SEGGER_testing/ThirdParty/SEGGER" -O0 -ffunction-sections -fdata-sections -Wall -fstack-usage -fcyclomatic-complexity -MMD -MP -MF"Drivers/STM32F4xx_HAL_Driver/Src/stm32f4xx_hal_flash.d" -MT"Drivers/STM32F4xx_HAL_Driver/Src/stm32f4xx_hal_flash.o" --specs=nano.specs -mfpu=fpv4-sp-d16 -mfloat-abi=hard -mthumb -o "Drivers/STM32F4xx_HAL_Driver/Src/stm32f4xx_hal_flash.o"
arm-none-eabi-gcc "../Drivers/STM32F4xx_HAL_Driver/Src/stm32f4xx_hal_flash_ex.c" -mcpu=cortex-m4 -std=gnu11 -g3 -DDEBUG -DUSE_HAL_DRIVER -DSTM32F446xx -c -I../Core/Inc -I../Drivers/STM32F4xx_HAL_Driver/Inc -I../Drivers/STM32F4xx_HAL_Driver/Inc/Legacy -I../Drivers/CMSIS/Device/ST/STM32F4xx/Include -I../Drivers/CMSIS/Include -I"H:/OpenECU/Code/SEGGER_testing/ThirdParty/FreeRTOS" -I"H:/OpenECU/Code/SEGGER_testing/ThirdParty/FreeRTOS/include" -I"H:/OpenECU/Code/SEGGER_testing/ThirdParty/FreeRTOS/portable/GCC/ARM_CM4F" -I"H:/OpenECU/Code/SEGGER_testing/ThirdParty/SEGGER/OS" -I"H:/OpenECU/Code/SEGGER_testing/ThirdParty/SEGGER/SEGGER" -I"H:/OpenECU/Code/SEGGER_testing/ThirdParty/SEGGER/Config" -I"H:/OpenECU/Code/SEGGER_testing/ThirdParty/SEGGER" -O0 -ffunction-sections -fdata-sections -Wall -fstack-usage -fcyclomatic-complexity -MMD -MP -MF"Drivers/STM32F4xx_HAL_Driver/Src/stm32f4xx_hal_flash_ex.d" -MT"Drivers/STM32F4xx_HAL_Driver/Src/stm32f4xx_hal_flash_ex.o" --specs=nano.specs -mfpu=fpv4-sp-d16 -mfloat-abi=hard -mthumb -o "Drivers/STM32F4xx_HAL_Driver/Src/stm32f4xx_hal_flash_ex.o"
arm-none-eabi-gcc "../Drivers/STM32F4xx_HAL_Driver/Src/stm32f4xx_hal_flash_ramfunc.c" -mcpu=cortex-m4 -std=gnu11 -g3 -DDEBUG -DUSE_HAL_DRIVER -DSTM32F446xx -c -I../Core/Inc -I../Drivers/STM32F4xx_HAL_Driver/Inc -I../Drivers/STM32F4xx_HAL_Driver/Inc/Legacy -I../Drivers/CMSIS/Device/ST/STM32F4xx/Include -I../Drivers/CMSIS/Include -I"H:/OpenECU/Code/SEGGER_testing/ThirdParty/FreeRTOS" -I"H:/OpenECU/Code/SEGGER_testing/ThirdParty/FreeRTOS/include" -I"H:/OpenECU/Code/SEGGER_testing/ThirdParty/FreeRTOS/portable/GCC/ARM_CM4F" -I"H:/OpenECU/Code/SEGGER_testing/ThirdParty/SEGGER/OS" -I"H:/OpenECU/Code/SEGGER_testing/ThirdParty/SEGGER/SEGGER" -I"H:/OpenECU/Code/SEGGER_testing/ThirdParty/SEGGER/Config" -I"H:/OpenECU/Code/SEGGER_testing/ThirdParty/SEGGER" -O0 -ffunction-sections -fdata-sections -Wall -fstack-usage -fcyclomatic-complexity -MMD -MP -MF"Drivers/STM32F4xx_HAL_Driver/Src/stm32f4xx_hal_flash_ramfunc.d" -MT"Drivers/STM32F4xx_HAL_Driver/Src/stm32f4xx_hal_flash_ramfunc.o" --specs=nano.specs -mfpu=fpv4-sp-d16 -mfloat-abi=hard -mthumb -o "Drivers/STM32F4xx_HAL_Driver/Src/stm32f4xx_hal_flash_ramfunc.o"
arm-none-eabi-gcc "../Drivers/STM32F4xx_HAL_Driver/Src/stm32f4xx_hal_gpio.c" -mcpu=cortex-m4 -std=gnu11 -g3 -DDEBUG -DUSE_HAL_DRIVER -DSTM32F446xx -c -I../Core/Inc -I../Drivers/STM32F4xx_HAL_Driver/Inc -I../Drivers/STM32F4xx_HAL_Driver/Inc/Legacy -I../Drivers/CMSIS/Device/ST/STM32F4xx/Include -I../Drivers/CMSIS/Include -I"H:/OpenECU/Code/SEGGER_testing/ThirdParty/FreeRTOS" -I"H:/OpenECU/Code/SEGGER_testing/ThirdParty/FreeRTOS/include" -I"H:/OpenECU/Code/SEGGER_testing/ThirdParty/FreeRTOS/portable/GCC/ARM_CM4F" -I"H:/OpenECU/Code/SEGGER_testing/ThirdParty/SEGGER/OS" -I"H:/OpenECU/Code/SEGGER_testing/ThirdParty/SEGGER/SEGGER" -I"H:/OpenECU/Code/SEGGER_testing/ThirdParty/SEGGER/Config" -I"H:/OpenECU/Code/SEGGER_testing/ThirdParty/SEGGER" -O0 -ffunction-sections -fdata-sections -Wall -fstack-usage -fcyclomatic-complexity -MMD -MP -MF"Drivers/STM32F4xx_HAL_Driver/Src/stm32f4xx_hal_gpio.d" -MT"Drivers/STM32F4xx_HAL_Driver/Src/stm32f4xx_hal_gpio.o" --specs=nano.specs -mfpu=fpv4-sp-d16 -mfloat-abi=hard -mthumb -o "Drivers/STM32F4xx_HAL_Driver/Src/stm32f4xx_hal_gpio.o"
arm-none-eabi-gcc "../Drivers/STM32F4xx_HAL_Driver/Src/stm32f4xx_hal_pwr.c" -mcpu=cortex-m4 -std=gnu11 -g3 -DDEBUG -DUSE_HAL_DRIVER -DSTM32F446xx -c -I../Core/Inc -I../Drivers/STM32F4xx_HAL_Driver/Inc -I../Drivers/STM32F4xx_HAL_Driver/Inc/Legacy -I../Drivers/CMSIS/Device/ST/STM32F4xx/Include -I../Drivers/CMSIS/Include -I"H:/OpenECU/Code/SEGGER_testing/ThirdParty/FreeRTOS" -I"H:/OpenECU/Code/SEGGER_testing/ThirdParty/FreeRTOS/include" -I"H:/OpenECU/Code/SEGGER_testing/ThirdParty/FreeRTOS/portable/GCC/ARM_CM4F" -I"H:/OpenECU/Code/SEGGER_testing/ThirdParty/SEGGER/OS" -I"H:/OpenECU/Code/SEGGER_testing/ThirdParty/SEGGER/SEGGER" -I"H:/OpenECU/Code/SEGGER_testing/ThirdParty/SEGGER/Config" -I"H:/OpenECU/Code/SEGGER_testing/ThirdParty/SEGGER" -O0 -ffunction-sections -fdata-sections -Wall -fstack-usage -fcyclomatic-complexity -MMD -MP -MF"Drivers/STM32F4xx_HAL_Driver/Src/stm32f4xx_hal_pwr.d" -MT"Drivers/STM32F4xx_HAL_Driver/Src/stm32f4xx_hal_pwr.o" --specs=nano.specs -mfpu=fpv4-sp-d16 -mfloat-abi=hard -mthumb -o "Drivers/STM32F4xx_HAL_Driver/Src/stm32f4xx_hal_pwr.o"
arm-none-eabi-gcc "../Drivers/STM32F4xx_HAL_Driver/Src/stm32f4xx_hal_pwr_ex.c" -mcpu=cortex-m4 -std=gnu11 -g3 -DDEBUG -DUSE_HAL_DRIVER -DSTM32F446xx -c -I../Core/Inc -I../Drivers/STM32F4xx_HAL_Driver/Inc -I../Drivers/STM32F4xx_HAL_Driver/Inc/Legacy -I../Drivers/CMSIS/Device/ST/STM32F4xx/Include -I../Drivers/CMSIS/Include -I"H:/OpenECU/Code/SEGGER_testing/ThirdParty/FreeRTOS" -I"H:/OpenECU/Code/SEGGER_testing/ThirdParty/FreeRTOS/include" -I"H:/OpenECU/Code/SEGGER_testing/ThirdParty/FreeRTOS/portable/GCC/ARM_CM4F" -I"H:/OpenECU/Code/SEGGER_testing/ThirdParty/SEGGER/OS" -I"H:/OpenECU/Code/SEGGER_testing/ThirdParty/SEGGER/SEGGER" -I"H:/OpenECU/Code/SEGGER_testing/ThirdParty/SEGGER/Config" -I"H:/OpenECU/Code/SEGGER_testing/ThirdParty/SEGGER" -O0 -ffunction-sections -fdata-sections -Wall -fstack-usage -fcyclomatic-complexity -MMD -MP -MF"Drivers/STM32F4xx_HAL_Driver/Src/stm32f4xx_hal_pwr_ex.d" -MT"Drivers/STM32F4xx_HAL_Driver/Src/stm32f4xx_hal_pwr_ex.o" --specs=nano.specs -mfpu=fpv4-sp-d16 -mfloat-abi=hard -mthumb -o "Drivers/STM32F4xx_HAL_Driver/Src/stm32f4xx_hal_pwr_ex.o"
arm-none-eabi-gcc "../Drivers/STM32F4xx_HAL_Driver/Src/stm32f4xx_hal_rcc.c" -mcpu=cortex-m4 -std=gnu11 -g3 -DDEBUG -DUSE_HAL_DRIVER -DSTM32F446xx -c -I../Core/Inc -I../Drivers/STM32F4xx_HAL_Driver/Inc -I../Drivers/STM32F4xx_HAL_Driver/Inc/Legacy -I../Drivers/CMSIS/Device/ST/STM32F4xx/Include -I../Drivers/CMSIS/Include -I"H:/OpenECU/Code/SEGGER_testing/ThirdParty/FreeRTOS" -I"H:/OpenECU/Code/SEGGER_testing/ThirdParty/FreeRTOS/include" -I"H:/OpenECU/Code/SEGGER_testing/ThirdParty/FreeRTOS/portable/GCC/ARM_CM4F" -I"H:/OpenECU/Code/SEGGER_testing/ThirdParty/SEGGER/OS" -I"H:/OpenECU/Code/SEGGER_testing/ThirdParty/SEGGER/SEGGER" -I"H:/OpenECU/Code/SEGGER_testing/ThirdParty/SEGGER/Config" -I"H:/OpenECU/Code/SEGGER_testing/ThirdParty/SEGGER" -O0 -ffunction-sections -fdata-sections -Wall -fstack-usage -fcyclomatic-complexity -MMD -MP -MF"Drivers/STM32F4xx_HAL_Driver/Src/stm32f4xx_hal_rcc.d" -MT"Drivers/STM32F4xx_HAL_Driver/Src/stm32f4xx_hal_rcc.o" --specs=nano.specs -mfpu=fpv4-sp-d16 -mfloat-abi=hard -mthumb -o "Drivers/STM32F4xx_HAL_Driver/Src/stm32f4xx_hal_rcc.o"
arm-none-eabi-gcc "../Drivers/STM32F4xx_HAL_Driver/Src/stm32f4xx_hal_rcc_ex.c" -mcpu=cortex-m4 -std=gnu11 -g3 -DDEBUG -DUSE_HAL_DRIVER -DSTM32F446xx -c -I../Core/Inc -I../Drivers/STM32F4xx_HAL_Driver/Inc -I../Drivers/STM32F4xx_HAL_Driver/Inc/Legacy -I../Drivers/CMSIS/Device/ST/STM32F4xx/Include -I../Drivers/CMSIS/Include -I"H:/OpenECU/Code/SEGGER_testing/ThirdParty/FreeRTOS" -I"H:/OpenECU/Code/SEGGER_testing/ThirdParty/FreeRTOS/include" -I"H:/OpenECU/Code/SEGGER_testing/ThirdParty/FreeRTOS/portable/GCC/ARM_CM4F" -I"H:/OpenECU/Code/SEGGER_testing/ThirdParty/SEGGER/OS" -I"H:/OpenECU/Code/SEGGER_testing/ThirdParty/SEGGER/SEGGER" -I"H:/OpenECU/Code/SEGGER_testing/ThirdParty/SEGGER/Config" -I"H:/OpenECU/Code/SEGGER_testing/ThirdParty/SEGGER" -O0 -ffunction-sections -fdata-sections -Wall -fstack-usage -fcyclomatic-complexity -MMD -MP -MF"Drivers/STM32F4xx_HAL_Driver/Src/stm32f4xx_hal_rcc_ex.d" -MT"Drivers/STM32F4xx_HAL_Driver/Src/stm32f4xx_hal_rcc_ex.o" --specs=nano.specs -mfpu=fpv4-sp-d16 -mfloat-abi=hard -mthumb -o "Drivers/STM32F4xx_HAL_Driver/Src/stm32f4xx_hal_rcc_ex.o"
arm-none-eabi-gcc "../Drivers/STM32F4xx_HAL_Driver/Src/stm32f4xx_hal_tim.c" -mcpu=cortex-m4 -std=gnu11 -g3 -DDEBUG -DUSE_HAL_DRIVER -DSTM32F446xx -c -I../Core/Inc -I../Drivers/STM32F4xx_HAL_Driver/Inc -I../Drivers/STM32F4xx_HAL_Driver/Inc/Legacy -I../Drivers/CMSIS/Device/ST/STM32F4xx/Include -I../Drivers/CMSIS/Include -I"H:/OpenECU/Code/SEGGER_testing/ThirdParty/FreeRTOS" -I"H:/OpenECU/Code/SEGGER_testing/ThirdParty/FreeRTOS/include" -I"H:/OpenECU/Code/SEGGER_testing/ThirdParty/FreeRTOS/portable/GCC/ARM_CM4F" -I"H:/OpenECU/Code/SEGGER_testing/ThirdParty/SEGGER/OS" -I"H:/OpenECU/Code/SEGGER_testing/ThirdParty/SEGGER/SEGGER" -I"H:/OpenECU/Code/SEGGER_testing/ThirdParty/SEGGER/Config" -I"H:/OpenECU/Code/SEGGER_testing/ThirdParty/SEGGER" -O0 -ffunction-sections -fdata-sections -Wall -fstack-usage -fcyclomatic-complexity -MMD -MP -MF"Drivers/STM32F4xx_HAL_Driver/Src/stm32f4xx_hal_tim.d" -MT"Drivers/STM32F4xx_HAL_Driver/Src/stm32f4xx_hal_tim.o" --specs=nano.specs -mfpu=fpv4-sp-d16 -mfloat-abi=hard -mthumb -o "Drivers/STM32F4xx_HAL_Driver/Src/stm32f4xx_hal_tim.o"
arm-none-eabi-gcc "../Drivers/STM32F4xx_HAL_Driver/Src/stm32f4xx_hal_tim_ex.c" -mcpu=cortex-m4 -std=gnu11 -g3 -DDEBUG -DUSE_HAL_DRIVER -DSTM32F446xx -c -I../Core/Inc -I../Drivers/STM32F4xx_HAL_Driver/Inc -I../Drivers/STM32F4xx_HAL_Driver/Inc/Legacy -I../Drivers/CMSIS/Device/ST/STM32F4xx/Include -I../Drivers/CMSIS/Include -I"H:/OpenECU/Code/SEGGER_testing/ThirdParty/FreeRTOS" -I"H:/OpenECU/Code/SEGGER_testing/ThirdParty/FreeRTOS/include" -I"H:/OpenECU/Code/SEGGER_testing/ThirdParty/FreeRTOS/portable/GCC/ARM_CM4F" -I"H:/OpenECU/Code/SEGGER_testing/ThirdParty/SEGGER/OS" -I"H:/OpenECU/Code/SEGGER_testing/ThirdParty/SEGGER/SEGGER" -I"H:/OpenECU/Code/SEGGER_testing/ThirdParty/SEGGER/Config" -I"H:/OpenECU/Code/SEGGER_testing/ThirdParty/SEGGER" -O0 -ffunction-sections -fdata-sections -Wall -fstack-usage -fcyclomatic-complexity -MMD -MP -MF"Drivers/STM32F4xx_HAL_Driver/Src/stm32f4xx_hal_tim_ex.d" -MT"Drivers/STM32F4xx_HAL_Driver/Src/stm32f4xx_hal_tim_ex.o" --specs=nano.specs -mfpu=fpv4-sp-d16 -mfloat-abi=hard -mthumb -o "Drivers/STM32F4xx_HAL_Driver/Src/stm32f4xx_hal_tim_ex.o"
arm-none-eabi-gcc -mcpu=cortex-m4 -g3 -DDEBUG -c -I"H:/OpenECU/Code/SEGGER_testing/ThirdParty/SEGGER/SEGGER" -I"H:/OpenECU/Code/SEGGER_testing/ThirdParty/SEGGER/Config" -I"H:/OpenECU/Code/SEGGER_testing/ThirdParty/SEGGER/OS" -x assembler-with-cpp -MMD -MP -MF"Core/Startup/startup_stm32f446retx.d" -MT"Core/Startup/startup_stm32f446retx.o" --specs=nano.specs -mfpu=fpv4-sp-d16 -mfloat-abi=hard -mthumb -o "Core/Startup/startup_stm32f446retx.o" "../Core/Startup/startup_stm32f446retx.s"
arm-none-eabi-gcc "../Core/Src/main.c" -mcpu=cortex-m4 -std=gnu11 -g3 -DDEBUG -DUSE_HAL_DRIVER -DSTM32F446xx -c -I../Core/Inc -I../Drivers/STM32F4xx_HAL_Driver/Inc -I../Drivers/STM32F4xx_HAL_Driver/Inc/Legacy -I../Drivers/CMSIS/Device/ST/STM32F4xx/Include -I../Drivers/CMSIS/Include -I"H:/OpenECU/Code/SEGGER_testing/ThirdParty/FreeRTOS" -I"H:/OpenECU/Code/SEGGER_testing/ThirdParty/FreeRTOS/include" -I"H:/OpenECU/Code/SEGGER_testing/ThirdParty/FreeRTOS/portable/GCC/ARM_CM4F" -I"H:/OpenECU/Code/SEGGER_testing/ThirdParty/SEGGER/OS" -I"H:/OpenECU/Code/SEGGER_testing/ThirdParty/SEGGER/SEGGER" -I"H:/OpenECU/Code/SEGGER_testing/ThirdParty/SEGGER/Config" -I"H:/OpenECU/Code/SEGGER_testing/ThirdParty/SEGGER" -O0 -ffunction-sections -fdata-sections -Wall -fstack-usage -fcyclomatic-complexity -MMD -MP -MF"Core/Src/main.d" -MT"Core/Src/main.o" --specs=nano.specs -mfpu=fpv4-sp-d16 -mfloat-abi=hard -mthumb -o "Core/Src/main.o"
arm-none-eabi-gcc "../Core/Src/stm32f4xx_hal_msp.c" -mcpu=cortex-m4 -std=gnu11 -g3 -DDEBUG -DUSE_HAL_DRIVER -DSTM32F446xx -c -I../Core/Inc -I../Drivers/STM32F4xx_HAL_Driver/Inc -I../Drivers/STM32F4xx_HAL_Driver/Inc/Legacy -I../Drivers/CMSIS/Device/ST/STM32F4xx/Include -I../Drivers/CMSIS/Include -I"H:/OpenECU/Code/SEGGER_testing/ThirdParty/FreeRTOS" -I"H:/OpenECU/Code/SEGGER_testing/ThirdParty/FreeRTOS/include" -I"H:/OpenECU/Code/SEGGER_testing/ThirdParty/FreeRTOS/portable/GCC/ARM_CM4F" -I"H:/OpenECU/Code/SEGGER_testing/ThirdParty/SEGGER/OS" -I"H:/OpenECU/Code/SEGGER_testing/ThirdParty/SEGGER/SEGGER" -I"H:/OpenECU/Code/SEGGER_testing/ThirdParty/SEGGER/Config" -I"H:/OpenECU/Code/SEGGER_testing/ThirdParty/SEGGER" -O0 -ffunction-sections -fdata-sections -Wall -fstack-usage -fcyclomatic-complexity -MMD -MP -MF"Core/Src/stm32f4xx_hal_msp.d" -MT"Core/Src/stm32f4xx_hal_msp.o" --specs=nano.specs -mfpu=fpv4-sp-d16 -mfloat-abi=hard -mthumb -o "Core/Src/stm32f4xx_hal_msp.o"
arm-none-eabi-gcc "../Core/Src/stm32f4xx_hal_timebase_tim.c" -mcpu=cortex-m4 -std=gnu11 -g3 -DDEBUG -DUSE_HAL_DRIVER -DSTM32F446xx -c -I../Core/Inc -I../Drivers/STM32F4xx_HAL_Driver/Inc -I../Drivers/STM32F4xx_HAL_Driver/Inc/Legacy -I../Drivers/CMSIS/Device/ST/STM32F4xx/Include -I../Drivers/CMSIS/Include -I"H:/OpenECU/Code/SEGGER_testing/ThirdParty/FreeRTOS" -I"H:/OpenECU/Code/SEGGER_testing/ThirdParty/FreeRTOS/include" -I"H:/OpenECU/Code/SEGGER_testing/ThirdParty/FreeRTOS/portable/GCC/ARM_CM4F" -I"H:/OpenECU/Code/SEGGER_testing/ThirdParty/SEGGER/OS" -I"H:/OpenECU/Code/SEGGER_testing/ThirdParty/SEGGER/SEGGER" -I"H:/OpenECU/Code/SEGGER_testing/ThirdParty/SEGGER/Config" -I"H:/OpenECU/Code/SEGGER_testing/ThirdParty/SEGGER" -O0 -ffunction-sections -fdata-sections -Wall -fstack-usage -fcyclomatic-complexity -MMD -MP -MF"Core/Src/stm32f4xx_hal_timebase_tim.d" -MT"Core/Src/stm32f4xx_hal_timebase_tim.o" --specs=nano.specs -mfpu=fpv4-sp-d16 -mfloat-abi=hard -mthumb -o "Core/Src/stm32f4xx_hal_timebase_tim.o"
arm-none-eabi-gcc "../Core/Src/stm32f4xx_it.c" -mcpu=cortex-m4 -std=gnu11 -g3 -DDEBUG -DUSE_HAL_DRIVER -DSTM32F446xx -c -I../Core/Inc -I../Drivers/STM32F4xx_HAL_Driver/Inc -I../Drivers/STM32F4xx_HAL_Driver/Inc/Legacy -I../Drivers/CMSIS/Device/ST/STM32F4xx/Include -I../Drivers/CMSIS/Include -I"H:/OpenECU/Code/SEGGER_testing/ThirdParty/FreeRTOS" -I"H:/OpenECU/Code/SEGGER_testing/ThirdParty/FreeRTOS/include" -I"H:/OpenECU/Code/SEGGER_testing/ThirdParty/FreeRTOS/portable/GCC/ARM_CM4F" -I"H:/OpenECU/Code/SEGGER_testing/ThirdParty/SEGGER/OS" -I"H:/OpenECU/Code/SEGGER_testing/ThirdParty/SEGGER/SEGGER" -I"H:/OpenECU/Code/SEGGER_testing/ThirdParty/SEGGER/Config" -I"H:/OpenECU/Code/SEGGER_testing/ThirdParty/SEGGER" -O0 -ffunction-sections -fdata-sections -Wall -fstack-usage -fcyclomatic-complexity -MMD -MP -MF"Core/Src/stm32f4xx_it.d" -MT"Core/Src/stm32f4xx_it.o" --specs=nano.specs -mfpu=fpv4-sp-d16 -mfloat-abi=hard -mthumb -o "Core/Src/stm32f4xx_it.o"
arm-none-eabi-gcc "../Core/Src/syscalls.c" -mcpu=cortex-m4 -std=gnu11 -g3 -DDEBUG -DUSE_HAL_DRIVER -DSTM32F446xx -c -I../Core/Inc -I../Drivers/STM32F4xx_HAL_Driver/Inc -I../Drivers/STM32F4xx_HAL_Driver/Inc/Legacy -I../Drivers/CMSIS/Device/ST/STM32F4xx/Include -I../Drivers/CMSIS/Include -I"H:/OpenECU/Code/SEGGER_testing/ThirdParty/FreeRTOS" -I"H:/OpenECU/Code/SEGGER_testing/ThirdParty/FreeRTOS/include" -I"H:/OpenECU/Code/SEGGER_testing/ThirdParty/FreeRTOS/portable/GCC/ARM_CM4F" -I"H:/OpenECU/Code/SEGGER_testing/ThirdParty/SEGGER/OS" -I"H:/OpenECU/Code/SEGGER_testing/ThirdParty/SEGGER/SEGGER" -I"H:/OpenECU/Code/SEGGER_testing/ThirdParty/SEGGER/Config" -I"H:/OpenECU/Code/SEGGER_testing/ThirdParty/SEGGER" -O0 -ffunction-sections -fdata-sections -Wall -fstack-usage -fcyclomatic-complexity -MMD -MP -MF"Core/Src/syscalls.d" -MT"Core/Src/syscalls.o" --specs=nano.specs -mfpu=fpv4-sp-d16 -mfloat-abi=hard -mthumb -o "Core/Src/syscalls.o"
arm-none-eabi-gcc "../Core/Src/system_stm32f4xx.c" -mcpu=cortex-m4 -std=gnu11 -g3 -DDEBUG -DUSE_HAL_DRIVER -DSTM32F446xx -c -I../Core/Inc -I../Drivers/STM32F4xx_HAL_Driver/Inc -I../Drivers/STM32F4xx_HAL_Driver/Inc/Legacy -I../Drivers/CMSIS/Device/ST/STM32F4xx/Include -I../Drivers/CMSIS/Include -I"H:/OpenECU/Code/SEGGER_testing/ThirdParty/FreeRTOS" -I"H:/OpenECU/Code/SEGGER_testing/ThirdParty/FreeRTOS/include" -I"H:/OpenECU/Code/SEGGER_testing/ThirdParty/FreeRTOS/portable/GCC/ARM_CM4F" -I"H:/OpenECU/Code/SEGGER_testing/ThirdParty/SEGGER/OS" -I"H:/OpenECU/Code/SEGGER_testing/ThirdParty/SEGGER/SEGGER" -I"H:/OpenECU/Code/SEGGER_testing/ThirdParty/SEGGER/Config" -I"H:/OpenECU/Code/SEGGER_testing/ThirdParty/SEGGER" -O0 -ffunction-sections -fdata-sections -Wall -fstack-usage -fcyclomatic-complexity -MMD -MP -MF"Core/Src/system_stm32f4xx.d" -MT"Core/Src/system_stm32f4xx.o" --specs=nano.specs -mfpu=fpv4-sp-d16 -mfloat-abi=hard -mthumb -o "Core/Src/system_stm32f4xx.o"
arm-none-eabi-gcc -o "SEGGER_testing.elf" @"objects.list"   -mcpu=cortex-m4 -T"H:\OpenECU\Code\SEGGER_testing\STM32F446RETX_FLASH.ld" --specs=nosys.specs -Wl,-Map="SEGGER_testing.map" -Wl,--gc-sections -static --specs=nano.specs -mfpu=fpv4-sp-d16 -mfloat-abi=hard -mthumb -Wl,--start-group -lc -lm -Wl,--end-group
Finished building target: SEGGER_testing.elf
 
arm-none-eabi-size  SEGGER_testing.elf 
arm-none-eabi-objdump -h -S SEGGER_testing.elf  > "SEGGER_testing.list"
   text	   data	    bss	    dec	    hex	filename
  25708	     16	  84632	 110356	  1af14	SEGGER_testing.elf
Finished building: default.size.stdout
 
Finished building: SEGGER_testing.list
 
