22:41:19 **** Incremental Build of configuration Debug for project LIN_Driver ****
make -j16 all 
arm-none-eabi-gcc "../Src/main.c" -mcpu=cortex-m4 -std=gnu11 -g3 -DDEBUG -DSTM32 -DSTM32F4 -DSTM32F446RETx -c -I../Inc -I"C:/Users/Jagakishan/Mini-AUTOSAR/OpenECU/Code/LIN_Driver/Module" -I"C:/Users/Jagakishan/Mini-AUTOSAR/OpenECU/Code/LIN_Driver/CMSIS" -I"C:/Users/Jagakishan/Mini-AUTOSAR/OpenECU/Code/LIN_Driver/CMSIS/Device/ST/STM32F4xx/Include" -I"C:/Users/Jagakishan/Mini-AUTOSAR/OpenECU/Code/LIN_Driver/CMSIS/Include" -O0 -ffunction-sections -fdata-sections -Wall -fstack-usage -fcyclomatic-complexity -MMD -MP -MF"Src/main.d" -MT"Src/main.o" --specs=nano.specs -mfpu=fpv4-sp-d16 -mfloat-abi=hard -mthumb -o "Src/main.o"
arm-none-eabi-gcc "../Module/uart_LIN.c" -mcpu=cortex-m4 -std=gnu11 -g3 -DDEBUG -DSTM32 -DSTM32F4 -DSTM32F446RETx -c -I../Inc -I"C:/Users/Jagakishan/Mini-AUTOSAR/OpenECU/Code/LIN_Driver/Module" -I"C:/Users/Jagakishan/Mini-AUTOSAR/OpenECU/Code/LIN_Driver/CMSIS" -I"C:/Users/Jagakishan/Mini-AUTOSAR/OpenECU/Code/LIN_Driver/CMSIS/Device/ST/STM32F4xx/Include" -I"C:/Users/Jagakishan/Mini-AUTOSAR/OpenECU/Code/LIN_Driver/CMSIS/Include" -O0 -ffunction-sections -fdata-sections -Wall -fstack-usage -fcyclomatic-complexity -MMD -MP -MF"Module/uart_LIN.d" -MT"Module/uart_LIN.o" --specs=nano.specs -mfpu=fpv4-sp-d16 -mfloat-abi=hard -mthumb -o "Module/uart_LIN.o"
arm-none-eabi-gcc -o "LIN_Driver.elf" @"objects.list"   -mcpu=cortex-m4 -T"C:\Users\Jagakishan\Mini-AUTOSAR\OpenECU\Code\LIN_Driver\STM32F446RETX_FLASH.ld" --specs=nosys.specs -Wl,-Map="LIN_Driver.map" -Wl,--gc-sections -static --specs=nano.specs -mfpu=fpv4-sp-d16 -mfloat-abi=hard -mthumb -Wl,--start-group -lc -lm -Wl,--end-group
Finished building target: LIN_Driver.elf
 
arm-none-eabi-size  LIN_Driver.elf 
arm-none-eabi-objdump -h -S LIN_Driver.elf  > "LIN_Driver.list"
   text	   data	    bss	    dec	    hex	filename
   6160	     92	   1924	   8176	   1ff0	LIN_Driver.elf
Finished building: default.size.stdout
 
Finished building: LIN_Driver.list
 
