17:23:57 **** Incremental Build of configuration Debug for project CAN_testing ****
make -j12 all 
arm-none-eabi-gcc "../Core/Src/main.c" -mcpu=cortex-m4 -std=gnu11 -g3 -DDEBUG -DUSE_HAL_DRIVER -DSTM32F446xx -c -I../Core/Inc -I../Drivers/STM32F4xx_HAL_Driver/Inc -I../Drivers/STM32F4xx_HAL_Driver/Inc/Legacy -I../Drivers/CMSIS/Device/ST/STM32F4xx/Include -I../Drivers/CMSIS/Include -I"H:/OpenECU/Code/CAN_testing/Module" -O0 -ffunction-sections -fdata-sections -Wall -fstack-usage -fcyclomatic-complexity -MMD -MP -MF"Core/Src/main.d" -MT"Core/Src/main.o" --specs=nano.specs -mfpu=fpv4-sp-d16 -mfloat-abi=hard -mthumb -o "Core/Src/main.o"
../Core/Src/main.c: In function 'main':
../Core/Src/main.c:99:22: warning: variable 'now2' set but not used [-Wunused-but-set-variable]
   99 |   uint32_t now1 = 0, now2 = 0;
      |                      ^~~~
arm-none-eabi-gcc -o "CAN_testing.elf" @"objects.list"   -mcpu=cortex-m4 -T"H:\OpenECU\Code\CAN_testing\STM32F446RETX_FLASH.ld" --specs=nosys.specs -Wl,-Map="CAN_testing.map" -Wl,--gc-sections -static --specs=nano.specs -mfpu=fpv4-sp-d16 -mfloat-abi=hard -mthumb -Wl,--start-group -lc -lm -Wl,--end-group
Finished building target: CAN_testing.elf
 
arm-none-eabi-size  CAN_testing.elf 
arm-none-eabi-objdump -h -S CAN_testing.elf  > "CAN_testing.list"
   text	   data	    bss	    dec	    hex	filename
  13384	    104	   2000	  15488	   3c80	CAN_testing.elf
Finished building: default.size.stdout
 
Finished building: CAN_testing.list
 
17:24:06 **** Incremental Build of configuration Debug for project CAN_testing ****
make -j12 all 
arm-none-eabi-size  CAN_testing.elf 
   text	   data	    bss	    dec	    hex	filename
  13384	    104	   2000	  15488	   3c80	CAN_testing.elf
Finished building: default.size.stdout
 
17:25:18 **** Incremental Build of configuration Debug for project CAN_testing ****
make -j12 all 
arm-none-eabi-gcc "../Core/Src/main.c" -mcpu=cortex-m4 -std=gnu11 -g3 -DDEBUG -DUSE_HAL_DRIVER -DSTM32F446xx -c -I../Core/Inc -I../Drivers/STM32F4xx_HAL_Driver/Inc -I../Drivers/STM32F4xx_HAL_Driver/Inc/Legacy -I../Drivers/CMSIS/Device/ST/STM32F4xx/Include -I../Drivers/CMSIS/Include -I"H:/OpenECU/Code/CAN_testing/Module" -O0 -ffunction-sections -fdata-sections -Wall -fstack-usage -fcyclomatic-complexity -MMD -MP -MF"Core/Src/main.d" -MT"Core/Src/main.o" --specs=nano.specs -mfpu=fpv4-sp-d16 -mfloat-abi=hard -mthumb -o "Core/Src/main.o"
arm-none-eabi-gcc -o "CAN_testing.elf" @"objects.list"   -mcpu=cortex-m4 -T"H:\OpenECU\Code\CAN_testing\STM32F446RETX_FLASH.ld" --specs=nosys.specs -Wl,-Map="CAN_testing.map" -Wl,--gc-sections -static --specs=nano.specs -mfpu=fpv4-sp-d16 -mfloat-abi=hard -mthumb -Wl,--start-group -lc -lm -Wl,--end-group
Finished building target: CAN_testing.elf
 
arm-none-eabi-size  CAN_testing.elf 
arm-none-eabi-objdump -h -S CAN_testing.elf  > "CAN_testing.list"
   text	   data	    bss	    dec	    hex	filename
  13408	    104	   2000	  15512	   3c98	CAN_testing.elf
Finished building: default.size.stdout
 
Finished building: CAN_testing.list
 
17:28:21 **** Incremental Build of configuration Debug for project CAN_testing ****
make -j12 all 
arm-none-eabi-size  CAN_testing.elf 
   text	   data	    bss	    dec	    hex	filename
  13408	    104	   2000	  15512	   3c98	CAN_testing.elf
Finished building: default.size.stdout
 
17:29:35 **** Incremental Build of configuration Debug for project CAN_testing ****
make -j12 all 
arm-none-eabi-gcc "../Core/Src/main.c" -mcpu=cortex-m4 -std=gnu11 -g3 -DDEBUG -DUSE_HAL_DRIVER -DSTM32F446xx -c -I../Core/Inc -I../Drivers/STM32F4xx_HAL_Driver/Inc -I../Drivers/STM32F4xx_HAL_Driver/Inc/Legacy -I../Drivers/CMSIS/Device/ST/STM32F4xx/Include -I../Drivers/CMSIS/Include -I"H:/OpenECU/Code/CAN_testing/Module" -O0 -ffunction-sections -fdata-sections -Wall -fstack-usage -fcyclomatic-complexity -MMD -MP -MF"Core/Src/main.d" -MT"Core/Src/main.o" --specs=nano.specs -mfpu=fpv4-sp-d16 -mfloat-abi=hard -mthumb -o "Core/Src/main.o"
arm-none-eabi-gcc -o "CAN_testing.elf" @"objects.list"   -mcpu=cortex-m4 -T"H:\OpenECU\Code\CAN_testing\STM32F446RETX_FLASH.ld" --specs=nosys.specs -Wl,-Map="CAN_testing.map" -Wl,--gc-sections -static --specs=nano.specs -mfpu=fpv4-sp-d16 -mfloat-abi=hard -mthumb -Wl,--start-group -lc -lm -Wl,--end-group
Finished building target: CAN_testing.elf
 
arm-none-eabi-size  CAN_testing.elf 
arm-none-eabi-objdump -h -S CAN_testing.elf  > "CAN_testing.list"
   text	   data	    bss	    dec	    hex	filename
  13420	    104	   2000	  15524	   3ca4	CAN_testing.elf
Finished building: default.size.stdout
 
Finished building: CAN_testing.list
 
17:33:03 **** Incremental Build of configuration Debug for project CAN_testing ****
make -j12 all 
arm-none-eabi-gcc "../Core/Src/main.c" -mcpu=cortex-m4 -std=gnu11 -g3 -DDEBUG -DUSE_HAL_DRIVER -DSTM32F446xx -c -I../Core/Inc -I../Drivers/STM32F4xx_HAL_Driver/Inc -I../Drivers/STM32F4xx_HAL_Driver/Inc/Legacy -I../Drivers/CMSIS/Device/ST/STM32F4xx/Include -I../Drivers/CMSIS/Include -I"H:/OpenECU/Code/CAN_testing/Module" -O0 -ffunction-sections -fdata-sections -Wall -fstack-usage -fcyclomatic-complexity -MMD -MP -MF"Core/Src/main.d" -MT"Core/Src/main.o" --specs=nano.specs -mfpu=fpv4-sp-d16 -mfloat-abi=hard -mthumb -o "Core/Src/main.o"
arm-none-eabi-gcc -o "CAN_testing.elf" @"objects.list"   -mcpu=cortex-m4 -T"H:\OpenECU\Code\CAN_testing\STM32F446RETX_FLASH.ld" --specs=nosys.specs -Wl,-Map="CAN_testing.map" -Wl,--gc-sections -static --specs=nano.specs -mfpu=fpv4-sp-d16 -mfloat-abi=hard -mthumb -Wl,--start-group -lc -lm -Wl,--end-group
Finished building target: CAN_testing.elf
 
arm-none-eabi-size  CAN_testing.elf 
arm-none-eabi-objdump -h -S CAN_testing.elf  > "CAN_testing.list"
   text	   data	    bss	    dec	    hex	filename
  13408	    104	   2000	  15512	   3c98	CAN_testing.elf
Finished building: default.size.stdout
 
Finished building: CAN_testing.list
 
17:37:01 **** Incremental Build of configuration Debug for project CAN_testing ****
make -j12 all 
arm-none-eabi-gcc "../Core/Src/main.c" -mcpu=cortex-m4 -std=gnu11 -g3 -DDEBUG -DUSE_HAL_DRIVER -DSTM32F446xx -c -I../Core/Inc -I../Drivers/STM32F4xx_HAL_Driver/Inc -I../Drivers/STM32F4xx_HAL_Driver/Inc/Legacy -I../Drivers/CMSIS/Device/ST/STM32F4xx/Include -I../Drivers/CMSIS/Include -I"H:/OpenECU/Code/CAN_testing/Module" -O0 -ffunction-sections -fdata-sections -Wall -fstack-usage -fcyclomatic-complexity -MMD -MP -MF"Core/Src/main.d" -MT"Core/Src/main.o" --specs=nano.specs -mfpu=fpv4-sp-d16 -mfloat-abi=hard -mthumb -o "Core/Src/main.o"
arm-none-eabi-gcc -o "CAN_testing.elf" @"objects.list"   -mcpu=cortex-m4 -T"H:\OpenECU\Code\CAN_testing\STM32F446RETX_FLASH.ld" --specs=nosys.specs -Wl,-Map="CAN_testing.map" -Wl,--gc-sections -static --specs=nano.specs -mfpu=fpv4-sp-d16 -mfloat-abi=hard -mthumb -Wl,--start-group -lc -lm -Wl,--end-group
Finished building target: CAN_testing.elf
 
arm-none-eabi-size  CAN_testing.elf 
arm-none-eabi-objdump -h -S CAN_testing.elf  > "CAN_testing.list"
   text	   data	    bss	    dec	    hex	filename
  13504	    104	   2000	  15608	   3cf8	CAN_testing.elf
Finished building: default.size.stdout
 
Finished building: CAN_testing.list
 
17:38:54 **** Incremental Build of configuration Debug for project CAN_testing ****
make -j12 all 
arm-none-eabi-size  CAN_testing.elf 
   text	   data	    bss	    dec	    hex	filename
  13504	    104	   2000	  15608	   3cf8	CAN_testing.elf
Finished building: default.size.stdout
 
17:39:40 **** Incremental Build of configuration Debug for project CAN_testing ****
make -j12 all 
arm-none-eabi-gcc "../Core/Src/main.c" -mcpu=cortex-m4 -std=gnu11 -g3 -DDEBUG -DUSE_HAL_DRIVER -DSTM32F446xx -c -I../Core/Inc -I../Drivers/STM32F4xx_HAL_Driver/Inc -I../Drivers/STM32F4xx_HAL_Driver/Inc/Legacy -I../Drivers/CMSIS/Device/ST/STM32F4xx/Include -I../Drivers/CMSIS/Include -I"H:/OpenECU/Code/CAN_testing/Module" -O0 -ffunction-sections -fdata-sections -Wall -fstack-usage -fcyclomatic-complexity -MMD -MP -MF"Core/Src/main.d" -MT"Core/Src/main.o" --specs=nano.specs -mfpu=fpv4-sp-d16 -mfloat-abi=hard -mthumb -o "Core/Src/main.o"
arm-none-eabi-gcc -o "CAN_testing.elf" @"objects.list"   -mcpu=cortex-m4 -T"H:\OpenECU\Code\CAN_testing\STM32F446RETX_FLASH.ld" --specs=nosys.specs -Wl,-Map="CAN_testing.map" -Wl,--gc-sections -static --specs=nano.specs -mfpu=fpv4-sp-d16 -mfloat-abi=hard -mthumb -Wl,--start-group -lc -lm -Wl,--end-group
Finished building target: CAN_testing.elf
 
arm-none-eabi-size  CAN_testing.elf 
arm-none-eabi-objdump -h -S CAN_testing.elf  > "CAN_testing.list"
   text	   data	    bss	    dec	    hex	filename
  13508	    104	   2000	  15612	   3cfc	CAN_testing.elf
Finished building: default.size.stdout
 
Finished building: CAN_testing.list
 
17:44:19 **** Incremental Build of configuration Debug for project CAN_testing ****
make -j12 all 
arm-none-eabi-gcc "../Module/can.c" -mcpu=cortex-m4 -std=gnu11 -g3 -DDEBUG -DUSE_HAL_DRIVER -DSTM32F446xx -c -I../Core/Inc -I../Drivers/STM32F4xx_HAL_Driver/Inc -I../Drivers/STM32F4xx_HAL_Driver/Inc/Legacy -I../Drivers/CMSIS/Device/ST/STM32F4xx/Include -I../Drivers/CMSIS/Include -I"H:/OpenECU/Code/CAN_testing/Module" -O0 -ffunction-sections -fdata-sections -Wall -fstack-usage -fcyclomatic-complexity -MMD -MP -MF"Module/can.d" -MT"Module/can.o" --specs=nano.specs -mfpu=fpv4-sp-d16 -mfloat-abi=hard -mthumb -o "Module/can.o"
arm-none-eabi-gcc -o "CAN_testing.elf" @"objects.list"   -mcpu=cortex-m4 -T"H:\OpenECU\Code\CAN_testing\STM32F446RETX_FLASH.ld" --specs=nosys.specs -Wl,-Map="CAN_testing.map" -Wl,--gc-sections -static --specs=nano.specs -mfpu=fpv4-sp-d16 -mfloat-abi=hard -mthumb -Wl,--start-group -lc -lm -Wl,--end-group
Finished building target: CAN_testing.elf
 
arm-none-eabi-size  CAN_testing.elf 
arm-none-eabi-objdump -h -S CAN_testing.elf  > "CAN_testing.list"
   text	   data	    bss	    dec	    hex	filename
  13252	    104	   2000	  15356	   3bfc	CAN_testing.elf
Finished building: default.size.stdout
 
Finished building: CAN_testing.list
 
17:44:55 **** Incremental Build of configuration Debug for project CAN_testing ****
make -j12 all 
arm-none-eabi-gcc "../Module/can.c" -mcpu=cortex-m4 -std=gnu11 -g3 -DDEBUG -DUSE_HAL_DRIVER -DSTM32F446xx -c -I../Core/Inc -I../Drivers/STM32F4xx_HAL_Driver/Inc -I../Drivers/STM32F4xx_HAL_Driver/Inc/Legacy -I../Drivers/CMSIS/Device/ST/STM32F4xx/Include -I../Drivers/CMSIS/Include -I"H:/OpenECU/Code/CAN_testing/Module" -O0 -ffunction-sections -fdata-sections -Wall -fstack-usage -fcyclomatic-complexity -MMD -MP -MF"Module/can.d" -MT"Module/can.o" --specs=nano.specs -mfpu=fpv4-sp-d16 -mfloat-abi=hard -mthumb -o "Module/can.o"
arm-none-eabi-gcc -o "CAN_testing.elf" @"objects.list"   -mcpu=cortex-m4 -T"H:\OpenECU\Code\CAN_testing\STM32F446RETX_FLASH.ld" --specs=nosys.specs -Wl,-Map="CAN_testing.map" -Wl,--gc-sections -static --specs=nano.specs -mfpu=fpv4-sp-d16 -mfloat-abi=hard -mthumb -Wl,--start-group -lc -lm -Wl,--end-group
Finished building target: CAN_testing.elf
 
arm-none-eabi-size  CAN_testing.elf 
arm-none-eabi-objdump -h -S CAN_testing.elf  > "CAN_testing.list"
   text	   data	    bss	    dec	    hex	filename
  13240	    104	   2000	  15344	   3bf0	CAN_testing.elf
Finished building: default.size.stdout
 
Finished building: CAN_testing.list
 
17:46:55 **** Incremental Build of configuration Debug for project CAN_testing ****
make -j12 all 
arm-none-eabi-gcc "../Module/can.c" -mcpu=cortex-m4 -std=gnu11 -g3 -DDEBUG -DUSE_HAL_DRIVER -DSTM32F446xx -c -I../Core/Inc -I../Drivers/STM32F4xx_HAL_Driver/Inc -I../Drivers/STM32F4xx_HAL_Driver/Inc/Legacy -I../Drivers/CMSIS/Device/ST/STM32F4xx/Include -I../Drivers/CMSIS/Include -I"H:/OpenECU/Code/CAN_testing/Module" -O0 -ffunction-sections -fdata-sections -Wall -fstack-usage -fcyclomatic-complexity -MMD -MP -MF"Module/can.d" -MT"Module/can.o" --specs=nano.specs -mfpu=fpv4-sp-d16 -mfloat-abi=hard -mthumb -o "Module/can.o"
arm-none-eabi-gcc -o "CAN_testing.elf" @"objects.list"   -mcpu=cortex-m4 -T"H:\OpenECU\Code\CAN_testing\STM32F446RETX_FLASH.ld" --specs=nosys.specs -Wl,-Map="CAN_testing.map" -Wl,--gc-sections -static --specs=nano.specs -mfpu=fpv4-sp-d16 -mfloat-abi=hard -mthumb -Wl,--start-group -lc -lm -Wl,--end-group
Finished building target: CAN_testing.elf
 
arm-none-eabi-size  CAN_testing.elf 
arm-none-eabi-objdump -h -S CAN_testing.elf  > "CAN_testing.list"
   text	   data	    bss	    dec	    hex	filename
  13496	    104	   2000	  15600	   3cf0	CAN_testing.elf
Finished building: default.size.stdout
 
Finished building: CAN_testing.list
 
