21:20:13 **** Incremental Build of configuration Debug for project Physical_Layer ****
make -j12 all 
arm-none-eabi-gcc "../Module/comm_stats.c" -mcpu=cortex-m4 -std=gnu11 -g3 -DDEBUG -DSTM32 -DSTM32F4 -DSTM32F446RETx -c -I../Inc -I"H:/OpenECU/Code/Physical_Layer/Module" -I"H:/OpenECU/Code/Physical_Layer/CMSIS" -I"H:/OpenECU/Code/Physical_Layer/CMSIS/Device/ST/STM32F4xx/Include" -I"H:/OpenECU/Code/Physical_Layer/CMSIS/Include" -O0 -ffunction-sections -fdata-sections -Wall -fstack-usage -fcyclomatic-complexity -MMD -MP -MF"Module/comm_stats.d" -MT"Module/comm_stats.o" --specs=nano.specs -mfpu=fpv4-sp-d16 -mfloat-abi=hard -mthumb -o "Module/comm_stats.o"
arm-none-eabi-gcc -o "Physical_Layer.elf" @"objects.list"   -mcpu=cortex-m4 -T"H:\OpenECU\Code\Physical_Layer\STM32F446RETX_FLASH.ld" --specs=nosys.specs -Wl,-Map="Physical_Layer.map" -Wl,--gc-sections -static --specs=nano.specs -mfpu=fpv4-sp-d16 -mfloat-abi=hard -mthumb -Wl,--start-group -lc -lm -Wl,--end-group
Finished building target: Physical_Layer.elf
 
arm-none-eabi-size  Physical_Layer.elf 
arm-none-eabi-objdump -h -S Physical_Layer.elf  > "Physical_Layer.list"
   text	   data	    bss	    dec	    hex	filename
   8456	     92	   2112	  10660	   29a4	Physical_Layer.elf
Finished building: default.size.stdout
 
Finished building: Physical_Layer.list
 
