21:37:08 **** Incremental Build of configuration Debug for project Coolant_ECU ****
make -j16 all 
arm-none-eabi-gcc "../ThirdParty/SEGGER/OS/SEGGER_SYSVIEW_FreeRTOS.c" -mcpu=cortex-m4 -std=gnu11 -g3 -DDEBUG -DUSE_HAL_DRIVER -DSTM32F446xx -c -I../Core/Inc -I../Drivers/STM32F4xx_HAL_Driver/Inc -I../Drivers/STM32F4xx_HAL_Driver/Inc/Legacy -I../Drivers/CMSIS/Device/ST/STM32F4xx/Include -I../Drivers/CMSIS/Include -I"C:/Users/Jagakishan/Mini-AUTOSAR/OpenECU/Code/Coolant_ECU/ThirdParty/FreeRTOS" -I"C:/Users/Jagakishan/Mini-AUTOSAR/OpenECU/Code/Coolant_ECU/ThirdParty/FreeRTOS/include" -I"C:/Users/Jagakishan/Mini-AUTOSAR/OpenECU/Code/Coolant_ECU/ThirdParty/FreeRTOS/portable/GCC/ARM_CM4F" -I"C:/Users/Jagakishan/Mini-AUTOSAR/OpenECU/Code/Coolant_ECU/ThirdParty/SEGGER/OS" -I"C:/Users/Jagakishan/Mini-AUTOSAR/OpenECU/Code/Coolant_ECU/ThirdParty/SEGGER/SEGGER" -I"C:/Users/Jagakishan/Mini-AUTOSAR/OpenECU/Code/Coolant_ECU/ThirdParty/SEGGER/Config" -I"C:/Users/Jagakishan/Mini-AUTOSAR/OpenECU/Code/Coolant_ECU/ThirdParty/SEGGER" -I"C:/Users/Jagakishan/Mini-AUTOSAR/OpenECU/Code/Coolant_ECU/Module" -O0 -ffunction-sections -fdata-sections -Wall -fstack-usage -fcyclomatic-complexity -MMD -MP -MF"ThirdParty/SEGGER/OS/SEGGER_SYSVIEW_FreeRTOS.d" -MT"ThirdParty/SEGGER/OS/SEGGER_SYSVIEW_FreeRTOS.o" --specs=nano.specs -mfpu=fpv4-sp-d16 -mfloat-abi=hard -mthumb -o "ThirdParty/SEGGER/OS/SEGGER_SYSVIEW_FreeRTOS.o"
arm-none-eabi-gcc "../ThirdParty/SEGGER/Config/SEGGER_SYSVIEW_Config_FreeRTOS.c" -mcpu=cortex-m4 -std=gnu11 -g3 -DDEBUG -DUSE_HAL_DRIVER -DSTM32F446xx -c -I../Core/Inc -I../Drivers/STM32F4xx_HAL_Driver/Inc -I../Drivers/STM32F4xx_HAL_Driver/Inc/Legacy -I../Drivers/CMSIS/Device/ST/STM32F4xx/Include -I../Drivers/CMSIS/Include -I"C:/Users/Jagakishan/Mini-AUTOSAR/OpenECU/Code/Coolant_ECU/ThirdParty/FreeRTOS" -I"C:/Users/Jagakishan/Mini-AUTOSAR/OpenECU/Code/Coolant_ECU/ThirdParty/FreeRTOS/include" -I"C:/Users/Jagakishan/Mini-AUTOSAR/OpenECU/Code/Coolant_ECU/ThirdParty/FreeRTOS/portable/GCC/ARM_CM4F" -I"C:/Users/Jagakishan/Mini-AUTOSAR/OpenECU/Code/Coolant_ECU/ThirdParty/SEGGER/OS" -I"C:/Users/Jagakishan/Mini-AUTOSAR/OpenECU/Code/Coolant_ECU/ThirdParty/SEGGER/SEGGER" -I"C:/Users/Jagakishan/Mini-AUTOSAR/OpenECU/Code/Coolant_ECU/ThirdParty/SEGGER/Config" -I"C:/Users/Jagakishan/Mini-AUTOSAR/OpenECU/Code/Coolant_ECU/ThirdParty/SEGGER" -I"C:/Users/Jagakishan/Mini-AUTOSAR/OpenECU/Code/Coolant_ECU/Module" -O0 -ffunction-sections -fdata-sections -Wall -fstack-usage -fcyclomatic-complexity -MMD -MP -MF"ThirdParty/SEGGER/Config/SEGGER_SYSVIEW_Config_FreeRTOS.d" -MT"ThirdParty/SEGGER/Config/SEGGER_SYSVIEW_Config_FreeRTOS.o" --specs=nano.specs -mfpu=fpv4-sp-d16 -mfloat-abi=hard -mthumb -o "ThirdParty/SEGGER/Config/SEGGER_SYSVIEW_Config_FreeRTOS.o"
arm-none-eabi-gcc "../ThirdParty/FreeRTOS/portable/MemMang/heap_4.c" -mcpu=cortex-m4 -std=gnu11 -g3 -DDEBUG -DUSE_HAL_DRIVER -DSTM32F446xx -c -I../Core/Inc -I../Drivers/STM32F4xx_HAL_Driver/Inc -I../Drivers/STM32F4xx_HAL_Driver/Inc/Legacy -I../Drivers/CMSIS/Device/ST/STM32F4xx/Include -I../Drivers/CMSIS/Include -I"C:/Users/Jagakishan/Mini-AUTOSAR/OpenECU/Code/Coolant_ECU/ThirdParty/FreeRTOS" -I"C:/Users/Jagakishan/Mini-AUTOSAR/OpenECU/Code/Coolant_ECU/ThirdParty/FreeRTOS/include" -I"C:/Users/Jagakishan/Mini-AUTOSAR/OpenECU/Code/Coolant_ECU/ThirdParty/FreeRTOS/portable/GCC/ARM_CM4F" -I"C:/Users/Jagakishan/Mini-AUTOSAR/OpenECU/Code/Coolant_ECU/ThirdParty/SEGGER/OS" -I"C:/Users/Jagakishan/Mini-AUTOSAR/OpenECU/Code/Coolant_ECU/ThirdParty/SEGGER/SEGGER" -I"C:/Users/Jagakishan/Mini-AUTOSAR/OpenECU/Code/Coolant_ECU/ThirdParty/SEGGER/Config" -I"C:/Users/Jagakishan/Mini-AUTOSAR/OpenECU/Code/Coolant_ECU/ThirdParty/SEGGER" -I"C:/Users/Jagakishan/Mini-AUTOSAR/OpenECU/Code/Coolant_ECU/Module" -O0 -ffunction-sections -fdata-sections -Wall -fstack-usage -fcyclomatic-complexity -MMD -MP -MF"ThirdParty/FreeRTOS/portable/MemMang/heap_4.d" -MT"ThirdParty/FreeRTOS/portable/MemMang/heap_4.o" --specs=nano.specs -mfpu=fpv4-sp-d16 -mfloat-abi=hard -mthumb -o "ThirdParty/FreeRTOS/portable/MemMang/heap_4.o"
arm-none-eabi-gcc "../ThirdParty/FreeRTOS/portable/GCC/ARM_CM4F/port.c" -mcpu=cortex-m4 -std=gnu11 -g3 -DDEBUG -DUSE_HAL_DRIVER -DSTM32F446xx -c -I../Core/Inc -I../Drivers/STM32F4xx_HAL_Driver/Inc -I../Drivers/STM32F4xx_HAL_Driver/Inc/Legacy -I../Drivers/CMSIS/Device/ST/STM32F4xx/Include -I../Drivers/CMSIS/Include -I"C:/Users/Jagakishan/Mini-AUTOSAR/OpenECU/Code/Coolant_ECU/ThirdParty/FreeRTOS" -I"C:/Users/Jagakishan/Mini-AUTOSAR/OpenECU/Code/Coolant_ECU/ThirdParty/FreeRTOS/include" -I"C:/Users/Jagakishan/Mini-AUTOSAR/OpenECU/Code/Coolant_ECU/ThirdParty/FreeRTOS/portable/GCC/ARM_CM4F" -I"C:/Users/Jagakishan/Mini-AUTOSAR/OpenECU/Code/Coolant_ECU/ThirdParty/SEGGER/OS" -I"C:/Users/Jagakishan/Mini-AUTOSAR/OpenECU/Code/Coolant_ECU/ThirdParty/SEGGER/SEGGER" -I"C:/Users/Jagakishan/Mini-AUTOSAR/OpenECU/Code/Coolant_ECU/ThirdParty/SEGGER/Config" -I"C:/Users/Jagakishan/Mini-AUTOSAR/OpenECU/Code/Coolant_ECU/ThirdParty/SEGGER" -I"C:/Users/Jagakishan/Mini-AUTOSAR/OpenECU/Code/Coolant_ECU/Module" -O0 -ffunction-sections -fdata-sections -Wall -fstack-usage -fcyclomatic-complexity -MMD -MP -MF"ThirdParty/FreeRTOS/portable/GCC/ARM_CM4F/port.d" -MT"ThirdParty/FreeRTOS/portable/GCC/ARM_CM4F/port.o" --specs=nano.specs -mfpu=fpv4-sp-d16 -mfloat-abi=hard -mthumb -o "ThirdParty/FreeRTOS/portable/GCC/ARM_CM4F/port.o"
arm-none-eabi-gcc "../ThirdParty/FreeRTOS/croutine.c" -mcpu=cortex-m4 -std=gnu11 -g3 -DDEBUG -DUSE_HAL_DRIVER -DSTM32F446xx -c -I../Core/Inc -I../Drivers/STM32F4xx_HAL_Driver/Inc -I../Drivers/STM32F4xx_HAL_Driver/Inc/Legacy -I../Drivers/CMSIS/Device/ST/STM32F4xx/Include -I../Drivers/CMSIS/Include -I"C:/Users/Jagakishan/Mini-AUTOSAR/OpenECU/Code/Coolant_ECU/ThirdParty/FreeRTOS" -I"C:/Users/Jagakishan/Mini-AUTOSAR/OpenECU/Code/Coolant_ECU/ThirdParty/FreeRTOS/include" -I"C:/Users/Jagakishan/Mini-AUTOSAR/OpenECU/Code/Coolant_ECU/ThirdParty/FreeRTOS/portable/GCC/ARM_CM4F" -I"C:/Users/Jagakishan/Mini-AUTOSAR/OpenECU/Code/Coolant_ECU/ThirdParty/SEGGER/OS" -I"C:/Users/Jagakishan/Mini-AUTOSAR/OpenECU/Code/Coolant_ECU/ThirdParty/SEGGER/SEGGER" -I"C:/Users/Jagakishan/Mini-AUTOSAR/OpenECU/Code/Coolant_ECU/ThirdParty/SEGGER/Config" -I"C:/Users/Jagakishan/Mini-AUTOSAR/OpenECU/Code/Coolant_ECU/ThirdParty/SEGGER" -I"C:/Users/Jagakishan/Mini-AUTOSAR/OpenECU/Code/Coolant_ECU/Module" -O0 -ffunction-sections -fdata-sections -Wall -fstack-usage -fcyclomatic-complexity -MMD -MP -MF"ThirdParty/FreeRTOS/croutine.d" -MT"ThirdParty/FreeRTOS/croutine.o" --specs=nano.specs -mfpu=fpv4-sp-d16 -mfloat-abi=hard -mthumb -o "ThirdParty/FreeRTOS/croutine.o"
arm-none-eabi-gcc "../ThirdParty/FreeRTOS/event_groups.c" -mcpu=cortex-m4 -std=gnu11 -g3 -DDEBUG -DUSE_HAL_DRIVER -DSTM32F446xx -c -I../Core/Inc -I../Drivers/STM32F4xx_HAL_Driver/Inc -I../Drivers/STM32F4xx_HAL_Driver/Inc/Legacy -I../Drivers/CMSIS/Device/ST/STM32F4xx/Include -I../Drivers/CMSIS/Include -I"C:/Users/Jagakishan/Mini-AUTOSAR/OpenECU/Code/Coolant_ECU/ThirdParty/FreeRTOS" -I"C:/Users/Jagakishan/Mini-AUTOSAR/OpenECU/Code/Coolant_ECU/ThirdParty/FreeRTOS/include" -I"C:/Users/Jagakishan/Mini-AUTOSAR/OpenECU/Code/Coolant_ECU/ThirdParty/FreeRTOS/portable/GCC/ARM_CM4F" -I"C:/Users/Jagakishan/Mini-AUTOSAR/OpenECU/Code/Coolant_ECU/ThirdParty/SEGGER/OS" -I"C:/Users/Jagakishan/Mini-AUTOSAR/OpenECU/Code/Coolant_ECU/ThirdParty/SEGGER/SEGGER" -I"C:/Users/Jagakishan/Mini-AUTOSAR/OpenECU/Code/Coolant_ECU/ThirdParty/SEGGER/Config" -I"C:/Users/Jagakishan/Mini-AUTOSAR/OpenECU/Code/Coolant_ECU/ThirdParty/SEGGER" -I"C:/Users/Jagakishan/Mini-AUTOSAR/OpenECU/Code/Coolant_ECU/Module" -O0 -ffunction-sections -fdata-sections -Wall -fstack-usage -fcyclomatic-complexity -MMD -MP -MF"ThirdParty/FreeRTOS/event_groups.d" -MT"ThirdParty/FreeRTOS/event_groups.o" --specs=nano.specs -mfpu=fpv4-sp-d16 -mfloat-abi=hard -mthumb -o "ThirdParty/FreeRTOS/event_groups.o"
arm-none-eabi-gcc "../ThirdParty/FreeRTOS/list.c" -mcpu=cortex-m4 -std=gnu11 -g3 -DDEBUG -DUSE_HAL_DRIVER -DSTM32F446xx -c -I../Core/Inc -I../Drivers/STM32F4xx_HAL_Driver/Inc -I../Drivers/STM32F4xx_HAL_Driver/Inc/Legacy -I../Drivers/CMSIS/Device/ST/STM32F4xx/Include -I../Drivers/CMSIS/Include -I"C:/Users/Jagakishan/Mini-AUTOSAR/OpenECU/Code/Coolant_ECU/ThirdParty/FreeRTOS" -I"C:/Users/Jagakishan/Mini-AUTOSAR/OpenECU/Code/Coolant_ECU/ThirdParty/FreeRTOS/include" -I"C:/Users/Jagakishan/Mini-AUTOSAR/OpenECU/Code/Coolant_ECU/ThirdParty/FreeRTOS/portable/GCC/ARM_CM4F" -I"C:/Users/Jagakishan/Mini-AUTOSAR/OpenECU/Code/Coolant_ECU/ThirdParty/SEGGER/OS" -I"C:/Users/Jagakishan/Mini-AUTOSAR/OpenECU/Code/Coolant_ECU/ThirdParty/SEGGER/SEGGER" -I"C:/Users/Jagakishan/Mini-AUTOSAR/OpenECU/Code/Coolant_ECU/ThirdParty/SEGGER/Config" -I"C:/Users/Jagakishan/Mini-AUTOSAR/OpenECU/Code/Coolant_ECU/ThirdParty/SEGGER" -I"C:/Users/Jagakishan/Mini-AUTOSAR/OpenECU/Code/Coolant_ECU/Module" -O0 -ffunction-sections -fdata-sections -Wall -fstack-usage -fcyclomatic-complexity -MMD -MP -MF"ThirdParty/FreeRTOS/list.d" -MT"ThirdParty/FreeRTOS/list.o" --specs=nano.specs -mfpu=fpv4-sp-d16 -mfloat-abi=hard -mthumb -o "ThirdParty/FreeRTOS/list.o"
arm-none-eabi-gcc "../ThirdParty/FreeRTOS/queue.c" -mcpu=cortex-m4 -std=gnu11 -g3 -DDEBUG -DUSE_HAL_DRIVER -DSTM32F446xx -c -I../Core/Inc -I../Drivers/STM32F4xx_HAL_Driver/Inc -I../Drivers/STM32F4xx_HAL_Driver/Inc/Legacy -I../Drivers/CMSIS/Device/ST/STM32F4xx/Include -I../Drivers/CMSIS/Include -I"C:/Users/Jagakishan/Mini-AUTOSAR/OpenECU/Code/Coolant_ECU/ThirdParty/FreeRTOS" -I"C:/Users/Jagakishan/Mini-AUTOSAR/OpenECU/Code/Coolant_ECU/ThirdParty/FreeRTOS/include" -I"C:/Users/Jagakishan/Mini-AUTOSAR/OpenECU/Code/Coolant_ECU/ThirdParty/FreeRTOS/portable/GCC/ARM_CM4F" -I"C:/Users/Jagakishan/Mini-AUTOSAR/OpenECU/Code/Coolant_ECU/ThirdParty/SEGGER/OS" -I"C:/Users/Jagakishan/Mini-AUTOSAR/OpenECU/Code/Coolant_ECU/ThirdParty/SEGGER/SEGGER" -I"C:/Users/Jagakishan/Mini-AUTOSAR/OpenECU/Code/Coolant_ECU/ThirdParty/SEGGER/Config" -I"C:/Users/Jagakishan/Mini-AUTOSAR/OpenECU/Code/Coolant_ECU/ThirdParty/SEGGER" -I"C:/Users/Jagakishan/Mini-AUTOSAR/OpenECU/Code/Coolant_ECU/Module" -O0 -ffunction-sections -fdata-sections -Wall -fstack-usage -fcyclomatic-complexity -MMD -MP -MF"ThirdParty/FreeRTOS/queue.d" -MT"ThirdParty/FreeRTOS/queue.o" --specs=nano.specs -mfpu=fpv4-sp-d16 -mfloat-abi=hard -mthumb -o "ThirdParty/FreeRTOS/queue.o"
arm-none-eabi-gcc "../ThirdParty/FreeRTOS/stream_buffer.c" -mcpu=cortex-m4 -std=gnu11 -g3 -DDEBUG -DUSE_HAL_DRIVER -DSTM32F446xx -c -I../Core/Inc -I../Drivers/STM32F4xx_HAL_Driver/Inc -I../Drivers/STM32F4xx_HAL_Driver/Inc/Legacy -I../Drivers/CMSIS/Device/ST/STM32F4xx/Include -I../Drivers/CMSIS/Include -I"C:/Users/Jagakishan/Mini-AUTOSAR/OpenECU/Code/Coolant_ECU/ThirdParty/FreeRTOS" -I"C:/Users/Jagakishan/Mini-AUTOSAR/OpenECU/Code/Coolant_ECU/ThirdParty/FreeRTOS/include" -I"C:/Users/Jagakishan/Mini-AUTOSAR/OpenECU/Code/Coolant_ECU/ThirdParty/FreeRTOS/portable/GCC/ARM_CM4F" -I"C:/Users/Jagakishan/Mini-AUTOSAR/OpenECU/Code/Coolant_ECU/ThirdParty/SEGGER/OS" -I"C:/Users/Jagakishan/Mini-AUTOSAR/OpenECU/Code/Coolant_ECU/ThirdParty/SEGGER/SEGGER" -I"C:/Users/Jagakishan/Mini-AUTOSAR/OpenECU/Code/Coolant_ECU/ThirdParty/SEGGER/Config" -I"C:/Users/Jagakishan/Mini-AUTOSAR/OpenECU/Code/Coolant_ECU/ThirdParty/SEGGER" -I"C:/Users/Jagakishan/Mini-AUTOSAR/OpenECU/Code/Coolant_ECU/Module" -O0 -ffunction-sections -fdata-sections -Wall -fstack-usage -fcyclomatic-complexity -MMD -MP -MF"ThirdParty/FreeRTOS/stream_buffer.d" -MT"ThirdParty/FreeRTOS/stream_buffer.o" --specs=nano.specs -mfpu=fpv4-sp-d16 -mfloat-abi=hard -mthumb -o "ThirdParty/FreeRTOS/stream_buffer.o"
arm-none-eabi-gcc "../ThirdParty/FreeRTOS/tasks.c" -mcpu=cortex-m4 -std=gnu11 -g3 -DDEBUG -DUSE_HAL_DRIVER -DSTM32F446xx -c -I../Core/Inc -I../Drivers/STM32F4xx_HAL_Driver/Inc -I../Drivers/STM32F4xx_HAL_Driver/Inc/Legacy -I../Drivers/CMSIS/Device/ST/STM32F4xx/Include -I../Drivers/CMSIS/Include -I"C:/Users/Jagakishan/Mini-AUTOSAR/OpenECU/Code/Coolant_ECU/ThirdParty/FreeRTOS" -I"C:/Users/Jagakishan/Mini-AUTOSAR/OpenECU/Code/Coolant_ECU/ThirdParty/FreeRTOS/include" -I"C:/Users/Jagakishan/Mini-AUTOSAR/OpenECU/Code/Coolant_ECU/ThirdParty/FreeRTOS/portable/GCC/ARM_CM4F" -I"C:/Users/Jagakishan/Mini-AUTOSAR/OpenECU/Code/Coolant_ECU/ThirdParty/SEGGER/OS" -I"C:/Users/Jagakishan/Mini-AUTOSAR/OpenECU/Code/Coolant_ECU/ThirdParty/SEGGER/SEGGER" -I"C:/Users/Jagakishan/Mini-AUTOSAR/OpenECU/Code/Coolant_ECU/ThirdParty/SEGGER/Config" -I"C:/Users/Jagakishan/Mini-AUTOSAR/OpenECU/Code/Coolant_ECU/ThirdParty/SEGGER" -I"C:/Users/Jagakishan/Mini-AUTOSAR/OpenECU/Code/Coolant_ECU/Module" -O0 -ffunction-sections -fdata-sections -Wall -fstack-usage -fcyclomatic-complexity -MMD -MP -MF"ThirdParty/FreeRTOS/tasks.d" -MT"ThirdParty/FreeRTOS/tasks.o" --specs=nano.specs -mfpu=fpv4-sp-d16 -mfloat-abi=hard -mthumb -o "ThirdParty/FreeRTOS/tasks.o"
arm-none-eabi-gcc "../ThirdParty/FreeRTOS/timers.c" -mcpu=cortex-m4 -std=gnu11 -g3 -DDEBUG -DUSE_HAL_DRIVER -DSTM32F446xx -c -I../Core/Inc -I../Drivers/STM32F4xx_HAL_Driver/Inc -I../Drivers/STM32F4xx_HAL_Driver/Inc/Legacy -I../Drivers/CMSIS/Device/ST/STM32F4xx/Include -I../Drivers/CMSIS/Include -I"C:/Users/Jagakishan/Mini-AUTOSAR/OpenECU/Code/Coolant_ECU/ThirdParty/FreeRTOS" -I"C:/Users/Jagakishan/Mini-AUTOSAR/OpenECU/Code/Coolant_ECU/ThirdParty/FreeRTOS/include" -I"C:/Users/Jagakishan/Mini-AUTOSAR/OpenECU/Code/Coolant_ECU/ThirdParty/FreeRTOS/portable/GCC/ARM_CM4F" -I"C:/Users/Jagakishan/Mini-AUTOSAR/OpenECU/Code/Coolant_ECU/ThirdParty/SEGGER/OS" -I"C:/Users/Jagakishan/Mini-AUTOSAR/OpenECU/Code/Coolant_ECU/ThirdParty/SEGGER/SEGGER" -I"C:/Users/Jagakishan/Mini-AUTOSAR/OpenECU/Code/Coolant_ECU/ThirdParty/SEGGER/Config" -I"C:/Users/Jagakishan/Mini-AUTOSAR/OpenECU/Code/Coolant_ECU/ThirdParty/SEGGER" -I"C:/Users/Jagakishan/Mini-AUTOSAR/OpenECU/Code/Coolant_ECU/Module" -O0 -ffunction-sections -fdata-sections -Wall -fstack-usage -fcyclomatic-complexity -MMD -MP -MF"ThirdParty/FreeRTOS/timers.d" -MT"ThirdParty/FreeRTOS/timers.o" --specs=nano.specs -mfpu=fpv4-sp-d16 -mfloat-abi=hard -mthumb -o "ThirdParty/FreeRTOS/timers.o"
arm-none-eabi-gcc "../Module/can.c" -mcpu=cortex-m4 -std=gnu11 -g3 -DDEBUG -DUSE_HAL_DRIVER -DSTM32F446xx -c -I../Core/Inc -I../Drivers/STM32F4xx_HAL_Driver/Inc -I../Drivers/STM32F4xx_HAL_Driver/Inc/Legacy -I../Drivers/CMSIS/Device/ST/STM32F4xx/Include -I../Drivers/CMSIS/Include -I"C:/Users/Jagakishan/Mini-AUTOSAR/OpenECU/Code/Coolant_ECU/ThirdParty/FreeRTOS" -I"C:/Users/Jagakishan/Mini-AUTOSAR/OpenECU/Code/Coolant_ECU/ThirdParty/FreeRTOS/include" -I"C:/Users/Jagakishan/Mini-AUTOSAR/OpenECU/Code/Coolant_ECU/ThirdParty/FreeRTOS/portable/GCC/ARM_CM4F" -I"C:/Users/Jagakishan/Mini-AUTOSAR/OpenECU/Code/Coolant_ECU/ThirdParty/SEGGER/OS" -I"C:/Users/Jagakishan/Mini-AUTOSAR/OpenECU/Code/Coolant_ECU/ThirdParty/SEGGER/SEGGER" -I"C:/Users/Jagakishan/Mini-AUTOSAR/OpenECU/Code/Coolant_ECU/ThirdParty/SEGGER/Config" -I"C:/Users/Jagakishan/Mini-AUTOSAR/OpenECU/Code/Coolant_ECU/ThirdParty/SEGGER" -I"C:/Users/Jagakishan/Mini-AUTOSAR/OpenECU/Code/Coolant_ECU/Module" -O0 -ffunction-sections -fdata-sections -Wall -fstack-usage -fcyclomatic-complexity -MMD -MP -MF"Module/can.d" -MT"Module/can.o" --specs=nano.specs -mfpu=fpv4-sp-d16 -mfloat-abi=hard -mthumb -o "Module/can.o"
arm-none-eabi-gcc "../Module/ds18b20.c" -mcpu=cortex-m4 -std=gnu11 -g3 -DDEBUG -DUSE_HAL_DRIVER -DSTM32F446xx -c -I../Core/Inc -I../Drivers/STM32F4xx_HAL_Driver/Inc -I../Drivers/STM32F4xx_HAL_Driver/Inc/Legacy -I../Drivers/CMSIS/Device/ST/STM32F4xx/Include -I../Drivers/CMSIS/Include -I"C:/Users/Jagakishan/Mini-AUTOSAR/OpenECU/Code/Coolant_ECU/ThirdParty/FreeRTOS" -I"C:/Users/Jagakishan/Mini-AUTOSAR/OpenECU/Code/Coolant_ECU/ThirdParty/FreeRTOS/include" -I"C:/Users/Jagakishan/Mini-AUTOSAR/OpenECU/Code/Coolant_ECU/ThirdParty/FreeRTOS/portable/GCC/ARM_CM4F" -I"C:/Users/Jagakishan/Mini-AUTOSAR/OpenECU/Code/Coolant_ECU/ThirdParty/SEGGER/OS" -I"C:/Users/Jagakishan/Mini-AUTOSAR/OpenECU/Code/Coolant_ECU/ThirdParty/SEGGER/SEGGER" -I"C:/Users/Jagakishan/Mini-AUTOSAR/OpenECU/Code/Coolant_ECU/ThirdParty/SEGGER/Config" -I"C:/Users/Jagakishan/Mini-AUTOSAR/OpenECU/Code/Coolant_ECU/ThirdParty/SEGGER" -I"C:/Users/Jagakishan/Mini-AUTOSAR/OpenECU/Code/Coolant_ECU/Module" -O0 -ffunction-sections -fdata-sections -Wall -fstack-usage -fcyclomatic-complexity -MMD -MP -MF"Module/ds18b20.d" -MT"Module/ds18b20.o" --specs=nano.specs -mfpu=fpv4-sp-d16 -mfloat-abi=hard -mthumb -o "Module/ds18b20.o"
arm-none-eabi-gcc "../Module/fan.c" -mcpu=cortex-m4 -std=gnu11 -g3 -DDEBUG -DUSE_HAL_DRIVER -DSTM32F446xx -c -I../Core/Inc -I../Drivers/STM32F4xx_HAL_Driver/Inc -I../Drivers/STM32F4xx_HAL_Driver/Inc/Legacy -I../Drivers/CMSIS/Device/ST/STM32F4xx/Include -I../Drivers/CMSIS/Include -I"C:/Users/Jagakishan/Mini-AUTOSAR/OpenECU/Code/Coolant_ECU/ThirdParty/FreeRTOS" -I"C:/Users/Jagakishan/Mini-AUTOSAR/OpenECU/Code/Coolant_ECU/ThirdParty/FreeRTOS/include" -I"C:/Users/Jagakishan/Mini-AUTOSAR/OpenECU/Code/Coolant_ECU/ThirdParty/FreeRTOS/portable/GCC/ARM_CM4F" -I"C:/Users/Jagakishan/Mini-AUTOSAR/OpenECU/Code/Coolant_ECU/ThirdParty/SEGGER/OS" -I"C:/Users/Jagakishan/Mini-AUTOSAR/OpenECU/Code/Coolant_ECU/ThirdParty/SEGGER/SEGGER" -I"C:/Users/Jagakishan/Mini-AUTOSAR/OpenECU/Code/Coolant_ECU/ThirdParty/SEGGER/Config" -I"C:/Users/Jagakishan/Mini-AUTOSAR/OpenECU/Code/Coolant_ECU/ThirdParty/SEGGER" -I"C:/Users/Jagakishan/Mini-AUTOSAR/OpenECU/Code/Coolant_ECU/Module" -O0 -ffunction-sections -fdata-sections -Wall -fstack-usage -fcyclomatic-complexity -MMD -MP -MF"Module/fan.d" -MT"Module/fan.o" --specs=nano.specs -mfpu=fpv4-sp-d16 -mfloat-abi=hard -mthumb -o "Module/fan.o"
arm-none-eabi-gcc "../Module/iwdg.c" -mcpu=cortex-m4 -std=gnu11 -g3 -DDEBUG -DUSE_HAL_DRIVER -DSTM32F446xx -c -I../Core/Inc -I../Drivers/STM32F4xx_HAL_Driver/Inc -I../Drivers/STM32F4xx_HAL_Driver/Inc/Legacy -I../Drivers/CMSIS/Device/ST/STM32F4xx/Include -I../Drivers/CMSIS/Include -I"C:/Users/Jagakishan/Mini-AUTOSAR/OpenECU/Code/Coolant_ECU/ThirdParty/FreeRTOS" -I"C:/Users/Jagakishan/Mini-AUTOSAR/OpenECU/Code/Coolant_ECU/ThirdParty/FreeRTOS/include" -I"C:/Users/Jagakishan/Mini-AUTOSAR/OpenECU/Code/Coolant_ECU/ThirdParty/FreeRTOS/portable/GCC/ARM_CM4F" -I"C:/Users/Jagakishan/Mini-AUTOSAR/OpenECU/Code/Coolant_ECU/ThirdParty/SEGGER/OS" -I"C:/Users/Jagakishan/Mini-AUTOSAR/OpenECU/Code/Coolant_ECU/ThirdParty/SEGGER/SEGGER" -I"C:/Users/Jagakishan/Mini-AUTOSAR/OpenECU/Code/Coolant_ECU/ThirdParty/SEGGER/Config" -I"C:/Users/Jagakishan/Mini-AUTOSAR/OpenECU/Code/Coolant_ECU/ThirdParty/SEGGER" -I"C:/Users/Jagakishan/Mini-AUTOSAR/OpenECU/Code/Coolant_ECU/Module" -O0 -ffunction-sections -fdata-sections -Wall -fstack-usage -fcyclomatic-complexity -MMD -MP -MF"Module/iwdg.d" -MT"Module/iwdg.o" --specs=nano.specs -mfpu=fpv4-sp-d16 -mfloat-abi=hard -mthumb -o "Module/iwdg.o"
arm-none-eabi-gcc "../Module/sysTick.c" -mcpu=cortex-m4 -std=gnu11 -g3 -DDEBUG -DUSE_HAL_DRIVER -DSTM32F446xx -c -I../Core/Inc -I../Drivers/STM32F4xx_HAL_Driver/Inc -I../Drivers/STM32F4xx_HAL_Driver/Inc/Legacy -I../Drivers/CMSIS/Device/ST/STM32F4xx/Include -I../Drivers/CMSIS/Include -I"C:/Users/Jagakishan/Mini-AUTOSAR/OpenECU/Code/Coolant_ECU/ThirdParty/FreeRTOS" -I"C:/Users/Jagakishan/Mini-AUTOSAR/OpenECU/Code/Coolant_ECU/ThirdParty/FreeRTOS/include" -I"C:/Users/Jagakishan/Mini-AUTOSAR/OpenECU/Code/Coolant_ECU/ThirdParty/FreeRTOS/portable/GCC/ARM_CM4F" -I"C:/Users/Jagakishan/Mini-AUTOSAR/OpenECU/Code/Coolant_ECU/ThirdParty/SEGGER/OS" -I"C:/Users/Jagakishan/Mini-AUTOSAR/OpenECU/Code/Coolant_ECU/ThirdParty/SEGGER/SEGGER" -I"C:/Users/Jagakishan/Mini-AUTOSAR/OpenECU/Code/Coolant_ECU/ThirdParty/SEGGER/Config" -I"C:/Users/Jagakishan/Mini-AUTOSAR/OpenECU/Code/Coolant_ECU/ThirdParty/SEGGER" -I"C:/Users/Jagakishan/Mini-AUTOSAR/OpenECU/Code/Coolant_ECU/Module" -O0 -ffunction-sections -fdata-sections -Wall -fstack-usage -fcyclomatic-complexity -MMD -MP -MF"Module/sysTick.d" -MT"Module/sysTick.o" --specs=nano.specs -mfpu=fpv4-sp-d16 -mfloat-abi=hard -mthumb -o "Module/sysTick.o"
arm-none-eabi-gcc "../Module/systemMonitor.c" -mcpu=cortex-m4 -std=gnu11 -g3 -DDEBUG -DUSE_HAL_DRIVER -DSTM32F446xx -c -I../Core/Inc -I../Drivers/STM32F4xx_HAL_Driver/Inc -I../Drivers/STM32F4xx_HAL_Driver/Inc/Legacy -I../Drivers/CMSIS/Device/ST/STM32F4xx/Include -I../Drivers/CMSIS/Include -I"C:/Users/Jagakishan/Mini-AUTOSAR/OpenECU/Code/Coolant_ECU/ThirdParty/FreeRTOS" -I"C:/Users/Jagakishan/Mini-AUTOSAR/OpenECU/Code/Coolant_ECU/ThirdParty/FreeRTOS/include" -I"C:/Users/Jagakishan/Mini-AUTOSAR/OpenECU/Code/Coolant_ECU/ThirdParty/FreeRTOS/portable/GCC/ARM_CM4F" -I"C:/Users/Jagakishan/Mini-AUTOSAR/OpenECU/Code/Coolant_ECU/ThirdParty/SEGGER/OS" -I"C:/Users/Jagakishan/Mini-AUTOSAR/OpenECU/Code/Coolant_ECU/ThirdParty/SEGGER/SEGGER" -I"C:/Users/Jagakishan/Mini-AUTOSAR/OpenECU/Code/Coolant_ECU/ThirdParty/SEGGER/Config" -I"C:/Users/Jagakishan/Mini-AUTOSAR/OpenECU/Code/Coolant_ECU/ThirdParty/SEGGER" -I"C:/Users/Jagakishan/Mini-AUTOSAR/OpenECU/Code/Coolant_ECU/Module" -O0 -ffunction-sections -fdata-sections -Wall -fstack-usage -fcyclomatic-complexity -MMD -MP -MF"Module/systemMonitor.d" -MT"Module/systemMonitor.o" --specs=nano.specs -mfpu=fpv4-sp-d16 -mfloat-abi=hard -mthumb -o "Module/systemMonitor.o"
arm-none-eabi-gcc "../Module/timer.c" -mcpu=cortex-m4 -std=gnu11 -g3 -DDEBUG -DUSE_HAL_DRIVER -DSTM32F446xx -c -I../Core/Inc -I../Drivers/STM32F4xx_HAL_Driver/Inc -I../Drivers/STM32F4xx_HAL_Driver/Inc/Legacy -I../Drivers/CMSIS/Device/ST/STM32F4xx/Include -I../Drivers/CMSIS/Include -I"C:/Users/Jagakishan/Mini-AUTOSAR/OpenECU/Code/Coolant_ECU/ThirdParty/FreeRTOS" -I"C:/Users/Jagakishan/Mini-AUTOSAR/OpenECU/Code/Coolant_ECU/ThirdParty/FreeRTOS/include" -I"C:/Users/Jagakishan/Mini-AUTOSAR/OpenECU/Code/Coolant_ECU/ThirdParty/FreeRTOS/portable/GCC/ARM_CM4F" -I"C:/Users/Jagakishan/Mini-AUTOSAR/OpenECU/Code/Coolant_ECU/ThirdParty/SEGGER/OS" -I"C:/Users/Jagakishan/Mini-AUTOSAR/OpenECU/Code/Coolant_ECU/ThirdParty/SEGGER/SEGGER" -I"C:/Users/Jagakishan/Mini-AUTOSAR/OpenECU/Code/Coolant_ECU/ThirdParty/SEGGER/Config" -I"C:/Users/Jagakishan/Mini-AUTOSAR/OpenECU/Code/Coolant_ECU/ThirdParty/SEGGER" -I"C:/Users/Jagakishan/Mini-AUTOSAR/OpenECU/Code/Coolant_ECU/Module" -O0 -ffunction-sections -fdata-sections -Wall -fstack-usage -fcyclomatic-complexity -MMD -MP -MF"Module/timer.d" -MT"Module/timer.o" --specs=nano.specs -mfpu=fpv4-sp-d16 -mfloat-abi=hard -mthumb -o "Module/timer.o"
arm-none-eabi-gcc "../Module/uart.c" -mcpu=cortex-m4 -std=gnu11 -g3 -DDEBUG -DUSE_HAL_DRIVER -DSTM32F446xx -c -I../Core/Inc -I../Drivers/STM32F4xx_HAL_Driver/Inc -I../Drivers/STM32F4xx_HAL_Driver/Inc/Legacy -I../Drivers/CMSIS/Device/ST/STM32F4xx/Include -I../Drivers/CMSIS/Include -I"C:/Users/Jagakishan/Mini-AUTOSAR/OpenECU/Code/Coolant_ECU/ThirdParty/FreeRTOS" -I"C:/Users/Jagakishan/Mini-AUTOSAR/OpenECU/Code/Coolant_ECU/ThirdParty/FreeRTOS/include" -I"C:/Users/Jagakishan/Mini-AUTOSAR/OpenECU/Code/Coolant_ECU/ThirdParty/FreeRTOS/portable/GCC/ARM_CM4F" -I"C:/Users/Jagakishan/Mini-AUTOSAR/OpenECU/Code/Coolant_ECU/ThirdParty/SEGGER/OS" -I"C:/Users/Jagakishan/Mini-AUTOSAR/OpenECU/Code/Coolant_ECU/ThirdParty/SEGGER/SEGGER" -I"C:/Users/Jagakishan/Mini-AUTOSAR/OpenECU/Code/Coolant_ECU/ThirdParty/SEGGER/Config" -I"C:/Users/Jagakishan/Mini-AUTOSAR/OpenECU/Code/Coolant_ECU/ThirdParty/SEGGER" -I"C:/Users/Jagakishan/Mini-AUTOSAR/OpenECU/Code/Coolant_ECU/Module" -O0 -ffunction-sections -fdata-sections -Wall -fstack-usage -fcyclomatic-complexity -MMD -MP -MF"Module/uart.d" -MT"Module/uart.o" --specs=nano.specs -mfpu=fpv4-sp-d16 -mfloat-abi=hard -mthumb -o "Module/uart.o"
arm-none-eabi-gcc "../Core/Src/main.c" -mcpu=cortex-m4 -std=gnu11 -g3 -DDEBUG -DUSE_HAL_DRIVER -DSTM32F446xx -c -I../Core/Inc -I../Drivers/STM32F4xx_HAL_Driver/Inc -I../Drivers/STM32F4xx_HAL_Driver/Inc/Legacy -I../Drivers/CMSIS/Device/ST/STM32F4xx/Include -I../Drivers/CMSIS/Include -I"C:/Users/Jagakishan/Mini-AUTOSAR/OpenECU/Code/Coolant_ECU/ThirdParty/FreeRTOS" -I"C:/Users/Jagakishan/Mini-AUTOSAR/OpenECU/Code/Coolant_ECU/ThirdParty/FreeRTOS/include" -I"C:/Users/Jagakishan/Mini-AUTOSAR/OpenECU/Code/Coolant_ECU/ThirdParty/FreeRTOS/portable/GCC/ARM_CM4F" -I"C:/Users/Jagakishan/Mini-AUTOSAR/OpenECU/Code/Coolant_ECU/ThirdParty/SEGGER/OS" -I"C:/Users/Jagakishan/Mini-AUTOSAR/OpenECU/Code/Coolant_ECU/ThirdParty/SEGGER/SEGGER" -I"C:/Users/Jagakishan/Mini-AUTOSAR/OpenECU/Code/Coolant_ECU/ThirdParty/SEGGER/Config" -I"C:/Users/Jagakishan/Mini-AUTOSAR/OpenECU/Code/Coolant_ECU/ThirdParty/SEGGER" -I"C:/Users/Jagakishan/Mini-AUTOSAR/OpenECU/Code/Coolant_ECU/Module" -O0 -ffunction-sections -fdata-sections -Wall -fstack-usage -fcyclomatic-complexity -MMD -MP -MF"Core/Src/main.d" -MT"Core/Src/main.o" --specs=nano.specs -mfpu=fpv4-sp-d16 -mfloat-abi=hard -mthumb -o "Core/Src/main.o"
arm-none-eabi-gcc -o "Coolant_ECU.elf" @"objects.list"   -mcpu=cortex-m4 -T"C:\Users\Jagakishan\Mini-AUTOSAR\OpenECU\Code\Coolant_ECU\STM32F446RETX_FLASH.ld" --specs=nosys.specs -Wl,-Map="Coolant_ECU.map" -Wl,--gc-sections -static --specs=nano.specs -mfpu=fpv4-sp-d16 -mfloat-abi=hard -mthumb -Wl,--start-group -lc -lm -Wl,--end-group
Finished building target: Coolant_ECU.elf
 
arm-none-eabi-size  Coolant_ECU.elf 
arm-none-eabi-objdump -h -S Coolant_ECU.elf  > "Coolant_ECU.list"
   text	   data	    bss	    dec	    hex	filename
  25832	     88	  85296	 111216	  1b270	Coolant_ECU.elf
Finished building: default.size.stdout
 
Finished building: Coolant_ECU.list
 
21:43:00 **** Incremental Build of configuration Debug for project Coolant_ECU ****
make -j16 all 
arm-none-eabi-gcc "../ThirdParty/SEGGER/OS/SEGGER_SYSVIEW_FreeRTOS.c" -mcpu=cortex-m4 -std=gnu11 -g3 -DDEBUG -DUSE_HAL_DRIVER -DSTM32F446xx -c -I../Core/Inc -I../Drivers/STM32F4xx_HAL_Driver/Inc -I../Drivers/STM32F4xx_HAL_Driver/Inc/Legacy -I../Drivers/CMSIS/Device/ST/STM32F4xx/Include -I../Drivers/CMSIS/Include -I"C:/Users/Jagakishan/Mini-AUTOSAR/OpenECU/Code/Coolant_ECU/ThirdParty/FreeRTOS" -I"C:/Users/Jagakishan/Mini-AUTOSAR/OpenECU/Code/Coolant_ECU/ThirdParty/FreeRTOS/include" -I"C:/Users/Jagakishan/Mini-AUTOSAR/OpenECU/Code/Coolant_ECU/ThirdParty/FreeRTOS/portable/GCC/ARM_CM4F" -I"C:/Users/Jagakishan/Mini-AUTOSAR/OpenECU/Code/Coolant_ECU/ThirdParty/SEGGER/OS" -I"C:/Users/Jagakishan/Mini-AUTOSAR/OpenECU/Code/Coolant_ECU/ThirdParty/SEGGER/SEGGER" -I"C:/Users/Jagakishan/Mini-AUTOSAR/OpenECU/Code/Coolant_ECU/ThirdParty/SEGGER/Config" -I"C:/Users/Jagakishan/Mini-AUTOSAR/OpenECU/Code/Coolant_ECU/ThirdParty/SEGGER" -I"C:/Users/Jagakishan/Mini-AUTOSAR/OpenECU/Code/Coolant_ECU/Module" -O0 -ffunction-sections -fdata-sections -Wall -fstack-usage -fcyclomatic-complexity -MMD -MP -MF"ThirdParty/SEGGER/OS/SEGGER_SYSVIEW_FreeRTOS.d" -MT"ThirdParty/SEGGER/OS/SEGGER_SYSVIEW_FreeRTOS.o" --specs=nano.specs -mfpu=fpv4-sp-d16 -mfloat-abi=hard -mthumb -o "ThirdParty/SEGGER/OS/SEGGER_SYSVIEW_FreeRTOS.o"
arm-none-eabi-gcc "../ThirdParty/SEGGER/Config/SEGGER_SYSVIEW_Config_FreeRTOS.c" -mcpu=cortex-m4 -std=gnu11 -g3 -DDEBUG -DUSE_HAL_DRIVER -DSTM32F446xx -c -I../Core/Inc -I../Drivers/STM32F4xx_HAL_Driver/Inc -I../Drivers/STM32F4xx_HAL_Driver/Inc/Legacy -I../Drivers/CMSIS/Device/ST/STM32F4xx/Include -I../Drivers/CMSIS/Include -I"C:/Users/Jagakishan/Mini-AUTOSAR/OpenECU/Code/Coolant_ECU/ThirdParty/FreeRTOS" -I"C:/Users/Jagakishan/Mini-AUTOSAR/OpenECU/Code/Coolant_ECU/ThirdParty/FreeRTOS/include" -I"C:/Users/Jagakishan/Mini-AUTOSAR/OpenECU/Code/Coolant_ECU/ThirdParty/FreeRTOS/portable/GCC/ARM_CM4F" -I"C:/Users/Jagakishan/Mini-AUTOSAR/OpenECU/Code/Coolant_ECU/ThirdParty/SEGGER/OS" -I"C:/Users/Jagakishan/Mini-AUTOSAR/OpenECU/Code/Coolant_ECU/ThirdParty/SEGGER/SEGGER" -I"C:/Users/Jagakishan/Mini-AUTOSAR/OpenECU/Code/Coolant_ECU/ThirdParty/SEGGER/Config" -I"C:/Users/Jagakishan/Mini-AUTOSAR/OpenECU/Code/Coolant_ECU/ThirdParty/SEGGER" -I"C:/Users/Jagakishan/Mini-AUTOSAR/OpenECU/Code/Coolant_ECU/Module" -O0 -ffunction-sections -fdata-sections -Wall -fstack-usage -fcyclomatic-complexity -MMD -MP -MF"ThirdParty/SEGGER/Config/SEGGER_SYSVIEW_Config_FreeRTOS.d" -MT"ThirdParty/SEGGER/Config/SEGGER_SYSVIEW_Config_FreeRTOS.o" --specs=nano.specs -mfpu=fpv4-sp-d16 -mfloat-abi=hard -mthumb -o "ThirdParty/SEGGER/Config/SEGGER_SYSVIEW_Config_FreeRTOS.o"
arm-none-eabi-gcc "../ThirdParty/FreeRTOS/portable/MemMang/heap_4.c" -mcpu=cortex-m4 -std=gnu11 -g3 -DDEBUG -DUSE_HAL_DRIVER -DSTM32F446xx -c -I../Core/Inc -I../Drivers/STM32F4xx_HAL_Driver/Inc -I../Drivers/STM32F4xx_HAL_Driver/Inc/Legacy -I../Drivers/CMSIS/Device/ST/STM32F4xx/Include -I../Drivers/CMSIS/Include -I"C:/Users/Jagakishan/Mini-AUTOSAR/OpenECU/Code/Coolant_ECU/ThirdParty/FreeRTOS" -I"C:/Users/Jagakishan/Mini-AUTOSAR/OpenECU/Code/Coolant_ECU/ThirdParty/FreeRTOS/include" -I"C:/Users/Jagakishan/Mini-AUTOSAR/OpenECU/Code/Coolant_ECU/ThirdParty/FreeRTOS/portable/GCC/ARM_CM4F" -I"C:/Users/Jagakishan/Mini-AUTOSAR/OpenECU/Code/Coolant_ECU/ThirdParty/SEGGER/OS" -I"C:/Users/Jagakishan/Mini-AUTOSAR/OpenECU/Code/Coolant_ECU/ThirdParty/SEGGER/SEGGER" -I"C:/Users/Jagakishan/Mini-AUTOSAR/OpenECU/Code/Coolant_ECU/ThirdParty/SEGGER/Config" -I"C:/Users/Jagakishan/Mini-AUTOSAR/OpenECU/Code/Coolant_ECU/ThirdParty/SEGGER" -I"C:/Users/Jagakishan/Mini-AUTOSAR/OpenECU/Code/Coolant_ECU/Module" -O0 -ffunction-sections -fdata-sections -Wall -fstack-usage -fcyclomatic-complexity -MMD -MP -MF"ThirdParty/FreeRTOS/portable/MemMang/heap_4.d" -MT"ThirdParty/FreeRTOS/portable/MemMang/heap_4.o" --specs=nano.specs -mfpu=fpv4-sp-d16 -mfloat-abi=hard -mthumb -o "ThirdParty/FreeRTOS/portable/MemMang/heap_4.o"
arm-none-eabi-gcc "../ThirdParty/FreeRTOS/portable/GCC/ARM_CM4F/port.c" -mcpu=cortex-m4 -std=gnu11 -g3 -DDEBUG -DUSE_HAL_DRIVER -DSTM32F446xx -c -I../Core/Inc -I../Drivers/STM32F4xx_HAL_Driver/Inc -I../Drivers/STM32F4xx_HAL_Driver/Inc/Legacy -I../Drivers/CMSIS/Device/ST/STM32F4xx/Include -I../Drivers/CMSIS/Include -I"C:/Users/Jagakishan/Mini-AUTOSAR/OpenECU/Code/Coolant_ECU/ThirdParty/FreeRTOS" -I"C:/Users/Jagakishan/Mini-AUTOSAR/OpenECU/Code/Coolant_ECU/ThirdParty/FreeRTOS/include" -I"C:/Users/Jagakishan/Mini-AUTOSAR/OpenECU/Code/Coolant_ECU/ThirdParty/FreeRTOS/portable/GCC/ARM_CM4F" -I"C:/Users/Jagakishan/Mini-AUTOSAR/OpenECU/Code/Coolant_ECU/ThirdParty/SEGGER/OS" -I"C:/Users/Jagakishan/Mini-AUTOSAR/OpenECU/Code/Coolant_ECU/ThirdParty/SEGGER/SEGGER" -I"C:/Users/Jagakishan/Mini-AUTOSAR/OpenECU/Code/Coolant_ECU/ThirdParty/SEGGER/Config" -I"C:/Users/Jagakishan/Mini-AUTOSAR/OpenECU/Code/Coolant_ECU/ThirdParty/SEGGER" -I"C:/Users/Jagakishan/Mini-AUTOSAR/OpenECU/Code/Coolant_ECU/Module" -O0 -ffunction-sections -fdata-sections -Wall -fstack-usage -fcyclomatic-complexity -MMD -MP -MF"ThirdParty/FreeRTOS/portable/GCC/ARM_CM4F/port.d" -MT"ThirdParty/FreeRTOS/portable/GCC/ARM_CM4F/port.o" --specs=nano.specs -mfpu=fpv4-sp-d16 -mfloat-abi=hard -mthumb -o "ThirdParty/FreeRTOS/portable/GCC/ARM_CM4F/port.o"
arm-none-eabi-gcc "../ThirdParty/FreeRTOS/croutine.c" -mcpu=cortex-m4 -std=gnu11 -g3 -DDEBUG -DUSE_HAL_DRIVER -DSTM32F446xx -c -I../Core/Inc -I../Drivers/STM32F4xx_HAL_Driver/Inc -I../Drivers/STM32F4xx_HAL_Driver/Inc/Legacy -I../Drivers/CMSIS/Device/ST/STM32F4xx/Include -I../Drivers/CMSIS/Include -I"C:/Users/Jagakishan/Mini-AUTOSAR/OpenECU/Code/Coolant_ECU/ThirdParty/FreeRTOS" -I"C:/Users/Jagakishan/Mini-AUTOSAR/OpenECU/Code/Coolant_ECU/ThirdParty/FreeRTOS/include" -I"C:/Users/Jagakishan/Mini-AUTOSAR/OpenECU/Code/Coolant_ECU/ThirdParty/FreeRTOS/portable/GCC/ARM_CM4F" -I"C:/Users/Jagakishan/Mini-AUTOSAR/OpenECU/Code/Coolant_ECU/ThirdParty/SEGGER/OS" -I"C:/Users/Jagakishan/Mini-AUTOSAR/OpenECU/Code/Coolant_ECU/ThirdParty/SEGGER/SEGGER" -I"C:/Users/Jagakishan/Mini-AUTOSAR/OpenECU/Code/Coolant_ECU/ThirdParty/SEGGER/Config" -I"C:/Users/Jagakishan/Mini-AUTOSAR/OpenECU/Code/Coolant_ECU/ThirdParty/SEGGER" -I"C:/Users/Jagakishan/Mini-AUTOSAR/OpenECU/Code/Coolant_ECU/Module" -O0 -ffunction-sections -fdata-sections -Wall -fstack-usage -fcyclomatic-complexity -MMD -MP -MF"ThirdParty/FreeRTOS/croutine.d" -MT"ThirdParty/FreeRTOS/croutine.o" --specs=nano.specs -mfpu=fpv4-sp-d16 -mfloat-abi=hard -mthumb -o "ThirdParty/FreeRTOS/croutine.o"
arm-none-eabi-gcc "../ThirdParty/FreeRTOS/event_groups.c" -mcpu=cortex-m4 -std=gnu11 -g3 -DDEBUG -DUSE_HAL_DRIVER -DSTM32F446xx -c -I../Core/Inc -I../Drivers/STM32F4xx_HAL_Driver/Inc -I../Drivers/STM32F4xx_HAL_Driver/Inc/Legacy -I../Drivers/CMSIS/Device/ST/STM32F4xx/Include -I../Drivers/CMSIS/Include -I"C:/Users/Jagakishan/Mini-AUTOSAR/OpenECU/Code/Coolant_ECU/ThirdParty/FreeRTOS" -I"C:/Users/Jagakishan/Mini-AUTOSAR/OpenECU/Code/Coolant_ECU/ThirdParty/FreeRTOS/include" -I"C:/Users/Jagakishan/Mini-AUTOSAR/OpenECU/Code/Coolant_ECU/ThirdParty/FreeRTOS/portable/GCC/ARM_CM4F" -I"C:/Users/Jagakishan/Mini-AUTOSAR/OpenECU/Code/Coolant_ECU/ThirdParty/SEGGER/OS" -I"C:/Users/Jagakishan/Mini-AUTOSAR/OpenECU/Code/Coolant_ECU/ThirdParty/SEGGER/SEGGER" -I"C:/Users/Jagakishan/Mini-AUTOSAR/OpenECU/Code/Coolant_ECU/ThirdParty/SEGGER/Config" -I"C:/Users/Jagakishan/Mini-AUTOSAR/OpenECU/Code/Coolant_ECU/ThirdParty/SEGGER" -I"C:/Users/Jagakishan/Mini-AUTOSAR/OpenECU/Code/Coolant_ECU/Module" -O0 -ffunction-sections -fdata-sections -Wall -fstack-usage -fcyclomatic-complexity -MMD -MP -MF"ThirdParty/FreeRTOS/event_groups.d" -MT"ThirdParty/FreeRTOS/event_groups.o" --specs=nano.specs -mfpu=fpv4-sp-d16 -mfloat-abi=hard -mthumb -o "ThirdParty/FreeRTOS/event_groups.o"
arm-none-eabi-gcc "../ThirdParty/FreeRTOS/list.c" -mcpu=cortex-m4 -std=gnu11 -g3 -DDEBUG -DUSE_HAL_DRIVER -DSTM32F446xx -c -I../Core/Inc -I../Drivers/STM32F4xx_HAL_Driver/Inc -I../Drivers/STM32F4xx_HAL_Driver/Inc/Legacy -I../Drivers/CMSIS/Device/ST/STM32F4xx/Include -I../Drivers/CMSIS/Include -I"C:/Users/Jagakishan/Mini-AUTOSAR/OpenECU/Code/Coolant_ECU/ThirdParty/FreeRTOS" -I"C:/Users/Jagakishan/Mini-AUTOSAR/OpenECU/Code/Coolant_ECU/ThirdParty/FreeRTOS/include" -I"C:/Users/Jagakishan/Mini-AUTOSAR/OpenECU/Code/Coolant_ECU/ThirdParty/FreeRTOS/portable/GCC/ARM_CM4F" -I"C:/Users/Jagakishan/Mini-AUTOSAR/OpenECU/Code/Coolant_ECU/ThirdParty/SEGGER/OS" -I"C:/Users/Jagakishan/Mini-AUTOSAR/OpenECU/Code/Coolant_ECU/ThirdParty/SEGGER/SEGGER" -I"C:/Users/Jagakishan/Mini-AUTOSAR/OpenECU/Code/Coolant_ECU/ThirdParty/SEGGER/Config" -I"C:/Users/Jagakishan/Mini-AUTOSAR/OpenECU/Code/Coolant_ECU/ThirdParty/SEGGER" -I"C:/Users/Jagakishan/Mini-AUTOSAR/OpenECU/Code/Coolant_ECU/Module" -O0 -ffunction-sections -fdata-sections -Wall -fstack-usage -fcyclomatic-complexity -MMD -MP -MF"ThirdParty/FreeRTOS/list.d" -MT"ThirdParty/FreeRTOS/list.o" --specs=nano.specs -mfpu=fpv4-sp-d16 -mfloat-abi=hard -mthumb -o "ThirdParty/FreeRTOS/list.o"
arm-none-eabi-gcc "../ThirdParty/FreeRTOS/queue.c" -mcpu=cortex-m4 -std=gnu11 -g3 -DDEBUG -DUSE_HAL_DRIVER -DSTM32F446xx -c -I../Core/Inc -I../Drivers/STM32F4xx_HAL_Driver/Inc -I../Drivers/STM32F4xx_HAL_Driver/Inc/Legacy -I../Drivers/CMSIS/Device/ST/STM32F4xx/Include -I../Drivers/CMSIS/Include -I"C:/Users/Jagakishan/Mini-AUTOSAR/OpenECU/Code/Coolant_ECU/ThirdParty/FreeRTOS" -I"C:/Users/Jagakishan/Mini-AUTOSAR/OpenECU/Code/Coolant_ECU/ThirdParty/FreeRTOS/include" -I"C:/Users/Jagakishan/Mini-AUTOSAR/OpenECU/Code/Coolant_ECU/ThirdParty/FreeRTOS/portable/GCC/ARM_CM4F" -I"C:/Users/Jagakishan/Mini-AUTOSAR/OpenECU/Code/Coolant_ECU/ThirdParty/SEGGER/OS" -I"C:/Users/Jagakishan/Mini-AUTOSAR/OpenECU/Code/Coolant_ECU/ThirdParty/SEGGER/SEGGER" -I"C:/Users/Jagakishan/Mini-AUTOSAR/OpenECU/Code/Coolant_ECU/ThirdParty/SEGGER/Config" -I"C:/Users/Jagakishan/Mini-AUTOSAR/OpenECU/Code/Coolant_ECU/ThirdParty/SEGGER" -I"C:/Users/Jagakishan/Mini-AUTOSAR/OpenECU/Code/Coolant_ECU/Module" -O0 -ffunction-sections -fdata-sections -Wall -fstack-usage -fcyclomatic-complexity -MMD -MP -MF"ThirdParty/FreeRTOS/queue.d" -MT"ThirdParty/FreeRTOS/queue.o" --specs=nano.specs -mfpu=fpv4-sp-d16 -mfloat-abi=hard -mthumb -o "ThirdParty/FreeRTOS/queue.o"
arm-none-eabi-gcc "../ThirdParty/FreeRTOS/stream_buffer.c" -mcpu=cortex-m4 -std=gnu11 -g3 -DDEBUG -DUSE_HAL_DRIVER -DSTM32F446xx -c -I../Core/Inc -I../Drivers/STM32F4xx_HAL_Driver/Inc -I../Drivers/STM32F4xx_HAL_Driver/Inc/Legacy -I../Drivers/CMSIS/Device/ST/STM32F4xx/Include -I../Drivers/CMSIS/Include -I"C:/Users/Jagakishan/Mini-AUTOSAR/OpenECU/Code/Coolant_ECU/ThirdParty/FreeRTOS" -I"C:/Users/Jagakishan/Mini-AUTOSAR/OpenECU/Code/Coolant_ECU/ThirdParty/FreeRTOS/include" -I"C:/Users/Jagakishan/Mini-AUTOSAR/OpenECU/Code/Coolant_ECU/ThirdParty/FreeRTOS/portable/GCC/ARM_CM4F" -I"C:/Users/Jagakishan/Mini-AUTOSAR/OpenECU/Code/Coolant_ECU/ThirdParty/SEGGER/OS" -I"C:/Users/Jagakishan/Mini-AUTOSAR/OpenECU/Code/Coolant_ECU/ThirdParty/SEGGER/SEGGER" -I"C:/Users/Jagakishan/Mini-AUTOSAR/OpenECU/Code/Coolant_ECU/ThirdParty/SEGGER/Config" -I"C:/Users/Jagakishan/Mini-AUTOSAR/OpenECU/Code/Coolant_ECU/ThirdParty/SEGGER" -I"C:/Users/Jagakishan/Mini-AUTOSAR/OpenECU/Code/Coolant_ECU/Module" -O0 -ffunction-sections -fdata-sections -Wall -fstack-usage -fcyclomatic-complexity -MMD -MP -MF"ThirdParty/FreeRTOS/stream_buffer.d" -MT"ThirdParty/FreeRTOS/stream_buffer.o" --specs=nano.specs -mfpu=fpv4-sp-d16 -mfloat-abi=hard -mthumb -o "ThirdParty/FreeRTOS/stream_buffer.o"
arm-none-eabi-gcc "../ThirdParty/FreeRTOS/tasks.c" -mcpu=cortex-m4 -std=gnu11 -g3 -DDEBUG -DUSE_HAL_DRIVER -DSTM32F446xx -c -I../Core/Inc -I../Drivers/STM32F4xx_HAL_Driver/Inc -I../Drivers/STM32F4xx_HAL_Driver/Inc/Legacy -I../Drivers/CMSIS/Device/ST/STM32F4xx/Include -I../Drivers/CMSIS/Include -I"C:/Users/Jagakishan/Mini-AUTOSAR/OpenECU/Code/Coolant_ECU/ThirdParty/FreeRTOS" -I"C:/Users/Jagakishan/Mini-AUTOSAR/OpenECU/Code/Coolant_ECU/ThirdParty/FreeRTOS/include" -I"C:/Users/Jagakishan/Mini-AUTOSAR/OpenECU/Code/Coolant_ECU/ThirdParty/FreeRTOS/portable/GCC/ARM_CM4F" -I"C:/Users/Jagakishan/Mini-AUTOSAR/OpenECU/Code/Coolant_ECU/ThirdParty/SEGGER/OS" -I"C:/Users/Jagakishan/Mini-AUTOSAR/OpenECU/Code/Coolant_ECU/ThirdParty/SEGGER/SEGGER" -I"C:/Users/Jagakishan/Mini-AUTOSAR/OpenECU/Code/Coolant_ECU/ThirdParty/SEGGER/Config" -I"C:/Users/Jagakishan/Mini-AUTOSAR/OpenECU/Code/Coolant_ECU/ThirdParty/SEGGER" -I"C:/Users/Jagakishan/Mini-AUTOSAR/OpenECU/Code/Coolant_ECU/Module" -O0 -ffunction-sections -fdata-sections -Wall -fstack-usage -fcyclomatic-complexity -MMD -MP -MF"ThirdParty/FreeRTOS/tasks.d" -MT"ThirdParty/FreeRTOS/tasks.o" --specs=nano.specs -mfpu=fpv4-sp-d16 -mfloat-abi=hard -mthumb -o "ThirdParty/FreeRTOS/tasks.o"
arm-none-eabi-gcc "../ThirdParty/FreeRTOS/timers.c" -mcpu=cortex-m4 -std=gnu11 -g3 -DDEBUG -DUSE_HAL_DRIVER -DSTM32F446xx -c -I../Core/Inc -I../Drivers/STM32F4xx_HAL_Driver/Inc -I../Drivers/STM32F4xx_HAL_Driver/Inc/Legacy -I../Drivers/CMSIS/Device/ST/STM32F4xx/Include -I../Drivers/CMSIS/Include -I"C:/Users/Jagakishan/Mini-AUTOSAR/OpenECU/Code/Coolant_ECU/ThirdParty/FreeRTOS" -I"C:/Users/Jagakishan/Mini-AUTOSAR/OpenECU/Code/Coolant_ECU/ThirdParty/FreeRTOS/include" -I"C:/Users/Jagakishan/Mini-AUTOSAR/OpenECU/Code/Coolant_ECU/ThirdParty/FreeRTOS/portable/GCC/ARM_CM4F" -I"C:/Users/Jagakishan/Mini-AUTOSAR/OpenECU/Code/Coolant_ECU/ThirdParty/SEGGER/OS" -I"C:/Users/Jagakishan/Mini-AUTOSAR/OpenECU/Code/Coolant_ECU/ThirdParty/SEGGER/SEGGER" -I"C:/Users/Jagakishan/Mini-AUTOSAR/OpenECU/Code/Coolant_ECU/ThirdParty/SEGGER/Config" -I"C:/Users/Jagakishan/Mini-AUTOSAR/OpenECU/Code/Coolant_ECU/ThirdParty/SEGGER" -I"C:/Users/Jagakishan/Mini-AUTOSAR/OpenECU/Code/Coolant_ECU/Module" -O0 -ffunction-sections -fdata-sections -Wall -fstack-usage -fcyclomatic-complexity -MMD -MP -MF"ThirdParty/FreeRTOS/timers.d" -MT"ThirdParty/FreeRTOS/timers.o" --specs=nano.specs -mfpu=fpv4-sp-d16 -mfloat-abi=hard -mthumb -o "ThirdParty/FreeRTOS/timers.o"
arm-none-eabi-gcc "../Module/can.c" -mcpu=cortex-m4 -std=gnu11 -g3 -DDEBUG -DUSE_HAL_DRIVER -DSTM32F446xx -c -I../Core/Inc -I../Drivers/STM32F4xx_HAL_Driver/Inc -I../Drivers/STM32F4xx_HAL_Driver/Inc/Legacy -I../Drivers/CMSIS/Device/ST/STM32F4xx/Include -I../Drivers/CMSIS/Include -I"C:/Users/Jagakishan/Mini-AUTOSAR/OpenECU/Code/Coolant_ECU/ThirdParty/FreeRTOS" -I"C:/Users/Jagakishan/Mini-AUTOSAR/OpenECU/Code/Coolant_ECU/ThirdParty/FreeRTOS/include" -I"C:/Users/Jagakishan/Mini-AUTOSAR/OpenECU/Code/Coolant_ECU/ThirdParty/FreeRTOS/portable/GCC/ARM_CM4F" -I"C:/Users/Jagakishan/Mini-AUTOSAR/OpenECU/Code/Coolant_ECU/ThirdParty/SEGGER/OS" -I"C:/Users/Jagakishan/Mini-AUTOSAR/OpenECU/Code/Coolant_ECU/ThirdParty/SEGGER/SEGGER" -I"C:/Users/Jagakishan/Mini-AUTOSAR/OpenECU/Code/Coolant_ECU/ThirdParty/SEGGER/Config" -I"C:/Users/Jagakishan/Mini-AUTOSAR/OpenECU/Code/Coolant_ECU/ThirdParty/SEGGER" -I"C:/Users/Jagakishan/Mini-AUTOSAR/OpenECU/Code/Coolant_ECU/Module" -O0 -ffunction-sections -fdata-sections -Wall -fstack-usage -fcyclomatic-complexity -MMD -MP -MF"Module/can.d" -MT"Module/can.o" --specs=nano.specs -mfpu=fpv4-sp-d16 -mfloat-abi=hard -mthumb -o "Module/can.o"
arm-none-eabi-gcc "../Module/ds18b20.c" -mcpu=cortex-m4 -std=gnu11 -g3 -DDEBUG -DUSE_HAL_DRIVER -DSTM32F446xx -c -I../Core/Inc -I../Drivers/STM32F4xx_HAL_Driver/Inc -I../Drivers/STM32F4xx_HAL_Driver/Inc/Legacy -I../Drivers/CMSIS/Device/ST/STM32F4xx/Include -I../Drivers/CMSIS/Include -I"C:/Users/Jagakishan/Mini-AUTOSAR/OpenECU/Code/Coolant_ECU/ThirdParty/FreeRTOS" -I"C:/Users/Jagakishan/Mini-AUTOSAR/OpenECU/Code/Coolant_ECU/ThirdParty/FreeRTOS/include" -I"C:/Users/Jagakishan/Mini-AUTOSAR/OpenECU/Code/Coolant_ECU/ThirdParty/FreeRTOS/portable/GCC/ARM_CM4F" -I"C:/Users/Jagakishan/Mini-AUTOSAR/OpenECU/Code/Coolant_ECU/ThirdParty/SEGGER/OS" -I"C:/Users/Jagakishan/Mini-AUTOSAR/OpenECU/Code/Coolant_ECU/ThirdParty/SEGGER/SEGGER" -I"C:/Users/Jagakishan/Mini-AUTOSAR/OpenECU/Code/Coolant_ECU/ThirdParty/SEGGER/Config" -I"C:/Users/Jagakishan/Mini-AUTOSAR/OpenECU/Code/Coolant_ECU/ThirdParty/SEGGER" -I"C:/Users/Jagakishan/Mini-AUTOSAR/OpenECU/Code/Coolant_ECU/Module" -O0 -ffunction-sections -fdata-sections -Wall -fstack-usage -fcyclomatic-complexity -MMD -MP -MF"Module/ds18b20.d" -MT"Module/ds18b20.o" --specs=nano.specs -mfpu=fpv4-sp-d16 -mfloat-abi=hard -mthumb -o "Module/ds18b20.o"
arm-none-eabi-gcc "../Module/fan.c" -mcpu=cortex-m4 -std=gnu11 -g3 -DDEBUG -DUSE_HAL_DRIVER -DSTM32F446xx -c -I../Core/Inc -I../Drivers/STM32F4xx_HAL_Driver/Inc -I../Drivers/STM32F4xx_HAL_Driver/Inc/Legacy -I../Drivers/CMSIS/Device/ST/STM32F4xx/Include -I../Drivers/CMSIS/Include -I"C:/Users/Jagakishan/Mini-AUTOSAR/OpenECU/Code/Coolant_ECU/ThirdParty/FreeRTOS" -I"C:/Users/Jagakishan/Mini-AUTOSAR/OpenECU/Code/Coolant_ECU/ThirdParty/FreeRTOS/include" -I"C:/Users/Jagakishan/Mini-AUTOSAR/OpenECU/Code/Coolant_ECU/ThirdParty/FreeRTOS/portable/GCC/ARM_CM4F" -I"C:/Users/Jagakishan/Mini-AUTOSAR/OpenECU/Code/Coolant_ECU/ThirdParty/SEGGER/OS" -I"C:/Users/Jagakishan/Mini-AUTOSAR/OpenECU/Code/Coolant_ECU/ThirdParty/SEGGER/SEGGER" -I"C:/Users/Jagakishan/Mini-AUTOSAR/OpenECU/Code/Coolant_ECU/ThirdParty/SEGGER/Config" -I"C:/Users/Jagakishan/Mini-AUTOSAR/OpenECU/Code/Coolant_ECU/ThirdParty/SEGGER" -I"C:/Users/Jagakishan/Mini-AUTOSAR/OpenECU/Code/Coolant_ECU/Module" -O0 -ffunction-sections -fdata-sections -Wall -fstack-usage -fcyclomatic-complexity -MMD -MP -MF"Module/fan.d" -MT"Module/fan.o" --specs=nano.specs -mfpu=fpv4-sp-d16 -mfloat-abi=hard -mthumb -o "Module/fan.o"
arm-none-eabi-gcc "../Module/iwdg.c" -mcpu=cortex-m4 -std=gnu11 -g3 -DDEBUG -DUSE_HAL_DRIVER -DSTM32F446xx -c -I../Core/Inc -I../Drivers/STM32F4xx_HAL_Driver/Inc -I../Drivers/STM32F4xx_HAL_Driver/Inc/Legacy -I../Drivers/CMSIS/Device/ST/STM32F4xx/Include -I../Drivers/CMSIS/Include -I"C:/Users/Jagakishan/Mini-AUTOSAR/OpenECU/Code/Coolant_ECU/ThirdParty/FreeRTOS" -I"C:/Users/Jagakishan/Mini-AUTOSAR/OpenECU/Code/Coolant_ECU/ThirdParty/FreeRTOS/include" -I"C:/Users/Jagakishan/Mini-AUTOSAR/OpenECU/Code/Coolant_ECU/ThirdParty/FreeRTOS/portable/GCC/ARM_CM4F" -I"C:/Users/Jagakishan/Mini-AUTOSAR/OpenECU/Code/Coolant_ECU/ThirdParty/SEGGER/OS" -I"C:/Users/Jagakishan/Mini-AUTOSAR/OpenECU/Code/Coolant_ECU/ThirdParty/SEGGER/SEGGER" -I"C:/Users/Jagakishan/Mini-AUTOSAR/OpenECU/Code/Coolant_ECU/ThirdParty/SEGGER/Config" -I"C:/Users/Jagakishan/Mini-AUTOSAR/OpenECU/Code/Coolant_ECU/ThirdParty/SEGGER" -I"C:/Users/Jagakishan/Mini-AUTOSAR/OpenECU/Code/Coolant_ECU/Module" -O0 -ffunction-sections -fdata-sections -Wall -fstack-usage -fcyclomatic-complexity -MMD -MP -MF"Module/iwdg.d" -MT"Module/iwdg.o" --specs=nano.specs -mfpu=fpv4-sp-d16 -mfloat-abi=hard -mthumb -o "Module/iwdg.o"
arm-none-eabi-gcc "../Module/sysTick.c" -mcpu=cortex-m4 -std=gnu11 -g3 -DDEBUG -DUSE_HAL_DRIVER -DSTM32F446xx -c -I../Core/Inc -I../Drivers/STM32F4xx_HAL_Driver/Inc -I../Drivers/STM32F4xx_HAL_Driver/Inc/Legacy -I../Drivers/CMSIS/Device/ST/STM32F4xx/Include -I../Drivers/CMSIS/Include -I"C:/Users/Jagakishan/Mini-AUTOSAR/OpenECU/Code/Coolant_ECU/ThirdParty/FreeRTOS" -I"C:/Users/Jagakishan/Mini-AUTOSAR/OpenECU/Code/Coolant_ECU/ThirdParty/FreeRTOS/include" -I"C:/Users/Jagakishan/Mini-AUTOSAR/OpenECU/Code/Coolant_ECU/ThirdParty/FreeRTOS/portable/GCC/ARM_CM4F" -I"C:/Users/Jagakishan/Mini-AUTOSAR/OpenECU/Code/Coolant_ECU/ThirdParty/SEGGER/OS" -I"C:/Users/Jagakishan/Mini-AUTOSAR/OpenECU/Code/Coolant_ECU/ThirdParty/SEGGER/SEGGER" -I"C:/Users/Jagakishan/Mini-AUTOSAR/OpenECU/Code/Coolant_ECU/ThirdParty/SEGGER/Config" -I"C:/Users/Jagakishan/Mini-AUTOSAR/OpenECU/Code/Coolant_ECU/ThirdParty/SEGGER" -I"C:/Users/Jagakishan/Mini-AUTOSAR/OpenECU/Code/Coolant_ECU/Module" -O0 -ffunction-sections -fdata-sections -Wall -fstack-usage -fcyclomatic-complexity -MMD -MP -MF"Module/sysTick.d" -MT"Module/sysTick.o" --specs=nano.specs -mfpu=fpv4-sp-d16 -mfloat-abi=hard -mthumb -o "Module/sysTick.o"
arm-none-eabi-gcc "../Module/systemMonitor.c" -mcpu=cortex-m4 -std=gnu11 -g3 -DDEBUG -DUSE_HAL_DRIVER -DSTM32F446xx -c -I../Core/Inc -I../Drivers/STM32F4xx_HAL_Driver/Inc -I../Drivers/STM32F4xx_HAL_Driver/Inc/Legacy -I../Drivers/CMSIS/Device/ST/STM32F4xx/Include -I../Drivers/CMSIS/Include -I"C:/Users/Jagakishan/Mini-AUTOSAR/OpenECU/Code/Coolant_ECU/ThirdParty/FreeRTOS" -I"C:/Users/Jagakishan/Mini-AUTOSAR/OpenECU/Code/Coolant_ECU/ThirdParty/FreeRTOS/include" -I"C:/Users/Jagakishan/Mini-AUTOSAR/OpenECU/Code/Coolant_ECU/ThirdParty/FreeRTOS/portable/GCC/ARM_CM4F" -I"C:/Users/Jagakishan/Mini-AUTOSAR/OpenECU/Code/Coolant_ECU/ThirdParty/SEGGER/OS" -I"C:/Users/Jagakishan/Mini-AUTOSAR/OpenECU/Code/Coolant_ECU/ThirdParty/SEGGER/SEGGER" -I"C:/Users/Jagakishan/Mini-AUTOSAR/OpenECU/Code/Coolant_ECU/ThirdParty/SEGGER/Config" -I"C:/Users/Jagakishan/Mini-AUTOSAR/OpenECU/Code/Coolant_ECU/ThirdParty/SEGGER" -I"C:/Users/Jagakishan/Mini-AUTOSAR/OpenECU/Code/Coolant_ECU/Module" -O0 -ffunction-sections -fdata-sections -Wall -fstack-usage -fcyclomatic-complexity -MMD -MP -MF"Module/systemMonitor.d" -MT"Module/systemMonitor.o" --specs=nano.specs -mfpu=fpv4-sp-d16 -mfloat-abi=hard -mthumb -o "Module/systemMonitor.o"
arm-none-eabi-gcc "../Module/timer.c" -mcpu=cortex-m4 -std=gnu11 -g3 -DDEBUG -DUSE_HAL_DRIVER -DSTM32F446xx -c -I../Core/Inc -I../Drivers/STM32F4xx_HAL_Driver/Inc -I../Drivers/STM32F4xx_HAL_Driver/Inc/Legacy -I../Drivers/CMSIS/Device/ST/STM32F4xx/Include -I../Drivers/CMSIS/Include -I"C:/Users/Jagakishan/Mini-AUTOSAR/OpenECU/Code/Coolant_ECU/ThirdParty/FreeRTOS" -I"C:/Users/Jagakishan/Mini-AUTOSAR/OpenECU/Code/Coolant_ECU/ThirdParty/FreeRTOS/include" -I"C:/Users/Jagakishan/Mini-AUTOSAR/OpenECU/Code/Coolant_ECU/ThirdParty/FreeRTOS/portable/GCC/ARM_CM4F" -I"C:/Users/Jagakishan/Mini-AUTOSAR/OpenECU/Code/Coolant_ECU/ThirdParty/SEGGER/OS" -I"C:/Users/Jagakishan/Mini-AUTOSAR/OpenECU/Code/Coolant_ECU/ThirdParty/SEGGER/SEGGER" -I"C:/Users/Jagakishan/Mini-AUTOSAR/OpenECU/Code/Coolant_ECU/ThirdParty/SEGGER/Config" -I"C:/Users/Jagakishan/Mini-AUTOSAR/OpenECU/Code/Coolant_ECU/ThirdParty/SEGGER" -I"C:/Users/Jagakishan/Mini-AUTOSAR/OpenECU/Code/Coolant_ECU/Module" -O0 -ffunction-sections -fdata-sections -Wall -fstack-usage -fcyclomatic-complexity -MMD -MP -MF"Module/timer.d" -MT"Module/timer.o" --specs=nano.specs -mfpu=fpv4-sp-d16 -mfloat-abi=hard -mthumb -o "Module/timer.o"
arm-none-eabi-gcc "../Module/uart.c" -mcpu=cortex-m4 -std=gnu11 -g3 -DDEBUG -DUSE_HAL_DRIVER -DSTM32F446xx -c -I../Core/Inc -I../Drivers/STM32F4xx_HAL_Driver/Inc -I../Drivers/STM32F4xx_HAL_Driver/Inc/Legacy -I../Drivers/CMSIS/Device/ST/STM32F4xx/Include -I../Drivers/CMSIS/Include -I"C:/Users/Jagakishan/Mini-AUTOSAR/OpenECU/Code/Coolant_ECU/ThirdParty/FreeRTOS" -I"C:/Users/Jagakishan/Mini-AUTOSAR/OpenECU/Code/Coolant_ECU/ThirdParty/FreeRTOS/include" -I"C:/Users/Jagakishan/Mini-AUTOSAR/OpenECU/Code/Coolant_ECU/ThirdParty/FreeRTOS/portable/GCC/ARM_CM4F" -I"C:/Users/Jagakishan/Mini-AUTOSAR/OpenECU/Code/Coolant_ECU/ThirdParty/SEGGER/OS" -I"C:/Users/Jagakishan/Mini-AUTOSAR/OpenECU/Code/Coolant_ECU/ThirdParty/SEGGER/SEGGER" -I"C:/Users/Jagakishan/Mini-AUTOSAR/OpenECU/Code/Coolant_ECU/ThirdParty/SEGGER/Config" -I"C:/Users/Jagakishan/Mini-AUTOSAR/OpenECU/Code/Coolant_ECU/ThirdParty/SEGGER" -I"C:/Users/Jagakishan/Mini-AUTOSAR/OpenECU/Code/Coolant_ECU/Module" -O0 -ffunction-sections -fdata-sections -Wall -fstack-usage -fcyclomatic-complexity -MMD -MP -MF"Module/uart.d" -MT"Module/uart.o" --specs=nano.specs -mfpu=fpv4-sp-d16 -mfloat-abi=hard -mthumb -o "Module/uart.o"
arm-none-eabi-gcc "../Core/Src/main.c" -mcpu=cortex-m4 -std=gnu11 -g3 -DDEBUG -DUSE_HAL_DRIVER -DSTM32F446xx -c -I../Core/Inc -I../Drivers/STM32F4xx_HAL_Driver/Inc -I../Drivers/STM32F4xx_HAL_Driver/Inc/Legacy -I../Drivers/CMSIS/Device/ST/STM32F4xx/Include -I../Drivers/CMSIS/Include -I"C:/Users/Jagakishan/Mini-AUTOSAR/OpenECU/Code/Coolant_ECU/ThirdParty/FreeRTOS" -I"C:/Users/Jagakishan/Mini-AUTOSAR/OpenECU/Code/Coolant_ECU/ThirdParty/FreeRTOS/include" -I"C:/Users/Jagakishan/Mini-AUTOSAR/OpenECU/Code/Coolant_ECU/ThirdParty/FreeRTOS/portable/GCC/ARM_CM4F" -I"C:/Users/Jagakishan/Mini-AUTOSAR/OpenECU/Code/Coolant_ECU/ThirdParty/SEGGER/OS" -I"C:/Users/Jagakishan/Mini-AUTOSAR/OpenECU/Code/Coolant_ECU/ThirdParty/SEGGER/SEGGER" -I"C:/Users/Jagakishan/Mini-AUTOSAR/OpenECU/Code/Coolant_ECU/ThirdParty/SEGGER/Config" -I"C:/Users/Jagakishan/Mini-AUTOSAR/OpenECU/Code/Coolant_ECU/ThirdParty/SEGGER" -I"C:/Users/Jagakishan/Mini-AUTOSAR/OpenECU/Code/Coolant_ECU/Module" -O0 -ffunction-sections -fdata-sections -Wall -fstack-usage -fcyclomatic-complexity -MMD -MP -MF"Core/Src/main.d" -MT"Core/Src/main.o" --specs=nano.specs -mfpu=fpv4-sp-d16 -mfloat-abi=hard -mthumb -o "Core/Src/main.o"
arm-none-eabi-gcc -o "Coolant_ECU.elf" @"objects.list"   -mcpu=cortex-m4 -T"C:\Users\Jagakishan\Mini-AUTOSAR\OpenECU\Code\Coolant_ECU\STM32F446RETX_FLASH.ld" --specs=nosys.specs -Wl,-Map="Coolant_ECU.map" -Wl,--gc-sections -static --specs=nano.specs -mfpu=fpv4-sp-d16 -mfloat-abi=hard -mthumb -Wl,--start-group -lc -lm -Wl,--end-group
Finished building target: Coolant_ECU.elf
 
arm-none-eabi-size  Coolant_ECU.elf 
arm-none-eabi-objdump -h -S Coolant_ECU.elf  > "Coolant_ECU.list"
   text	   data	    bss	    dec	    hex	filename
  25832	     88	  85296	 111216	  1b270	Coolant_ECU.elf
Finished building: default.size.stdout
 
Finished building: Coolant_ECU.list
 
21:52:57 **** Incremental Build of configuration Debug for project Coolant_ECU ****
make -j16 all 
arm-none-eabi-gcc "../ThirdParty/SEGGER/OS/SEGGER_SYSVIEW_FreeRTOS.c" -mcpu=cortex-m4 -std=gnu11 -g3 -DDEBUG -DUSE_HAL_DRIVER -DSTM32F446xx -c -I../Core/Inc -I../Drivers/STM32F4xx_HAL_Driver/Inc -I../Drivers/STM32F4xx_HAL_Driver/Inc/Legacy -I../Drivers/CMSIS/Device/ST/STM32F4xx/Include -I../Drivers/CMSIS/Include -I"C:/Users/Jagakishan/Mini-AUTOSAR/OpenECU/Code/Coolant_ECU/ThirdParty/FreeRTOS" -I"C:/Users/Jagakishan/Mini-AUTOSAR/OpenECU/Code/Coolant_ECU/ThirdParty/FreeRTOS/include" -I"C:/Users/Jagakishan/Mini-AUTOSAR/OpenECU/Code/Coolant_ECU/ThirdParty/FreeRTOS/portable/GCC/ARM_CM4F" -I"C:/Users/Jagakishan/Mini-AUTOSAR/OpenECU/Code/Coolant_ECU/ThirdParty/SEGGER/OS" -I"C:/Users/Jagakishan/Mini-AUTOSAR/OpenECU/Code/Coolant_ECU/ThirdParty/SEGGER/SEGGER" -I"C:/Users/Jagakishan/Mini-AUTOSAR/OpenECU/Code/Coolant_ECU/ThirdParty/SEGGER/Config" -I"C:/Users/Jagakishan/Mini-AUTOSAR/OpenECU/Code/Coolant_ECU/ThirdParty/SEGGER" -I"C:/Users/Jagakishan/Mini-AUTOSAR/OpenECU/Code/Coolant_ECU/Module" -O0 -ffunction-sections -fdata-sections -Wall -fstack-usage -fcyclomatic-complexity -MMD -MP -MF"ThirdParty/SEGGER/OS/SEGGER_SYSVIEW_FreeRTOS.d" -MT"ThirdParty/SEGGER/OS/SEGGER_SYSVIEW_FreeRTOS.o" --specs=nano.specs -mfpu=fpv4-sp-d16 -mfloat-abi=hard -mthumb -o "ThirdParty/SEGGER/OS/SEGGER_SYSVIEW_FreeRTOS.o"
arm-none-eabi-gcc "../ThirdParty/SEGGER/Config/SEGGER_SYSVIEW_Config_FreeRTOS.c" -mcpu=cortex-m4 -std=gnu11 -g3 -DDEBUG -DUSE_HAL_DRIVER -DSTM32F446xx -c -I../Core/Inc -I../Drivers/STM32F4xx_HAL_Driver/Inc -I../Drivers/STM32F4xx_HAL_Driver/Inc/Legacy -I../Drivers/CMSIS/Device/ST/STM32F4xx/Include -I../Drivers/CMSIS/Include -I"C:/Users/Jagakishan/Mini-AUTOSAR/OpenECU/Code/Coolant_ECU/ThirdParty/FreeRTOS" -I"C:/Users/Jagakishan/Mini-AUTOSAR/OpenECU/Code/Coolant_ECU/ThirdParty/FreeRTOS/include" -I"C:/Users/Jagakishan/Mini-AUTOSAR/OpenECU/Code/Coolant_ECU/ThirdParty/FreeRTOS/portable/GCC/ARM_CM4F" -I"C:/Users/Jagakishan/Mini-AUTOSAR/OpenECU/Code/Coolant_ECU/ThirdParty/SEGGER/OS" -I"C:/Users/Jagakishan/Mini-AUTOSAR/OpenECU/Code/Coolant_ECU/ThirdParty/SEGGER/SEGGER" -I"C:/Users/Jagakishan/Mini-AUTOSAR/OpenECU/Code/Coolant_ECU/ThirdParty/SEGGER/Config" -I"C:/Users/Jagakishan/Mini-AUTOSAR/OpenECU/Code/Coolant_ECU/ThirdParty/SEGGER" -I"C:/Users/Jagakishan/Mini-AUTOSAR/OpenECU/Code/Coolant_ECU/Module" -O0 -ffunction-sections -fdata-sections -Wall -fstack-usage -fcyclomatic-complexity -MMD -MP -MF"ThirdParty/SEGGER/Config/SEGGER_SYSVIEW_Config_FreeRTOS.d" -MT"ThirdParty/SEGGER/Config/SEGGER_SYSVIEW_Config_FreeRTOS.o" --specs=nano.specs -mfpu=fpv4-sp-d16 -mfloat-abi=hard -mthumb -o "ThirdParty/SEGGER/Config/SEGGER_SYSVIEW_Config_FreeRTOS.o"
arm-none-eabi-gcc "../ThirdParty/FreeRTOS/portable/MemMang/heap_4.c" -mcpu=cortex-m4 -std=gnu11 -g3 -DDEBUG -DUSE_HAL_DRIVER -DSTM32F446xx -c -I../Core/Inc -I../Drivers/STM32F4xx_HAL_Driver/Inc -I../Drivers/STM32F4xx_HAL_Driver/Inc/Legacy -I../Drivers/CMSIS/Device/ST/STM32F4xx/Include -I../Drivers/CMSIS/Include -I"C:/Users/Jagakishan/Mini-AUTOSAR/OpenECU/Code/Coolant_ECU/ThirdParty/FreeRTOS" -I"C:/Users/Jagakishan/Mini-AUTOSAR/OpenECU/Code/Coolant_ECU/ThirdParty/FreeRTOS/include" -I"C:/Users/Jagakishan/Mini-AUTOSAR/OpenECU/Code/Coolant_ECU/ThirdParty/FreeRTOS/portable/GCC/ARM_CM4F" -I"C:/Users/Jagakishan/Mini-AUTOSAR/OpenECU/Code/Coolant_ECU/ThirdParty/SEGGER/OS" -I"C:/Users/Jagakishan/Mini-AUTOSAR/OpenECU/Code/Coolant_ECU/ThirdParty/SEGGER/SEGGER" -I"C:/Users/Jagakishan/Mini-AUTOSAR/OpenECU/Code/Coolant_ECU/ThirdParty/SEGGER/Config" -I"C:/Users/Jagakishan/Mini-AUTOSAR/OpenECU/Code/Coolant_ECU/ThirdParty/SEGGER" -I"C:/Users/Jagakishan/Mini-AUTOSAR/OpenECU/Code/Coolant_ECU/Module" -O0 -ffunction-sections -fdata-sections -Wall -fstack-usage -fcyclomatic-complexity -MMD -MP -MF"ThirdParty/FreeRTOS/portable/MemMang/heap_4.d" -MT"ThirdParty/FreeRTOS/portable/MemMang/heap_4.o" --specs=nano.specs -mfpu=fpv4-sp-d16 -mfloat-abi=hard -mthumb -o "ThirdParty/FreeRTOS/portable/MemMang/heap_4.o"
arm-none-eabi-gcc "../ThirdParty/FreeRTOS/portable/GCC/ARM_CM4F/port.c" -mcpu=cortex-m4 -std=gnu11 -g3 -DDEBUG -DUSE_HAL_DRIVER -DSTM32F446xx -c -I../Core/Inc -I../Drivers/STM32F4xx_HAL_Driver/Inc -I../Drivers/STM32F4xx_HAL_Driver/Inc/Legacy -I../Drivers/CMSIS/Device/ST/STM32F4xx/Include -I../Drivers/CMSIS/Include -I"C:/Users/Jagakishan/Mini-AUTOSAR/OpenECU/Code/Coolant_ECU/ThirdParty/FreeRTOS" -I"C:/Users/Jagakishan/Mini-AUTOSAR/OpenECU/Code/Coolant_ECU/ThirdParty/FreeRTOS/include" -I"C:/Users/Jagakishan/Mini-AUTOSAR/OpenECU/Code/Coolant_ECU/ThirdParty/FreeRTOS/portable/GCC/ARM_CM4F" -I"C:/Users/Jagakishan/Mini-AUTOSAR/OpenECU/Code/Coolant_ECU/ThirdParty/SEGGER/OS" -I"C:/Users/Jagakishan/Mini-AUTOSAR/OpenECU/Code/Coolant_ECU/ThirdParty/SEGGER/SEGGER" -I"C:/Users/Jagakishan/Mini-AUTOSAR/OpenECU/Code/Coolant_ECU/ThirdParty/SEGGER/Config" -I"C:/Users/Jagakishan/Mini-AUTOSAR/OpenECU/Code/Coolant_ECU/ThirdParty/SEGGER" -I"C:/Users/Jagakishan/Mini-AUTOSAR/OpenECU/Code/Coolant_ECU/Module" -O0 -ffunction-sections -fdata-sections -Wall -fstack-usage -fcyclomatic-complexity -MMD -MP -MF"ThirdParty/FreeRTOS/portable/GCC/ARM_CM4F/port.d" -MT"ThirdParty/FreeRTOS/portable/GCC/ARM_CM4F/port.o" --specs=nano.specs -mfpu=fpv4-sp-d16 -mfloat-abi=hard -mthumb -o "ThirdParty/FreeRTOS/portable/GCC/ARM_CM4F/port.o"
arm-none-eabi-gcc "../ThirdParty/FreeRTOS/croutine.c" -mcpu=cortex-m4 -std=gnu11 -g3 -DDEBUG -DUSE_HAL_DRIVER -DSTM32F446xx -c -I../Core/Inc -I../Drivers/STM32F4xx_HAL_Driver/Inc -I../Drivers/STM32F4xx_HAL_Driver/Inc/Legacy -I../Drivers/CMSIS/Device/ST/STM32F4xx/Include -I../Drivers/CMSIS/Include -I"C:/Users/Jagakishan/Mini-AUTOSAR/OpenECU/Code/Coolant_ECU/ThirdParty/FreeRTOS" -I"C:/Users/Jagakishan/Mini-AUTOSAR/OpenECU/Code/Coolant_ECU/ThirdParty/FreeRTOS/include" -I"C:/Users/Jagakishan/Mini-AUTOSAR/OpenECU/Code/Coolant_ECU/ThirdParty/FreeRTOS/portable/GCC/ARM_CM4F" -I"C:/Users/Jagakishan/Mini-AUTOSAR/OpenECU/Code/Coolant_ECU/ThirdParty/SEGGER/OS" -I"C:/Users/Jagakishan/Mini-AUTOSAR/OpenECU/Code/Coolant_ECU/ThirdParty/SEGGER/SEGGER" -I"C:/Users/Jagakishan/Mini-AUTOSAR/OpenECU/Code/Coolant_ECU/ThirdParty/SEGGER/Config" -I"C:/Users/Jagakishan/Mini-AUTOSAR/OpenECU/Code/Coolant_ECU/ThirdParty/SEGGER" -I"C:/Users/Jagakishan/Mini-AUTOSAR/OpenECU/Code/Coolant_ECU/Module" -O0 -ffunction-sections -fdata-sections -Wall -fstack-usage -fcyclomatic-complexity -MMD -MP -MF"ThirdParty/FreeRTOS/croutine.d" -MT"ThirdParty/FreeRTOS/croutine.o" --specs=nano.specs -mfpu=fpv4-sp-d16 -mfloat-abi=hard -mthumb -o "ThirdParty/FreeRTOS/croutine.o"
arm-none-eabi-gcc "../ThirdParty/FreeRTOS/event_groups.c" -mcpu=cortex-m4 -std=gnu11 -g3 -DDEBUG -DUSE_HAL_DRIVER -DSTM32F446xx -c -I../Core/Inc -I../Drivers/STM32F4xx_HAL_Driver/Inc -I../Drivers/STM32F4xx_HAL_Driver/Inc/Legacy -I../Drivers/CMSIS/Device/ST/STM32F4xx/Include -I../Drivers/CMSIS/Include -I"C:/Users/Jagakishan/Mini-AUTOSAR/OpenECU/Code/Coolant_ECU/ThirdParty/FreeRTOS" -I"C:/Users/Jagakishan/Mini-AUTOSAR/OpenECU/Code/Coolant_ECU/ThirdParty/FreeRTOS/include" -I"C:/Users/Jagakishan/Mini-AUTOSAR/OpenECU/Code/Coolant_ECU/ThirdParty/FreeRTOS/portable/GCC/ARM_CM4F" -I"C:/Users/Jagakishan/Mini-AUTOSAR/OpenECU/Code/Coolant_ECU/ThirdParty/SEGGER/OS" -I"C:/Users/Jagakishan/Mini-AUTOSAR/OpenECU/Code/Coolant_ECU/ThirdParty/SEGGER/SEGGER" -I"C:/Users/Jagakishan/Mini-AUTOSAR/OpenECU/Code/Coolant_ECU/ThirdParty/SEGGER/Config" -I"C:/Users/Jagakishan/Mini-AUTOSAR/OpenECU/Code/Coolant_ECU/ThirdParty/SEGGER" -I"C:/Users/Jagakishan/Mini-AUTOSAR/OpenECU/Code/Coolant_ECU/Module" -O0 -ffunction-sections -fdata-sections -Wall -fstack-usage -fcyclomatic-complexity -MMD -MP -MF"ThirdParty/FreeRTOS/event_groups.d" -MT"ThirdParty/FreeRTOS/event_groups.o" --specs=nano.specs -mfpu=fpv4-sp-d16 -mfloat-abi=hard -mthumb -o "ThirdParty/FreeRTOS/event_groups.o"
arm-none-eabi-gcc "../ThirdParty/FreeRTOS/list.c" -mcpu=cortex-m4 -std=gnu11 -g3 -DDEBUG -DUSE_HAL_DRIVER -DSTM32F446xx -c -I../Core/Inc -I../Drivers/STM32F4xx_HAL_Driver/Inc -I../Drivers/STM32F4xx_HAL_Driver/Inc/Legacy -I../Drivers/CMSIS/Device/ST/STM32F4xx/Include -I../Drivers/CMSIS/Include -I"C:/Users/Jagakishan/Mini-AUTOSAR/OpenECU/Code/Coolant_ECU/ThirdParty/FreeRTOS" -I"C:/Users/Jagakishan/Mini-AUTOSAR/OpenECU/Code/Coolant_ECU/ThirdParty/FreeRTOS/include" -I"C:/Users/Jagakishan/Mini-AUTOSAR/OpenECU/Code/Coolant_ECU/ThirdParty/FreeRTOS/portable/GCC/ARM_CM4F" -I"C:/Users/Jagakishan/Mini-AUTOSAR/OpenECU/Code/Coolant_ECU/ThirdParty/SEGGER/OS" -I"C:/Users/Jagakishan/Mini-AUTOSAR/OpenECU/Code/Coolant_ECU/ThirdParty/SEGGER/SEGGER" -I"C:/Users/Jagakishan/Mini-AUTOSAR/OpenECU/Code/Coolant_ECU/ThirdParty/SEGGER/Config" -I"C:/Users/Jagakishan/Mini-AUTOSAR/OpenECU/Code/Coolant_ECU/ThirdParty/SEGGER" -I"C:/Users/Jagakishan/Mini-AUTOSAR/OpenECU/Code/Coolant_ECU/Module" -O0 -ffunction-sections -fdata-sections -Wall -fstack-usage -fcyclomatic-complexity -MMD -MP -MF"ThirdParty/FreeRTOS/list.d" -MT"ThirdParty/FreeRTOS/list.o" --specs=nano.specs -mfpu=fpv4-sp-d16 -mfloat-abi=hard -mthumb -o "ThirdParty/FreeRTOS/list.o"
arm-none-eabi-gcc "../ThirdParty/FreeRTOS/queue.c" -mcpu=cortex-m4 -std=gnu11 -g3 -DDEBUG -DUSE_HAL_DRIVER -DSTM32F446xx -c -I../Core/Inc -I../Drivers/STM32F4xx_HAL_Driver/Inc -I../Drivers/STM32F4xx_HAL_Driver/Inc/Legacy -I../Drivers/CMSIS/Device/ST/STM32F4xx/Include -I../Drivers/CMSIS/Include -I"C:/Users/Jagakishan/Mini-AUTOSAR/OpenECU/Code/Coolant_ECU/ThirdParty/FreeRTOS" -I"C:/Users/Jagakishan/Mini-AUTOSAR/OpenECU/Code/Coolant_ECU/ThirdParty/FreeRTOS/include" -I"C:/Users/Jagakishan/Mini-AUTOSAR/OpenECU/Code/Coolant_ECU/ThirdParty/FreeRTOS/portable/GCC/ARM_CM4F" -I"C:/Users/Jagakishan/Mini-AUTOSAR/OpenECU/Code/Coolant_ECU/ThirdParty/SEGGER/OS" -I"C:/Users/Jagakishan/Mini-AUTOSAR/OpenECU/Code/Coolant_ECU/ThirdParty/SEGGER/SEGGER" -I"C:/Users/Jagakishan/Mini-AUTOSAR/OpenECU/Code/Coolant_ECU/ThirdParty/SEGGER/Config" -I"C:/Users/Jagakishan/Mini-AUTOSAR/OpenECU/Code/Coolant_ECU/ThirdParty/SEGGER" -I"C:/Users/Jagakishan/Mini-AUTOSAR/OpenECU/Code/Coolant_ECU/Module" -O0 -ffunction-sections -fdata-sections -Wall -fstack-usage -fcyclomatic-complexity -MMD -MP -MF"ThirdParty/FreeRTOS/queue.d" -MT"ThirdParty/FreeRTOS/queue.o" --specs=nano.specs -mfpu=fpv4-sp-d16 -mfloat-abi=hard -mthumb -o "ThirdParty/FreeRTOS/queue.o"
arm-none-eabi-gcc "../ThirdParty/FreeRTOS/stream_buffer.c" -mcpu=cortex-m4 -std=gnu11 -g3 -DDEBUG -DUSE_HAL_DRIVER -DSTM32F446xx -c -I../Core/Inc -I../Drivers/STM32F4xx_HAL_Driver/Inc -I../Drivers/STM32F4xx_HAL_Driver/Inc/Legacy -I../Drivers/CMSIS/Device/ST/STM32F4xx/Include -I../Drivers/CMSIS/Include -I"C:/Users/Jagakishan/Mini-AUTOSAR/OpenECU/Code/Coolant_ECU/ThirdParty/FreeRTOS" -I"C:/Users/Jagakishan/Mini-AUTOSAR/OpenECU/Code/Coolant_ECU/ThirdParty/FreeRTOS/include" -I"C:/Users/Jagakishan/Mini-AUTOSAR/OpenECU/Code/Coolant_ECU/ThirdParty/FreeRTOS/portable/GCC/ARM_CM4F" -I"C:/Users/Jagakishan/Mini-AUTOSAR/OpenECU/Code/Coolant_ECU/ThirdParty/SEGGER/OS" -I"C:/Users/Jagakishan/Mini-AUTOSAR/OpenECU/Code/Coolant_ECU/ThirdParty/SEGGER/SEGGER" -I"C:/Users/Jagakishan/Mini-AUTOSAR/OpenECU/Code/Coolant_ECU/ThirdParty/SEGGER/Config" -I"C:/Users/Jagakishan/Mini-AUTOSAR/OpenECU/Code/Coolant_ECU/ThirdParty/SEGGER" -I"C:/Users/Jagakishan/Mini-AUTOSAR/OpenECU/Code/Coolant_ECU/Module" -O0 -ffunction-sections -fdata-sections -Wall -fstack-usage -fcyclomatic-complexity -MMD -MP -MF"ThirdParty/FreeRTOS/stream_buffer.d" -MT"ThirdParty/FreeRTOS/stream_buffer.o" --specs=nano.specs -mfpu=fpv4-sp-d16 -mfloat-abi=hard -mthumb -o "ThirdParty/FreeRTOS/stream_buffer.o"
arm-none-eabi-gcc "../ThirdParty/FreeRTOS/tasks.c" -mcpu=cortex-m4 -std=gnu11 -g3 -DDEBUG -DUSE_HAL_DRIVER -DSTM32F446xx -c -I../Core/Inc -I../Drivers/STM32F4xx_HAL_Driver/Inc -I../Drivers/STM32F4xx_HAL_Driver/Inc/Legacy -I../Drivers/CMSIS/Device/ST/STM32F4xx/Include -I../Drivers/CMSIS/Include -I"C:/Users/Jagakishan/Mini-AUTOSAR/OpenECU/Code/Coolant_ECU/ThirdParty/FreeRTOS" -I"C:/Users/Jagakishan/Mini-AUTOSAR/OpenECU/Code/Coolant_ECU/ThirdParty/FreeRTOS/include" -I"C:/Users/Jagakishan/Mini-AUTOSAR/OpenECU/Code/Coolant_ECU/ThirdParty/FreeRTOS/portable/GCC/ARM_CM4F" -I"C:/Users/Jagakishan/Mini-AUTOSAR/OpenECU/Code/Coolant_ECU/ThirdParty/SEGGER/OS" -I"C:/Users/Jagakishan/Mini-AUTOSAR/OpenECU/Code/Coolant_ECU/ThirdParty/SEGGER/SEGGER" -I"C:/Users/Jagakishan/Mini-AUTOSAR/OpenECU/Code/Coolant_ECU/ThirdParty/SEGGER/Config" -I"C:/Users/Jagakishan/Mini-AUTOSAR/OpenECU/Code/Coolant_ECU/ThirdParty/SEGGER" -I"C:/Users/Jagakishan/Mini-AUTOSAR/OpenECU/Code/Coolant_ECU/Module" -O0 -ffunction-sections -fdata-sections -Wall -fstack-usage -fcyclomatic-complexity -MMD -MP -MF"ThirdParty/FreeRTOS/tasks.d" -MT"ThirdParty/FreeRTOS/tasks.o" --specs=nano.specs -mfpu=fpv4-sp-d16 -mfloat-abi=hard -mthumb -o "ThirdParty/FreeRTOS/tasks.o"
arm-none-eabi-gcc "../ThirdParty/FreeRTOS/timers.c" -mcpu=cortex-m4 -std=gnu11 -g3 -DDEBUG -DUSE_HAL_DRIVER -DSTM32F446xx -c -I../Core/Inc -I../Drivers/STM32F4xx_HAL_Driver/Inc -I../Drivers/STM32F4xx_HAL_Driver/Inc/Legacy -I../Drivers/CMSIS/Device/ST/STM32F4xx/Include -I../Drivers/CMSIS/Include -I"C:/Users/Jagakishan/Mini-AUTOSAR/OpenECU/Code/Coolant_ECU/ThirdParty/FreeRTOS" -I"C:/Users/Jagakishan/Mini-AUTOSAR/OpenECU/Code/Coolant_ECU/ThirdParty/FreeRTOS/include" -I"C:/Users/Jagakishan/Mini-AUTOSAR/OpenECU/Code/Coolant_ECU/ThirdParty/FreeRTOS/portable/GCC/ARM_CM4F" -I"C:/Users/Jagakishan/Mini-AUTOSAR/OpenECU/Code/Coolant_ECU/ThirdParty/SEGGER/OS" -I"C:/Users/Jagakishan/Mini-AUTOSAR/OpenECU/Code/Coolant_ECU/ThirdParty/SEGGER/SEGGER" -I"C:/Users/Jagakishan/Mini-AUTOSAR/OpenECU/Code/Coolant_ECU/ThirdParty/SEGGER/Config" -I"C:/Users/Jagakishan/Mini-AUTOSAR/OpenECU/Code/Coolant_ECU/ThirdParty/SEGGER" -I"C:/Users/Jagakishan/Mini-AUTOSAR/OpenECU/Code/Coolant_ECU/Module" -O0 -ffunction-sections -fdata-sections -Wall -fstack-usage -fcyclomatic-complexity -MMD -MP -MF"ThirdParty/FreeRTOS/timers.d" -MT"ThirdParty/FreeRTOS/timers.o" --specs=nano.specs -mfpu=fpv4-sp-d16 -mfloat-abi=hard -mthumb -o "ThirdParty/FreeRTOS/timers.o"
arm-none-eabi-gcc "../Module/can.c" -mcpu=cortex-m4 -std=gnu11 -g3 -DDEBUG -DUSE_HAL_DRIVER -DSTM32F446xx -c -I../Core/Inc -I../Drivers/STM32F4xx_HAL_Driver/Inc -I../Drivers/STM32F4xx_HAL_Driver/Inc/Legacy -I../Drivers/CMSIS/Device/ST/STM32F4xx/Include -I../Drivers/CMSIS/Include -I"C:/Users/Jagakishan/Mini-AUTOSAR/OpenECU/Code/Coolant_ECU/ThirdParty/FreeRTOS" -I"C:/Users/Jagakishan/Mini-AUTOSAR/OpenECU/Code/Coolant_ECU/ThirdParty/FreeRTOS/include" -I"C:/Users/Jagakishan/Mini-AUTOSAR/OpenECU/Code/Coolant_ECU/ThirdParty/FreeRTOS/portable/GCC/ARM_CM4F" -I"C:/Users/Jagakishan/Mini-AUTOSAR/OpenECU/Code/Coolant_ECU/ThirdParty/SEGGER/OS" -I"C:/Users/Jagakishan/Mini-AUTOSAR/OpenECU/Code/Coolant_ECU/ThirdParty/SEGGER/SEGGER" -I"C:/Users/Jagakishan/Mini-AUTOSAR/OpenECU/Code/Coolant_ECU/ThirdParty/SEGGER/Config" -I"C:/Users/Jagakishan/Mini-AUTOSAR/OpenECU/Code/Coolant_ECU/ThirdParty/SEGGER" -I"C:/Users/Jagakishan/Mini-AUTOSAR/OpenECU/Code/Coolant_ECU/Module" -O0 -ffunction-sections -fdata-sections -Wall -fstack-usage -fcyclomatic-complexity -MMD -MP -MF"Module/can.d" -MT"Module/can.o" --specs=nano.specs -mfpu=fpv4-sp-d16 -mfloat-abi=hard -mthumb -o "Module/can.o"
arm-none-eabi-gcc "../Module/ds18b20.c" -mcpu=cortex-m4 -std=gnu11 -g3 -DDEBUG -DUSE_HAL_DRIVER -DSTM32F446xx -c -I../Core/Inc -I../Drivers/STM32F4xx_HAL_Driver/Inc -I../Drivers/STM32F4xx_HAL_Driver/Inc/Legacy -I../Drivers/CMSIS/Device/ST/STM32F4xx/Include -I../Drivers/CMSIS/Include -I"C:/Users/Jagakishan/Mini-AUTOSAR/OpenECU/Code/Coolant_ECU/ThirdParty/FreeRTOS" -I"C:/Users/Jagakishan/Mini-AUTOSAR/OpenECU/Code/Coolant_ECU/ThirdParty/FreeRTOS/include" -I"C:/Users/Jagakishan/Mini-AUTOSAR/OpenECU/Code/Coolant_ECU/ThirdParty/FreeRTOS/portable/GCC/ARM_CM4F" -I"C:/Users/Jagakishan/Mini-AUTOSAR/OpenECU/Code/Coolant_ECU/ThirdParty/SEGGER/OS" -I"C:/Users/Jagakishan/Mini-AUTOSAR/OpenECU/Code/Coolant_ECU/ThirdParty/SEGGER/SEGGER" -I"C:/Users/Jagakishan/Mini-AUTOSAR/OpenECU/Code/Coolant_ECU/ThirdParty/SEGGER/Config" -I"C:/Users/Jagakishan/Mini-AUTOSAR/OpenECU/Code/Coolant_ECU/ThirdParty/SEGGER" -I"C:/Users/Jagakishan/Mini-AUTOSAR/OpenECU/Code/Coolant_ECU/Module" -O0 -ffunction-sections -fdata-sections -Wall -fstack-usage -fcyclomatic-complexity -MMD -MP -MF"Module/ds18b20.d" -MT"Module/ds18b20.o" --specs=nano.specs -mfpu=fpv4-sp-d16 -mfloat-abi=hard -mthumb -o "Module/ds18b20.o"
arm-none-eabi-gcc "../Module/fan.c" -mcpu=cortex-m4 -std=gnu11 -g3 -DDEBUG -DUSE_HAL_DRIVER -DSTM32F446xx -c -I../Core/Inc -I../Drivers/STM32F4xx_HAL_Driver/Inc -I../Drivers/STM32F4xx_HAL_Driver/Inc/Legacy -I../Drivers/CMSIS/Device/ST/STM32F4xx/Include -I../Drivers/CMSIS/Include -I"C:/Users/Jagakishan/Mini-AUTOSAR/OpenECU/Code/Coolant_ECU/ThirdParty/FreeRTOS" -I"C:/Users/Jagakishan/Mini-AUTOSAR/OpenECU/Code/Coolant_ECU/ThirdParty/FreeRTOS/include" -I"C:/Users/Jagakishan/Mini-AUTOSAR/OpenECU/Code/Coolant_ECU/ThirdParty/FreeRTOS/portable/GCC/ARM_CM4F" -I"C:/Users/Jagakishan/Mini-AUTOSAR/OpenECU/Code/Coolant_ECU/ThirdParty/SEGGER/OS" -I"C:/Users/Jagakishan/Mini-AUTOSAR/OpenECU/Code/Coolant_ECU/ThirdParty/SEGGER/SEGGER" -I"C:/Users/Jagakishan/Mini-AUTOSAR/OpenECU/Code/Coolant_ECU/ThirdParty/SEGGER/Config" -I"C:/Users/Jagakishan/Mini-AUTOSAR/OpenECU/Code/Coolant_ECU/ThirdParty/SEGGER" -I"C:/Users/Jagakishan/Mini-AUTOSAR/OpenECU/Code/Coolant_ECU/Module" -O0 -ffunction-sections -fdata-sections -Wall -fstack-usage -fcyclomatic-complexity -MMD -MP -MF"Module/fan.d" -MT"Module/fan.o" --specs=nano.specs -mfpu=fpv4-sp-d16 -mfloat-abi=hard -mthumb -o "Module/fan.o"
arm-none-eabi-gcc "../Module/iwdg.c" -mcpu=cortex-m4 -std=gnu11 -g3 -DDEBUG -DUSE_HAL_DRIVER -DSTM32F446xx -c -I../Core/Inc -I../Drivers/STM32F4xx_HAL_Driver/Inc -I../Drivers/STM32F4xx_HAL_Driver/Inc/Legacy -I../Drivers/CMSIS/Device/ST/STM32F4xx/Include -I../Drivers/CMSIS/Include -I"C:/Users/Jagakishan/Mini-AUTOSAR/OpenECU/Code/Coolant_ECU/ThirdParty/FreeRTOS" -I"C:/Users/Jagakishan/Mini-AUTOSAR/OpenECU/Code/Coolant_ECU/ThirdParty/FreeRTOS/include" -I"C:/Users/Jagakishan/Mini-AUTOSAR/OpenECU/Code/Coolant_ECU/ThirdParty/FreeRTOS/portable/GCC/ARM_CM4F" -I"C:/Users/Jagakishan/Mini-AUTOSAR/OpenECU/Code/Coolant_ECU/ThirdParty/SEGGER/OS" -I"C:/Users/Jagakishan/Mini-AUTOSAR/OpenECU/Code/Coolant_ECU/ThirdParty/SEGGER/SEGGER" -I"C:/Users/Jagakishan/Mini-AUTOSAR/OpenECU/Code/Coolant_ECU/ThirdParty/SEGGER/Config" -I"C:/Users/Jagakishan/Mini-AUTOSAR/OpenECU/Code/Coolant_ECU/ThirdParty/SEGGER" -I"C:/Users/Jagakishan/Mini-AUTOSAR/OpenECU/Code/Coolant_ECU/Module" -O0 -ffunction-sections -fdata-sections -Wall -fstack-usage -fcyclomatic-complexity -MMD -MP -MF"Module/iwdg.d" -MT"Module/iwdg.o" --specs=nano.specs -mfpu=fpv4-sp-d16 -mfloat-abi=hard -mthumb -o "Module/iwdg.o"
arm-none-eabi-gcc "../Module/sysTick.c" -mcpu=cortex-m4 -std=gnu11 -g3 -DDEBUG -DUSE_HAL_DRIVER -DSTM32F446xx -c -I../Core/Inc -I../Drivers/STM32F4xx_HAL_Driver/Inc -I../Drivers/STM32F4xx_HAL_Driver/Inc/Legacy -I../Drivers/CMSIS/Device/ST/STM32F4xx/Include -I../Drivers/CMSIS/Include -I"C:/Users/Jagakishan/Mini-AUTOSAR/OpenECU/Code/Coolant_ECU/ThirdParty/FreeRTOS" -I"C:/Users/Jagakishan/Mini-AUTOSAR/OpenECU/Code/Coolant_ECU/ThirdParty/FreeRTOS/include" -I"C:/Users/Jagakishan/Mini-AUTOSAR/OpenECU/Code/Coolant_ECU/ThirdParty/FreeRTOS/portable/GCC/ARM_CM4F" -I"C:/Users/Jagakishan/Mini-AUTOSAR/OpenECU/Code/Coolant_ECU/ThirdParty/SEGGER/OS" -I"C:/Users/Jagakishan/Mini-AUTOSAR/OpenECU/Code/Coolant_ECU/ThirdParty/SEGGER/SEGGER" -I"C:/Users/Jagakishan/Mini-AUTOSAR/OpenECU/Code/Coolant_ECU/ThirdParty/SEGGER/Config" -I"C:/Users/Jagakishan/Mini-AUTOSAR/OpenECU/Code/Coolant_ECU/ThirdParty/SEGGER" -I"C:/Users/Jagakishan/Mini-AUTOSAR/OpenECU/Code/Coolant_ECU/Module" -O0 -ffunction-sections -fdata-sections -Wall -fstack-usage -fcyclomatic-complexity -MMD -MP -MF"Module/sysTick.d" -MT"Module/sysTick.o" --specs=nano.specs -mfpu=fpv4-sp-d16 -mfloat-abi=hard -mthumb -o "Module/sysTick.o"
arm-none-eabi-gcc "../Module/systemMonitor.c" -mcpu=cortex-m4 -std=gnu11 -g3 -DDEBUG -DUSE_HAL_DRIVER -DSTM32F446xx -c -I../Core/Inc -I../Drivers/STM32F4xx_HAL_Driver/Inc -I../Drivers/STM32F4xx_HAL_Driver/Inc/Legacy -I../Drivers/CMSIS/Device/ST/STM32F4xx/Include -I../Drivers/CMSIS/Include -I"C:/Users/Jagakishan/Mini-AUTOSAR/OpenECU/Code/Coolant_ECU/ThirdParty/FreeRTOS" -I"C:/Users/Jagakishan/Mini-AUTOSAR/OpenECU/Code/Coolant_ECU/ThirdParty/FreeRTOS/include" -I"C:/Users/Jagakishan/Mini-AUTOSAR/OpenECU/Code/Coolant_ECU/ThirdParty/FreeRTOS/portable/GCC/ARM_CM4F" -I"C:/Users/Jagakishan/Mini-AUTOSAR/OpenECU/Code/Coolant_ECU/ThirdParty/SEGGER/OS" -I"C:/Users/Jagakishan/Mini-AUTOSAR/OpenECU/Code/Coolant_ECU/ThirdParty/SEGGER/SEGGER" -I"C:/Users/Jagakishan/Mini-AUTOSAR/OpenECU/Code/Coolant_ECU/ThirdParty/SEGGER/Config" -I"C:/Users/Jagakishan/Mini-AUTOSAR/OpenECU/Code/Coolant_ECU/ThirdParty/SEGGER" -I"C:/Users/Jagakishan/Mini-AUTOSAR/OpenECU/Code/Coolant_ECU/Module" -O0 -ffunction-sections -fdata-sections -Wall -fstack-usage -fcyclomatic-complexity -MMD -MP -MF"Module/systemMonitor.d" -MT"Module/systemMonitor.o" --specs=nano.specs -mfpu=fpv4-sp-d16 -mfloat-abi=hard -mthumb -o "Module/systemMonitor.o"
arm-none-eabi-gcc "../Module/timer.c" -mcpu=cortex-m4 -std=gnu11 -g3 -DDEBUG -DUSE_HAL_DRIVER -DSTM32F446xx -c -I../Core/Inc -I../Drivers/STM32F4xx_HAL_Driver/Inc -I../Drivers/STM32F4xx_HAL_Driver/Inc/Legacy -I../Drivers/CMSIS/Device/ST/STM32F4xx/Include -I../Drivers/CMSIS/Include -I"C:/Users/Jagakishan/Mini-AUTOSAR/OpenECU/Code/Coolant_ECU/ThirdParty/FreeRTOS" -I"C:/Users/Jagakishan/Mini-AUTOSAR/OpenECU/Code/Coolant_ECU/ThirdParty/FreeRTOS/include" -I"C:/Users/Jagakishan/Mini-AUTOSAR/OpenECU/Code/Coolant_ECU/ThirdParty/FreeRTOS/portable/GCC/ARM_CM4F" -I"C:/Users/Jagakishan/Mini-AUTOSAR/OpenECU/Code/Coolant_ECU/ThirdParty/SEGGER/OS" -I"C:/Users/Jagakishan/Mini-AUTOSAR/OpenECU/Code/Coolant_ECU/ThirdParty/SEGGER/SEGGER" -I"C:/Users/Jagakishan/Mini-AUTOSAR/OpenECU/Code/Coolant_ECU/ThirdParty/SEGGER/Config" -I"C:/Users/Jagakishan/Mini-AUTOSAR/OpenECU/Code/Coolant_ECU/ThirdParty/SEGGER" -I"C:/Users/Jagakishan/Mini-AUTOSAR/OpenECU/Code/Coolant_ECU/Module" -O0 -ffunction-sections -fdata-sections -Wall -fstack-usage -fcyclomatic-complexity -MMD -MP -MF"Module/timer.d" -MT"Module/timer.o" --specs=nano.specs -mfpu=fpv4-sp-d16 -mfloat-abi=hard -mthumb -o "Module/timer.o"
arm-none-eabi-gcc "../Module/uart.c" -mcpu=cortex-m4 -std=gnu11 -g3 -DDEBUG -DUSE_HAL_DRIVER -DSTM32F446xx -c -I../Core/Inc -I../Drivers/STM32F4xx_HAL_Driver/Inc -I../Drivers/STM32F4xx_HAL_Driver/Inc/Legacy -I../Drivers/CMSIS/Device/ST/STM32F4xx/Include -I../Drivers/CMSIS/Include -I"C:/Users/Jagakishan/Mini-AUTOSAR/OpenECU/Code/Coolant_ECU/ThirdParty/FreeRTOS" -I"C:/Users/Jagakishan/Mini-AUTOSAR/OpenECU/Code/Coolant_ECU/ThirdParty/FreeRTOS/include" -I"C:/Users/Jagakishan/Mini-AUTOSAR/OpenECU/Code/Coolant_ECU/ThirdParty/FreeRTOS/portable/GCC/ARM_CM4F" -I"C:/Users/Jagakishan/Mini-AUTOSAR/OpenECU/Code/Coolant_ECU/ThirdParty/SEGGER/OS" -I"C:/Users/Jagakishan/Mini-AUTOSAR/OpenECU/Code/Coolant_ECU/ThirdParty/SEGGER/SEGGER" -I"C:/Users/Jagakishan/Mini-AUTOSAR/OpenECU/Code/Coolant_ECU/ThirdParty/SEGGER/Config" -I"C:/Users/Jagakishan/Mini-AUTOSAR/OpenECU/Code/Coolant_ECU/ThirdParty/SEGGER" -I"C:/Users/Jagakishan/Mini-AUTOSAR/OpenECU/Code/Coolant_ECU/Module" -O0 -ffunction-sections -fdata-sections -Wall -fstack-usage -fcyclomatic-complexity -MMD -MP -MF"Module/uart.d" -MT"Module/uart.o" --specs=nano.specs -mfpu=fpv4-sp-d16 -mfloat-abi=hard -mthumb -o "Module/uart.o"
arm-none-eabi-gcc "../Core/Src/main.c" -mcpu=cortex-m4 -std=gnu11 -g3 -DDEBUG -DUSE_HAL_DRIVER -DSTM32F446xx -c -I../Core/Inc -I../Drivers/STM32F4xx_HAL_Driver/Inc -I../Drivers/STM32F4xx_HAL_Driver/Inc/Legacy -I../Drivers/CMSIS/Device/ST/STM32F4xx/Include -I../Drivers/CMSIS/Include -I"C:/Users/Jagakishan/Mini-AUTOSAR/OpenECU/Code/Coolant_ECU/ThirdParty/FreeRTOS" -I"C:/Users/Jagakishan/Mini-AUTOSAR/OpenECU/Code/Coolant_ECU/ThirdParty/FreeRTOS/include" -I"C:/Users/Jagakishan/Mini-AUTOSAR/OpenECU/Code/Coolant_ECU/ThirdParty/FreeRTOS/portable/GCC/ARM_CM4F" -I"C:/Users/Jagakishan/Mini-AUTOSAR/OpenECU/Code/Coolant_ECU/ThirdParty/SEGGER/OS" -I"C:/Users/Jagakishan/Mini-AUTOSAR/OpenECU/Code/Coolant_ECU/ThirdParty/SEGGER/SEGGER" -I"C:/Users/Jagakishan/Mini-AUTOSAR/OpenECU/Code/Coolant_ECU/ThirdParty/SEGGER/Config" -I"C:/Users/Jagakishan/Mini-AUTOSAR/OpenECU/Code/Coolant_ECU/ThirdParty/SEGGER" -I"C:/Users/Jagakishan/Mini-AUTOSAR/OpenECU/Code/Coolant_ECU/Module" -O0 -ffunction-sections -fdata-sections -Wall -fstack-usage -fcyclomatic-complexity -MMD -MP -MF"Core/Src/main.d" -MT"Core/Src/main.o" --specs=nano.specs -mfpu=fpv4-sp-d16 -mfloat-abi=hard -mthumb -o "Core/Src/main.o"
arm-none-eabi-gcc -o "Coolant_ECU.elf" @"objects.list"   -mcpu=cortex-m4 -T"C:\Users\Jagakishan\Mini-AUTOSAR\OpenECU\Code\Coolant_ECU\STM32F446RETX_FLASH.ld" --specs=nosys.specs -Wl,-Map="Coolant_ECU.map" -Wl,--gc-sections -static --specs=nano.specs -mfpu=fpv4-sp-d16 -mfloat-abi=hard -mthumb -Wl,--start-group -lc -lm -Wl,--end-group
Finished building target: Coolant_ECU.elf
 
arm-none-eabi-size  Coolant_ECU.elf 
arm-none-eabi-objdump -h -S Coolant_ECU.elf  > "Coolant_ECU.list"
   text	   data	    bss	    dec	    hex	filename
  25848	     88	  85296	 111232	  1b280	Coolant_ECU.elf
Finished building: default.size.stdout
 
Finished building: Coolant_ECU.list
 
22:05:42 **** Incremental Build of configuration Debug for project Coolant_ECU ****
make -j16 all 
arm-none-eabi-gcc "../ThirdParty/SEGGER/OS/SEGGER_SYSVIEW_FreeRTOS.c" -mcpu=cortex-m4 -std=gnu11 -g3 -DDEBUG -DUSE_HAL_DRIVER -DSTM32F446xx -c -I../Core/Inc -I../Drivers/STM32F4xx_HAL_Driver/Inc -I../Drivers/STM32F4xx_HAL_Driver/Inc/Legacy -I../Drivers/CMSIS/Device/ST/STM32F4xx/Include -I../Drivers/CMSIS/Include -I"C:/Users/Jagakishan/Mini-AUTOSAR/OpenECU/Code/Coolant_ECU/ThirdParty/FreeRTOS" -I"C:/Users/Jagakishan/Mini-AUTOSAR/OpenECU/Code/Coolant_ECU/ThirdParty/FreeRTOS/include" -I"C:/Users/Jagakishan/Mini-AUTOSAR/OpenECU/Code/Coolant_ECU/ThirdParty/FreeRTOS/portable/GCC/ARM_CM4F" -I"C:/Users/Jagakishan/Mini-AUTOSAR/OpenECU/Code/Coolant_ECU/ThirdParty/SEGGER/OS" -I"C:/Users/Jagakishan/Mini-AUTOSAR/OpenECU/Code/Coolant_ECU/ThirdParty/SEGGER/SEGGER" -I"C:/Users/Jagakishan/Mini-AUTOSAR/OpenECU/Code/Coolant_ECU/ThirdParty/SEGGER/Config" -I"C:/Users/Jagakishan/Mini-AUTOSAR/OpenECU/Code/Coolant_ECU/ThirdParty/SEGGER" -I"C:/Users/Jagakishan/Mini-AUTOSAR/OpenECU/Code/Coolant_ECU/Module" -O0 -ffunction-sections -fdata-sections -Wall -fstack-usage -fcyclomatic-complexity -MMD -MP -MF"ThirdParty/SEGGER/OS/SEGGER_SYSVIEW_FreeRTOS.d" -MT"ThirdParty/SEGGER/OS/SEGGER_SYSVIEW_FreeRTOS.o" --specs=nano.specs -mfpu=fpv4-sp-d16 -mfloat-abi=hard -mthumb -o "ThirdParty/SEGGER/OS/SEGGER_SYSVIEW_FreeRTOS.o"
arm-none-eabi-gcc "../ThirdParty/SEGGER/Config/SEGGER_SYSVIEW_Config_FreeRTOS.c" -mcpu=cortex-m4 -std=gnu11 -g3 -DDEBUG -DUSE_HAL_DRIVER -DSTM32F446xx -c -I../Core/Inc -I../Drivers/STM32F4xx_HAL_Driver/Inc -I../Drivers/STM32F4xx_HAL_Driver/Inc/Legacy -I../Drivers/CMSIS/Device/ST/STM32F4xx/Include -I../Drivers/CMSIS/Include -I"C:/Users/Jagakishan/Mini-AUTOSAR/OpenECU/Code/Coolant_ECU/ThirdParty/FreeRTOS" -I"C:/Users/Jagakishan/Mini-AUTOSAR/OpenECU/Code/Coolant_ECU/ThirdParty/FreeRTOS/include" -I"C:/Users/Jagakishan/Mini-AUTOSAR/OpenECU/Code/Coolant_ECU/ThirdParty/FreeRTOS/portable/GCC/ARM_CM4F" -I"C:/Users/Jagakishan/Mini-AUTOSAR/OpenECU/Code/Coolant_ECU/ThirdParty/SEGGER/OS" -I"C:/Users/Jagakishan/Mini-AUTOSAR/OpenECU/Code/Coolant_ECU/ThirdParty/SEGGER/SEGGER" -I"C:/Users/Jagakishan/Mini-AUTOSAR/OpenECU/Code/Coolant_ECU/ThirdParty/SEGGER/Config" -I"C:/Users/Jagakishan/Mini-AUTOSAR/OpenECU/Code/Coolant_ECU/ThirdParty/SEGGER" -I"C:/Users/Jagakishan/Mini-AUTOSAR/OpenECU/Code/Coolant_ECU/Module" -O0 -ffunction-sections -fdata-sections -Wall -fstack-usage -fcyclomatic-complexity -MMD -MP -MF"ThirdParty/SEGGER/Config/SEGGER_SYSVIEW_Config_FreeRTOS.d" -MT"ThirdParty/SEGGER/Config/SEGGER_SYSVIEW_Config_FreeRTOS.o" --specs=nano.specs -mfpu=fpv4-sp-d16 -mfloat-abi=hard -mthumb -o "ThirdParty/SEGGER/Config/SEGGER_SYSVIEW_Config_FreeRTOS.o"
[...]
arm-none-eabi-gcc "../ThirdParty/FreeRTOS/croutine.c" -mcpu=cortex-m4 -std=gnu11 -g3 -DDEBUG -DUSE_HAL_DRIVER -DSTM32F446xx -c -I../Core/Inc -I../Drivers/STM32F4xx_HAL_Driver/Inc -I../Drivers/STM32F4xx_HAL_Driver/Inc/Legacy -I../Drivers/CMSIS/Device/ST/STM32F4xx/Include -I../Drivers/CMSIS/Include -I"C:/Users/Jagakishan/Mini-AUTOSAR/OpenECU/Code/Coolant_ECU/ThirdParty/FreeRTOS" -I"C:/Users/Jagakishan/Mini-AUTOSAR/OpenECU/Code/Coolant_ECU/ThirdParty/FreeRTOS/include" -I"C:/Users/Jagakishan/Mini-AUTOSAR/OpenECU/Code/Coolant_ECU/ThirdParty/FreeRTOS/portable/GCC/ARM_CM4F" -I"C:/Users/Jagakishan/Mini-AUTOSAR/OpenECU/Code/Coolant_ECU/ThirdParty/SEGGER/OS" -I"C:/Users/Jagakishan/Mini-AUTOSAR/OpenECU/Code/Coolant_ECU/ThirdParty/SEGGER/SEGGER" -I"C:/Users/Jagakishan/Mini-AUTOSAR/OpenECU/Code/Coolant_ECU/ThirdParty/SEGGER/Config" -I"C:/Users/Jagakishan/Mini-AUTOSAR/OpenECU/Code/Coolant_ECU/ThirdParty/SEGGER" -I"C:/Users/Jagakishan/Mini-AUTOSAR/OpenECU/Code/Coolant_ECU/Module" -O0 -ffunction-sections -fdata-sections -Wall -fstack-usage -fcyclomatic-complexity -MMD -MP -MF"ThirdParty/FreeRTOS/croutine.d" -MT"ThirdParty/FreeRTOS/croutine.o" --specs=nano.specs -mfpu=fpv4-sp-d16 -mfloat-abi=hard -mthumb -o "ThirdParty/FreeRTOS/croutine.o"
arm-none-eabi-gcc "../ThirdParty/FreeRTOS/event_groups.c" -mcpu=cortex-m4 -std=gnu11 -g3 -DDEBUG -DUSE_HAL_DRIVER -DSTM32F446xx -c -I../Core/Inc -I../Drivers/STM32F4xx_HAL_Driver/Inc -I../Drivers/STM32F4xx_HAL_Driver/Inc/Legacy -I../Drivers/CMSIS/Device/ST/STM32F4xx/Include -I../Drivers/CMSIS/Include -I"C:/Users/Jagakishan/Mini-AUTOSAR/OpenECU/Code/Coolant_ECU/ThirdParty/FreeRTOS" -I"C:/Users/Jagakishan/Mini-AUTOSAR/OpenECU/Code/Coolant_ECU/ThirdParty/FreeRTOS/include" -I"C:/Users/Jagakishan/Mini-AUTOSAR/OpenECU/Code/Coolant_ECU/ThirdParty/FreeRTOS/portable/GCC/ARM_CM4F" -I"C:/Users/Jagakishan/Mini-AUTOSAR/OpenECU/Code/Coolant_ECU/ThirdParty/SEGGER/OS" -I"C:/Users/Jagakishan/Mini-AUTOSAR/OpenECU/Code/Coolant_ECU/ThirdParty/SEGGER/SEGGER" -I"C:/Users/Jagakishan/Mini-AUTOSAR/OpenECU/Code/Coolant_ECU/ThirdParty/SEGGER/Config" -I"C:/Users/Jagakishan/Mini-AUTOSAR/OpenECU/Code/Coolant_ECU/ThirdParty/SEGGER" -I"C:/Users/Jagakishan/Mini-AUTOSAR/OpenECU/Code/Coolant_ECU/Module" -O0 -ffunction-sections -fdata-sections -Wall -fstack-usage -fcyclomatic-complexity -MMD -MP -MF"ThirdParty/FreeRTOS/event_groups.d" -MT"ThirdParty/FreeRTOS/event_groups.o" --specs=nano.specs -mfpu=fpv4-sp-d16 -mfloat-abi=hard -mthumb -o "ThirdParty/FreeRTOS/event_groups.o"
arm-none-eabi-gcc "../ThirdParty/FreeRTOS/list.c" -mcpu=cortex-m4 -std=gnu11 -g3 -DDEBUG -DUSE_HAL_DRIVER -DSTM32F446xx -c -I../Core/Inc -I../Drivers/STM32F4xx_HAL_Driver/Inc -I../Drivers/STM32F4xx_HAL_Driver/Inc/Legacy -I../Drivers/CMSIS/Device/ST/STM32F4xx/Include -I../Drivers/CMSIS/Include -I"C:/Users/Jagakishan/Mini-AUTOSAR/OpenECU/Code/Coolant_ECU/ThirdParty/FreeRTOS" -I"C:/Users/Jagakishan/Mini-AUTOSAR/OpenECU/Code/Coolant_ECU/ThirdParty/FreeRTOS/include" -I"C:/Users/Jagakishan/Mini-AUTOSAR/OpenECU/Code/Coolant_ECU/ThirdParty/FreeRTOS/portable/GCC/ARM_CM4F" -I"C:/Users/Jagakishan/Mini-AUTOSAR/OpenECU/Code/Coolant_ECU/ThirdParty/SEGGER/OS" -I"C:/Users/Jagakishan/Mini-AUTOSAR/OpenECU/Code/Coolant_ECU/ThirdParty/SEGGER/SEGGER" -I"C:/Users/Jagakishan/Mini-AUTOSAR/OpenECU/Code/Coolant_ECU/ThirdParty/SEGGER/Config" -I"C:/Users/Jagakishan/Mini-AUTOSAR/OpenECU/Code/Coolant_ECU/ThirdParty/SEGGER" -I"C:/Users/Jagakishan/Mini-AUTOSAR/OpenECU/Code/Coolant_ECU/Module" -O0 -ffunction-sections -fdata-sections -Wall -fstack-usage -fcyclomatic-complexity -MMD -MP -MF"ThirdParty/FreeRTOS/list.d" -MT"ThirdParty/FreeRTOS/list.o" --specs=nano.specs -mfpu=fpv4-sp-d16 -mfloat-abi=hard -mthumb -o "ThirdParty/FreeRTOS/list.o"
arm-none-eabi-gcc "../ThirdParty/FreeRTOS/queue.c" -mcpu=cortex-m4 -std=gnu11 -g3 -DDEBUG -DUSE_HAL_DRIVER -DSTM32F446xx -c -I../Core/Inc -I../Drivers/STM32F4xx_HAL_Driver/Inc -I../Drivers/STM32F4xx_HAL_Driver/Inc/Legacy -I../Drivers/CMSIS/Device/ST/STM32F4xx/Include -I../Drivers/CMSIS/Include -I"C:/Users/Jagakishan/Mini-AUTOSAR/OpenECU/Code/Coolant_ECU/ThirdParty/FreeRTOS" -I"C:/Users/Jagakishan/Mini-AUTOSAR/OpenECU/Code/Coolant_ECU/ThirdParty/FreeRTOS/include" -I"C:/Users/Jagakishan/Mini-AUTOSAR/OpenECU/Code/Coolant_ECU/ThirdParty/FreeRTOS/portable/GCC/ARM_CM4F" -I"C:/Users/Jagakishan/Mini-AUTOSAR/OpenECU/Code/Coolant_ECU/ThirdParty/SEGGER/OS" -I"C:/Users/Jagakishan/Mini-AUTOSAR/OpenECU/Code/Coolant_ECU/ThirdParty/SEGGER/SEGGER" -I"C:/Users/Jagakishan/Mini-AUTOSAR/OpenECU/Code/Coolant_ECU/ThirdParty/SEGGER/Config" -I"C:/Users/Jagakishan/Mini-AUTOSAR/OpenECU/Code/Coolant_ECU/ThirdParty/SEGGER" -I"C:/Users/Jagakishan/Mini-AUTOSAR/OpenECU/Code/Coolant_ECU/Module" -O0 -ffunction-sections -fdata-sections -Wall -fstack-usage -fcyclomatic-complexity -MMD -MP -MF"ThirdParty/FreeRTOS/queue.d" -MT"ThirdParty/FreeRTOS/queue.o" --specs=nano.specs -mfpu=fpv4-sp-d16 -mfloat-abi=hard -mthumb -o "ThirdParty/FreeRTOS/queue.o"
arm-none-eabi-gcc "../ThirdParty/FreeRTOS/stream_buffer.c" -mcpu=cortex-m4 -std=gnu11 -g3 -DDEBUG -DUSE_HAL_DRIVER -DSTM32F446xx -c -I../Core/Inc -I../Drivers/STM32F4xx_HAL_Driver/Inc -I../Drivers/STM32F4xx_HAL_Driver/Inc/Legacy -I../Drivers/CMSIS/Device/ST/STM32F4xx/Include -I../Drivers/CMSIS/Include -I"C:/Users/Jagakishan/Mini-AUTOSAR/OpenECU/Code/Coolant_ECU/ThirdParty/FreeRTOS" -I"C:/Users/Jagakishan/Mini-AUTOSAR/OpenECU/Code/Coolant_ECU/ThirdParty/FreeRTOS/include" -I"C:/Users/Jagakishan/Mini-AUTOSAR/OpenECU/Code/Coolant_ECU/ThirdParty/FreeRTOS/portable/GCC/ARM_CM4F" -I"C:/Users/Jagakishan/Mini-AUTOSAR/OpenECU/Code/Coolant_ECU/ThirdParty/SEGGER/OS" -I"C:/Users/Jagakishan/Mini-AUTOSAR/OpenECU/Code/Coolant_ECU/ThirdParty/SEGGER/SEGGER" -I"C:/Users/Jagakishan/Mini-AUTOSAR/OpenECU/Code/Coolant_ECU/ThirdParty/SEGGER/Config" -I"C:/Users/Jagakishan/Mini-AUTOSAR/OpenECU/Code/Coolant_ECU/ThirdParty/SEGGER" -I"C:/Users/Jagakishan/Mini-AUTOSAR/OpenECU/Code/Coolant_ECU/Module" -O0 -ffunction-sections -fdata-sections -Wall -fstack-usage -fcyclomatic-complexity -MMD -MP -MF"ThirdParty/FreeRTOS/stream_buffer.d" -MT"ThirdParty/FreeRTOS/stream_buffer.o" --specs=nano.specs -mfpu=fpv4-sp-d16 -mfloat-abi=hard -mthumb -o "ThirdParty/FreeRTOS/stream_buffer.o"
arm-none-eabi-gcc "../ThirdParty/FreeRTOS/tasks.c" -mcpu=cortex-m4 -std=gnu11 -g3 -DDEBUG -DUSE_HAL_DRIVER -DSTM32F446xx -c -I../Core/Inc -I../Drivers/STM32F4xx_HAL_Driver/Inc -I../Drivers/STM32F4xx_HAL_Driver/Inc/Legacy -I../Drivers/CMSIS/Device/ST/STM32F4xx/Include -I../Drivers/CMSIS/Include -I"C:/Users/Jagakishan/Mini-AUTOSAR/OpenECU/Code/Coolant_ECU/ThirdParty/FreeRTOS" -I"C:/Users/Jagakishan/Mini-AUTOSAR/OpenECU/Code/Coolant_ECU/ThirdParty/FreeRTOS/include" -I"C:/Users/Jagakishan/Mini-AUTOSAR/OpenECU/Code/Coolant_ECU/ThirdParty/FreeRTOS/portable/GCC/ARM_CM4F" -I"C:/Users/Jagakishan/Mini-AUTOSAR/OpenECU/Code/Coolant_ECU/ThirdParty/SEGGER/OS" -I"C:/Users/Jagakishan/Mini-AUTOSAR/OpenECU/Code/Coolant_ECU/ThirdParty/SEGGER/SEGGER" -I"C:/Users/Jagakishan/Mini-AUTOSAR/OpenECU/Code/Coolant_ECU/ThirdParty/SEGGER/Config" -I"C:/Users/Jagakishan/Mini-AUTOSAR/OpenECU/Code/Coolant_ECU/ThirdParty/SEGGER" -I"C:/Users/Jagakishan/Mini-AUTOSAR/OpenECU/Code/Coolant_ECU/Module" -O0 -ffunction-sections -fdata-sections -Wall -fstack-usage -fcyclomatic-complexity -MMD -MP -MF"ThirdParty/FreeRTOS/tasks.d" -MT"ThirdParty/FreeRTOS/tasks.o" --specs=nano.specs -mfpu=fpv4-sp-d16 -mfloat-abi=hard -mthumb -o "ThirdParty/FreeRTOS/tasks.o"
arm-none-eabi-gcc "../ThirdParty/FreeRTOS/timers.c" -mcpu=cortex-m4 -std=gnu11 -g3 -DDEBUG -DUSE_HAL_DRIVER -DSTM32F446xx -c -I../Core/Inc -I../Drivers/STM32F4xx_HAL_Driver/Inc -I../Drivers/STM32F4xx_HAL_Driver/Inc/Legacy -I../Drivers/CMSIS/Device/ST/STM32F4xx/Include -I../Drivers/CMSIS/Include -I"C:/Users/Jagakishan/Mini-AUTOSAR/OpenECU/Code/Coolant_ECU/ThirdParty/FreeRTOS" -I"C:/Users/Jagakishan/Mini-AUTOSAR/OpenECU/Code/Coolant_ECU/ThirdParty/FreeRTOS/include" -I"C:/Users/Jagakishan/Mini-AUTOSAR/OpenECU/Code/Coolant_ECU/ThirdParty/FreeRTOS/portable/GCC/ARM_CM4F" -I"C:/Users/Jagakishan/Mini-AUTOSAR/OpenECU/Code/Coolant_ECU/ThirdParty/SEGGER/OS" -I"C:/Users/Jagakishan/Mini-AUTOSAR/OpenECU/Code/Coolant_ECU/ThirdParty/SEGGER/SEGGER" -I"C:/Users/Jagakishan/Mini-AUTOSAR/OpenECU/Code/Coolant_ECU/ThirdParty/SEGGER/Config" -I"C:/Users/Jagakishan/Mini-AUTOSAR/OpenECU/Code/Coolant_ECU/ThirdParty/SEGGER" -I"C:/Users/Jagakishan/Mini-AUTOSAR/OpenECU/Code/Coolant_ECU/Module" -O0 -ffunction-sections -fdata-sections -Wall -fstack-usage -fcyclomatic-complexity -MMD -MP -MF"ThirdParty/FreeRTOS/timers.d" -MT"ThirdParty/FreeRTOS/timers.o" --specs=nano.specs -mfpu=fpv4-sp-d16 -mfloat-abi=hard -mthumb -o "ThirdParty/FreeRTOS/timers.o"
arm-none-eabi-gcc "../Module/can.c" -mcpu=cortex-m4 -std=gnu11 -g3 -DDEBUG -DUSE_HAL_DRIVER -DSTM32F446xx -c -I../Core/Inc -I../Drivers/STM32F4xx_HAL_Driver/Inc -I../Drivers/STM32F4xx_HAL_Driver/Inc/Legacy -I../Drivers/CMSIS/Device/ST/STM32F4xx/Include -I../Drivers/CMSIS/Include -I"C:/Users/Jagakishan/Mini-AUTOSAR/OpenECU/Code/Coolant_ECU/ThirdParty/FreeRTOS" -I"C:/Users/Jagakishan/Mini-AUTOSAR/OpenECU/Code/Coolant_ECU/ThirdParty/FreeRTOS/include" -I"C:/Users/Jagakishan/Mini-AUTOSAR/OpenECU/Code/Coolant_ECU/ThirdParty/FreeRTOS/portable/GCC/ARM_CM4F" -I"C:/Users/Jagakishan/Mini-AUTOSAR/OpenECU/Code/Coolant_ECU/ThirdParty/SEGGER/OS" -I"C:/Users/Jagakishan/Mini-AUTOSAR/OpenECU/Code/Coolant_ECU/ThirdParty/SEGGER/SEGGER" -I"C:/Users/Jagakishan/Mini-AUTOSAR/OpenECU/Code/Coolant_ECU/ThirdParty/SEGGER/Config" -I"C:/Users/Jagakishan/Mini-AUTOSAR/OpenECU/Code/Coolant_ECU/ThirdParty/SEGGER" -I"C:/Users/Jagakishan/Mini-AUTOSAR/OpenECU/Code/Coolant_ECU/Module" -O0 -ffunction-sections -fdata-sections -Wall -fstack-usage -fcyclomatic-complexity -MMD -MP -MF"Module/can.d" -MT"Module/can.o" --specs=nano.specs -mfpu=fpv4-sp-d16 -mfloat-abi=hard -mthumb -o "Module/can.o"
arm-none-eabi-gcc "../Module/ds18b20.c" -mcpu=cortex-m4 -std=gnu11 -g3 -DDEBUG -DUSE_HAL_DRIVER -DSTM32F446xx -c -I../Core/Inc -I../Drivers/STM32F4xx_HAL_Driver/Inc -I../Drivers/STM32F4xx_HAL_Driver/Inc/Legacy -I../Drivers/CMSIS/Device/ST/STM32F4xx/Include -I../Drivers/CMSIS/Include -I"C:/Users/Jagakishan/Mini-AUTOSAR/OpenECU/Code/Coolant_ECU/ThirdParty/FreeRTOS" -I"C:/Users/Jagakishan/Mini-AUTOSAR/OpenECU/Code/Coolant_ECU/ThirdParty/FreeRTOS/include" -I"C:/Users/Jagakishan/Mini-AUTOSAR/OpenECU/Code/Coolant_ECU/ThirdParty/FreeRTOS/portable/GCC/ARM_CM4F" -I"C:/Users/Jagakishan/Mini-AUTOSAR/OpenECU/Code/Coolant_ECU/ThirdParty/SEGGER/OS" -I"C:/Users/Jagakishan/Mini-AUTOSAR/OpenECU/Code/Coolant_ECU/ThirdParty/SEGGER/SEGGER" -I"C:/Users/Jagakishan/Mini-AUTOSAR/OpenECU/Code/Coolant_ECU/ThirdParty/SEGGER/Config" -I"C:/Users/Jagakishan/Mini-AUTOSAR/OpenECU/Code/Coolant_ECU/ThirdParty/SEGGER" -I"C:/Users/Jagakishan/Mini-AUTOSAR/OpenECU/Code/Coolant_ECU/Module" -O0 -ffunction-sections -fdata-sections -Wall -fstack-usage -fcyclomatic-complexity -MMD -MP -MF"Module/ds18b20.d" -MT"Module/ds18b20.o" --specs=nano.specs -mfpu=fpv4-sp-d16 -mfloat-abi=hard -mthumb -o "Module/ds18b20.o"
arm-none-eabi-gcc "../Module/fan.c" -mcpu=cortex-m4 -std=gnu11 -g3 -DDEBUG -DUSE_HAL_DRIVER -DSTM32F446xx -c -I../Core/Inc -I../Drivers/STM32F4xx_HAL_Driver/Inc -I../Drivers/STM32F4xx_HAL_Driver/Inc/Legacy -I../Drivers/CMSIS/Device/ST/STM32F4xx/Include -I../Drivers/CMSIS/Include -I"C:/Users/Jagakishan/Mini-AUTOSAR/OpenECU/Code/Coolant_ECU/ThirdParty/FreeRTOS" -I"C:/Users/Jagakishan/Mini-AUTOSAR/OpenECU/Code/Coolant_ECU/ThirdParty/FreeRTOS/include" -I"C:/Users/Jagakishan/Mini-AUTOSAR/OpenECU/Code/Coolant_ECU/ThirdParty/FreeRTOS/portable/GCC/ARM_CM4F" -I"C:/Users/Jagakishan/Mini-AUTOSAR/OpenECU/Code/Coolant_ECU/ThirdParty/SEGGER/OS" -I"C:/Users/Jagakishan/Mini-AUTOSAR/OpenECU/Code/Coolant_ECU/ThirdParty/SEGGER/SEGGER" -I"C:/Users/Jagakishan/Mini-AUTOSAR/OpenECU/Code/Coolant_ECU/ThirdParty/SEGGER/Config" -I"C:/Users/Jagakishan/Mini-AUTOSAR/OpenECU/Code/Coolant_ECU/ThirdParty/SEGGER" -I"C:/Users/Jagakishan/Mini-AUTOSAR/OpenECU/Code/Coolant_ECU/Module" -O0 -ffunction-sections -fdata-sections -Wall -fstack-usage -fcyclomatic-complexity -MMD -MP -MF"Module/fan.d" -MT"Module/fan.o" --specs=nano.specs -mfpu=fpv4-sp-d16 -mfloat-abi=hard -mthumb -o "Module/fan.o"
arm-none-eabi-gcc "../Module/iwdg.c" -mcpu=cortex-m4 -std=gnu11 -g3 -DDEBUG -DUSE_HAL_DRIVER -DSTM32F446xx -c -I../Core/Inc -I../Drivers/STM32F4xx_HAL_Driver/Inc -I../Drivers/STM32F4xx_HAL_Driver/Inc/Legacy -I../Drivers/CMSIS/Device/ST/STM32F4xx/Include -I../Drivers/CMSIS/Include -I"C:/Users/Jagakishan/Mini-AUTOSAR/OpenECU/Code/Coolant_ECU/ThirdParty/FreeRTOS" -I"C:/Users/Jagakishan/Mini-AUTOSAR/OpenECU/Code/Coolant_ECU/ThirdParty/FreeRTOS/include" -I"C:/Users/Jagakishan/Mini-AUTOSAR/OpenECU/Code/Coolant_ECU/ThirdParty/FreeRTOS/portable/GCC/ARM_CM4F" -I"C:/Users/Jagakishan/Mini-AUTOSAR/OpenECU/Code/Coolant_ECU/ThirdParty/SEGGER/OS" -I"C:/Users/Jagakishan/Mini-AUTOSAR/OpenECU/Code/Coolant_ECU/ThirdParty/SEGGER/SEGGER" -I"C:/Users/Jagakishan/Mini-AUTOSAR/OpenECU/Code/Coolant_ECU/ThirdParty/SEGGER/Config" -I"C:/Users/Jagakishan/Mini-AUTOSAR/OpenECU/Code/Coolant_ECU/ThirdParty/SEGGER" -I"C:/Users/Jagakishan/Mini-AUTOSAR/OpenECU/Code/Coolant_ECU/Module" -O0 -ffunction-sections -fdata-sections -Wall -fstack-usage -fcyclomatic-complexity -MMD -MP -MF"Module/iwdg.d" -MT"Module/iwdg.o" --specs=nano.specs -mfpu=fpv4-sp-d16 -mfloat-abi=hard -mthumb -o "Module/iwdg.o"
arm-none-eabi-gcc "../Module/sysTick.c" -mcpu=cortex-m4 -std=gnu11 -g3 -DDEBUG -DUSE_HAL_DRIVER -DSTM32F446xx -c -I../Core/Inc -I../Drivers/STM32F4xx_HAL_Driver/Inc -I../Drivers/STM32F4xx_HAL_Driver/Inc/Legacy -I../Drivers/CMSIS/Device/ST/STM32F4xx/Include -I../Drivers/CMSIS/Include -I"C:/Users/Jagakishan/Mini-AUTOSAR/OpenECU/Code/Coolant_ECU/ThirdParty/FreeRTOS" -I"C:/Users/Jagakishan/Mini-AUTOSAR/OpenECU/Code/Coolant_ECU/ThirdParty/FreeRTOS/include" -I"C:/Users/Jagakishan/Mini-AUTOSAR/OpenECU/Code/Coolant_ECU/ThirdParty/FreeRTOS/portable/GCC/ARM_CM4F" -I"C:/Users/Jagakishan/Mini-AUTOSAR/OpenECU/Code/Coolant_ECU/ThirdParty/SEGGER/OS" -I"C:/Users/Jagakishan/Mini-AUTOSAR/OpenECU/Code/Coolant_ECU/ThirdParty/SEGGER/SEGGER" -I"C:/Users/Jagakishan/Mini-AUTOSAR/OpenECU/Code/Coolant_ECU/ThirdParty/SEGGER/Config" -I"C:/Users/Jagakishan/Mini-AUTOSAR/OpenECU/Code/Coolant_ECU/ThirdParty/SEGGER" -I"C:/Users/Jagakishan/Mini-AUTOSAR/OpenECU/Code/Coolant_ECU/Module" -O0 -ffunction-sections -fdata-sections -Wall -fstack-usage -fcyclomatic-complexity -MMD -MP -MF"Module/sysTick.d" -MT"Module/sysTick.o" --specs=nano.specs -mfpu=fpv4-sp-d16 -mfloat-abi=hard -mthumb -o "Module/sysTick.o"
arm-none-eabi-gcc "../Module/systemMonitor.c" -mcpu=cortex-m4 -std=gnu11 -g3 -DDEBUG -DUSE_HAL_DRIVER -DSTM32F446xx -c -I../Core/Inc -I../Drivers/STM32F4xx_HAL_Driver/Inc -I../Drivers/STM32F4xx_HAL_Driver/Inc/Legacy -I../Drivers/CMSIS/Device/ST/STM32F4xx/Include -I../Drivers/CMSIS/Include -I"C:/Users/Jagakishan/Mini-AUTOSAR/OpenECU/Code/Coolant_ECU/ThirdParty/FreeRTOS" -I"C:/Users/Jagakishan/Mini-AUTOSAR/OpenECU/Code/Coolant_ECU/ThirdParty/FreeRTOS/include" -I"C:/Users/Jagakishan/Mini-AUTOSAR/OpenECU/Code/Coolant_ECU/ThirdParty/FreeRTOS/portable/GCC/ARM_CM4F" -I"C:/Users/Jagakishan/Mini-AUTOSAR/OpenECU/Code/Coolant_ECU/ThirdParty/SEGGER/OS" -I"C:/Users/Jagakishan/Mini-AUTOSAR/OpenECU/Code/Coolant_ECU/ThirdParty/SEGGER/SEGGER" -I"C:/Users/Jagakishan/Mini-AUTOSAR/OpenECU/Code/Coolant_ECU/ThirdParty/SEGGER/Config" -I"C:/Users/Jagakishan/Mini-AUTOSAR/OpenECU/Code/Coolant_ECU/ThirdParty/SEGGER" -I"C:/Users/Jagakishan/Mini-AUTOSAR/OpenECU/Code/Coolant_ECU/Module" -O0 -ffunction-sections -fdata-sections -Wall -fstack-usage -fcyclomatic-complexity -MMD -MP -MF"Module/systemMonitor.d" -MT"Module/systemMonitor.o" --specs=nano.specs -mfpu=fpv4-sp-d16 -mfloat-abi=hard -mthumb -o "Module/systemMonitor.o"
arm-none-eabi-gcc "../Module/timer.c" -mcpu=cortex-m4 -std=gnu11 -g3 -DDEBUG -DUSE_HAL_DRIVER -DSTM32F446xx -c -I../Core/Inc -I../Drivers/STM32F4xx_HAL_Driver/Inc -I../Drivers/STM32F4xx_HAL_Driver/Inc/Legacy -I../Drivers/CMSIS/Device/ST/STM32F4xx/Include -I../Drivers/CMSIS/Include -I"C:/Users/Jagakishan/Mini-AUTOSAR/OpenECU/Code/Coolant_ECU/ThirdParty/FreeRTOS" -I"C:/Users/Jagakishan/Mini-AUTOSAR/OpenECU/Code/Coolant_ECU/ThirdParty/FreeRTOS/include" -I"C:/Users/Jagakishan/Mini-AUTOSAR/OpenECU/Code/Coolant_ECU/ThirdParty/FreeRTOS/portable/GCC/ARM_CM4F" -I"C:/Users/Jagakishan/Mini-AUTOSAR/OpenECU/Code/Coolant_ECU/ThirdParty/SEGGER/OS" -I"C:/Users/Jagakishan/Mini-AUTOSAR/OpenECU/Code/Coolant_ECU/ThirdParty/SEGGER/SEGGER" -I"C:/Users/Jagakishan/Mini-AUTOSAR/OpenECU/Code/Coolant_ECU/ThirdParty/SEGGER/Config" -I"C:/Users/Jagakishan/Mini-AUTOSAR/OpenECU/Code/Coolant_ECU/ThirdParty/SEGGER" -I"C:/Users/Jagakishan/Mini-AUTOSAR/OpenECU/Code/Coolant_ECU/Module" -O0 -ffunction-sections -fdata-sections -Wall -fstack-usage -fcyclomatic-complexity -MMD -MP -MF"Module/timer.d" -MT"Module/timer.o" --specs=nano.specs -mfpu=fpv4-sp-d16 -mfloat-abi=hard -mthumb -o "Module/timer.o"
arm-none-eabi-gcc "../Module/uart.c" -mcpu=cortex-m4 -std=gnu11 -g3 -DDEBUG -DUSE_HAL_DRIVER -DSTM32F446xx -c -I../Core/Inc -I../Drivers/STM32F4xx_HAL_Driver/Inc -I../Drivers/STM32F4xx_HAL_Driver/Inc/Legacy -I../Drivers/CMSIS/Device/ST/STM32F4xx/Include -I../Drivers/CMSIS/Include -I"C:/Users/Jagakishan/Mini-AUTOSAR/OpenECU/Code/Coolant_ECU/ThirdParty/FreeRTOS" -I"C:/Users/Jagakishan/Mini-AUTOSAR/OpenECU/Code/Coolant_ECU/ThirdParty/FreeRTOS/include" -I"C:/Users/Jagakishan/Mini-AUTOSAR/OpenECU/Code/Coolant_ECU/ThirdParty/FreeRTOS/portable/GCC/ARM_CM4F" -I"C:/Users/Jagakishan/Mini-AUTOSAR/OpenECU/Code/Coolant_ECU/ThirdParty/SEGGER/OS" -I"C:/Users/Jagakishan/Mini-AUTOSAR/OpenECU/Code/Coolant_ECU/ThirdParty/SEGGER/SEGGER" -I"C:/Users/Jagakishan/Mini-AUTOSAR/OpenECU/Code/Coolant_ECU/ThirdParty/SEGGER/Config" -I"C:/Users/Jagakishan/Mini-AUTOSAR/OpenECU/Code/Coolant_ECU/ThirdParty/SEGGER" -I"C:/Users/Jagakishan/Mini-AUTOSAR/OpenECU/Code/Coolant_ECU/Module" -O0 -ffunction-sections -fdata-sections -Wall -fstack-usage -fcyclomatic-complexity -MMD -MP -MF"Module/uart.d" -MT"Module/uart.o" --specs=nano.specs -mfpu=fpv4-sp-d16 -mfloat-abi=hard -mthumb -o "Module/uart.o"
arm-none-eabi-gcc "../Core/Src/main.c" -mcpu=cortex-m4 -std=gnu11 -g3 -DDEBUG -DUSE_HAL_DRIVER -DSTM32F446xx -c -I../Core/Inc -I../Drivers/STM32F4xx_HAL_Driver/Inc -I../Drivers/STM32F4xx_HAL_Driver/Inc/Legacy -I../Drivers/CMSIS/Device/ST/STM32F4xx/Include -I../Drivers/CMSIS/Include -I"C:/Users/Jagakishan/Mini-AUTOSAR/OpenECU/Code/Coolant_ECU/ThirdParty/FreeRTOS" -I"C:/Users/Jagakishan/Mini-AUTOSAR/OpenECU/Code/Coolant_ECU/ThirdParty/FreeRTOS/include" -I"C:/Users/Jagakishan/Mini-AUTOSAR/OpenECU/Code/Coolant_ECU/ThirdParty/FreeRTOS/portable/GCC/ARM_CM4F" -I"C:/Users/Jagakishan/Mini-AUTOSAR/OpenECU/Code/Coolant_ECU/ThirdParty/SEGGER/OS" -I"C:/Users/Jagakishan/Mini-AUTOSAR/OpenECU/Code/Coolant_ECU/ThirdParty/SEGGER/SEGGER" -I"C:/Users/Jagakishan/Mini-AUTOSAR/OpenECU/Code/Coolant_ECU/ThirdParty/SEGGER/Config" -I"C:/Users/Jagakishan/Mini-AUTOSAR/OpenECU/Code/Coolant_ECU/ThirdParty/SEGGER" -I"C:/Users/Jagakishan/Mini-AUTOSAR/OpenECU/Code/Coolant_ECU/Module" -O0 -ffunction-sections -fdata-sections -Wall -fstack-usage -fcyclomatic-complexity -MMD -MP -MF"Core/Src/main.d" -MT"Core/Src/main.o" --specs=nano.specs -mfpu=fpv4-sp-d16 -mfloat-abi=hard -mthumb -o "Core/Src/main.o"
arm-none-eabi-gcc -o "Coolant_ECU.elf" @"objects.list"   -mcpu=cortex-m4 -T"C:\Users\Jagakishan\Mini-AUTOSAR\OpenECU\Code\Coolant_ECU\STM32F446RETX_FLASH.ld" --specs=nosys.specs -Wl,-Map="Coolant_ECU.map" -Wl,--gc-sections -static --specs=nano.specs -mfpu=fpv4-sp-d16 -mfloat-abi=hard -mthumb -Wl,--start-group -lc -lm -Wl,--end-group
Finished building target: Coolant_ECU.elf
 
arm-none-eabi-size  Coolant_ECU.elf 
arm-none-eabi-objdump -h -S Coolant_ECU.elf  > "Coolant_ECU.list"
   text	   data	    bss	    dec	    hex	filename
  25856	     88	  85296	 111240	  1b288	Coolant_ECU.elf
Finished building: default.size.stdout
 
Finished building: Coolant_ECU.list
 
