01:04:28 **** Incremental Build of configuration Debug for project Shell_ECU ****
make -j12 all 
arm-none-eabi-gcc "../Module/can.c" -mcpu=cortex-m3 -std=gnu11 -g3 -DDEBUG -DSTM32 -DSTM32F1 -DSTM32F103C8Tx -c -I../Inc -I"H:/OpenECU/Code/Shell_ECU/CMSIS" -I"H:/OpenECU/Code/Shell_ECU/Module" -O0 -ffunction-sections -fdata-sections -Wall -fstack-usage -fcyclomatic-complexity -MMD -MP -MF"Module/can.d" -MT"Module/can.o" --specs=nano.specs -mfloat-abi=soft -mthumb -o "Module/can.o"
arm-none-eabi-gcc -o "Shell_ECU.elf" @"objects.list"   -mcpu=cortex-m3 -T"H:\OpenECU\Code\Shell_ECU\STM32F103C8TX_FLASH.ld" --specs=nosys.specs -Wl,-Map="Shell_ECU.map" -Wl,--gc-sections -static --specs=nano.specs -mfloat-abi=soft -mthumb -Wl,--start-group -lc -lm -Wl,--end-group
Finished building target: Shell_ECU.elf
 
arm-none-eabi-size  Shell_ECU.elf 
arm-none-eabi-objdump -h -S Shell_ECU.elf  > "Shell_ECU.list"
arm-none-eabi-objcopy  -O ihex Shell_ECU.elf  "Shell_ECU.hex"
   text	   data	    bss	    dec	    hex	filename
   6128	     92	   1928	   8148	   1fd4	Shell_ECU.elf
arm-none-eabi-objcopy  -O binary Shell_ECU.elf  "Shell_ECU.bin"
Finished building: default.size.stdout
 
Finished building: Shell_ECU.hex
Finished building: Shell_ECU.list
 
Finished building: Shell_ECU.bin
 
 
01:06:53 **** Incremental Build of configuration Debug for project Physical_Layer ****
make -j12 all 
arm-none-eabi-size  Physical_Layer.elf 
   text	   data	    bss	    dec	    hex	filename
  26016	    456	   2080	  28552	   6f88	Physical_Layer.elf
Finished building: default.size.stdout
 
