01:10:32 **** Incremental Build of configuration Debug for project LIN_Driver ****
make -j12 all 
arm-none-eabi-gcc "../Src/main.c" -mcpu=cortex-m4 -std=gnu11 -g3 -DDEBUG -DSTM32 -DSTM32F4 -DSTM32F446RETx -c -I../Inc -I"H:/OpenECU/Code/LIN_Driver/Module" -I"H:/OpenECU/Code/LIN_Driver/CMSIS" -I"H:/OpenECU/Code/LIN_Driver/CMSIS/Device/ST/STM32F4xx/Include" -I"H:/OpenECU/Code/LIN_Driver/CMSIS/Include" -O0 -ffunction-sections -fdata-sections -Wall -fstack-usage -fcyclomatic-complexity -MMD -MP -MF"Src/main.d" -MT"Src/main.o" --specs=nano.specs -mfpu=fpv4-sp-d16 -mfloat-abi=hard -mthumb -o "Src/main.o"
arm-none-eabi-gcc -o "LIN_Driver.elf" @"objects.list"   -mcpu=cortex-m4 -T"H:\OpenECU\Code\LIN_Driver\STM32F446RETX_FLASH.ld" --specs=nosys.specs -Wl,-Map="LIN_Driver.map" -Wl,--gc-sections -static --specs=nano.specs -mfpu=fpv4-sp-d16 -mfloat-abi=hard -mthumb -Wl,--start-group -lc -lm -Wl,--end-group
Finished building target: LIN_Driver.elf
 
arm-none-eabi-size  LIN_Driver.elf 
arm-none-eabi-objdump -h -S LIN_Driver.elf  > "LIN_Driver.list"
   text	   data	    bss	    dec	    hex	filename
   6272	     92	   1924	   8288	   2060	LIN_Driver.elf
Finished building: default.size.stdout
 
Finished building: LIN_Driver.list
 
01:10:35 **** Incremental Build of configuration Debug for project LIN_Driver ****
make -j12 all 
arm-none-eabi-size  LIN_Driver.elf 
   text	   data	    bss	    dec	    hex	filename
   6272	     92	   1924	   8288	   2060	LIN_Driver.elf
Finished building: default.size.stdout
 
01:11:21 **** Incremental Build of configuration Debug for project LIN_Driver ****
make -j12 all 
arm-none-eabi-size  LIN_Driver.elf 
   text	   data	    bss	    dec	    hex	filename
   6272	     92	   1924	   8288	   2060	LIN_Driver.elf
Finished building: default.size.stdout
 
01:11:47 **** Incremental Build of configuration Debug for project LIN_Driver ****
make -j12 all 
arm-none-eabi-size  LIN_Driver.elf 
   text	   data	    bss	    dec	    hex	filename
   6272	     92	   1924	   8288	   2060	LIN_Driver.elf
Finished building: default.size.stdout
 
01:12:41 **** Incremental Build of configuration Debug for project LIN_Driver ****
make -j12 all 
arm-none-eabi-size  LIN_Driver.elf 
   text	   data	    bss	    dec	    hex	filename
   6272	     92	   1924	   8288	   2060	LIN_Driver.elf
Finished building: default.size.stdout
 
01:12:44 **** Incremental Build of configuration Debug for project LIN_Driver ****
make -j12 all 
arm-none-eabi-size  LIN_Driver.elf 
   text	   data	    bss	    dec	    hex	filename
   6272	     92	   1924	   8288	   2060	LIN_Driver.elf
Finished building: default.size.stdout
 
01:15:58 **** Incremental Build of configuration Debug for project LIN_Driver ****
make -j12 all 
arm-none-eabi-gcc "../Src/main.c" -mcpu=cortex-m4 -std=gnu11 -g3 -DDEBUG -DSTM32 -DSTM32F4 -DSTM32F446RETx -c -I../Inc -I"H:/OpenECU/Code/LIN_Driver/Module" -I"H:/OpenECU/Code/LIN_Driver/CMSIS" -I"H:/OpenECU/Code/LIN_Driver/CMSIS/Device/ST/STM32F4xx/Include" -I"H:/OpenECU/Code/LIN_Driver/CMSIS/Include" -O0 -ffunction-sections -fdata-sections -Wall -fstack-usage -fcyclomatic-complexity -MMD -MP -MF"Src/main.d" -MT"Src/main.o" --specs=nano.specs -mfpu=fpv4-sp-d16 -mfloat-abi=hard -mthumb -o "Src/main.o"
arm-none-eabi-gcc -o "LIN_Driver.elf" @"objects.list"   -mcpu=cortex-m4 -T"H:\OpenECU\Code\LIN_Driver\STM32F446RETX_FLASH.ld" --specs=nosys.specs -Wl,-Map="LIN_Driver.map" -Wl,--gc-sections -static --specs=nano.specs -mfpu=fpv4-sp-d16 -mfloat-abi=hard -mthumb -Wl,--start-group -lc -lm -Wl,--end-group
Finished building target: LIN_Driver.elf
 
arm-none-eabi-size  LIN_Driver.elf 
arm-none-eabi-objdump -h -S LIN_Driver.elf  > "LIN_Driver.list"
   text	   data	    bss	    dec	    hex	filename
   6272	     92	   1924	   8288	   2060	LIN_Driver.elf
Finished building: default.size.stdout
 
Finished building: LIN_Driver.list
 
01:22:33 **** Incremental Build of configuration Debug for project LIN_Driver ****
make -j12 all 
arm-none-eabi-gcc "../Src/main.c" -mcpu=cortex-m4 -std=gnu11 -g3 -DDEBUG -DSTM32 -DSTM32F4 -DSTM32F446RETx -c -I../Inc -I"H:/OpenECU/Code/LIN_Driver/Module" -I"H:/OpenECU/Code/LIN_Driver/CMSIS" -I"H:/OpenECU/Code/LIN_Driver/CMSIS/Device/ST/STM32F4xx/Include" -I"H:/OpenECU/Code/LIN_Driver/CMSIS/Include" -O0 -ffunction-sections -fdata-sections -Wall -fstack-usage -fcyclomatic-complexity -MMD -MP -MF"Src/main.d" -MT"Src/main.o" --specs=nano.specs -mfpu=fpv4-sp-d16 -mfloat-abi=hard -mthumb -o "Src/main.o"
../Src/main.c: In function 'main':
../Src/main.c:36:18: warning: unused variable 'now' [-Wunused-variable]
   36 |         uint32_t now = 0;
      |                  ^~~
arm-none-eabi-gcc -o "LIN_Driver.elf" @"objects.list"   -mcpu=cortex-m4 -T"H:\OpenECU\Code\LIN_Driver\STM32F446RETX_FLASH.ld" --specs=nosys.specs -Wl,-Map="LIN_Driver.map" -Wl,--gc-sections -static --specs=nano.specs -mfpu=fpv4-sp-d16 -mfloat-abi=hard -mthumb -Wl,--start-group -lc -lm -Wl,--end-group
Finished building target: LIN_Driver.elf
 
arm-none-eabi-size  LIN_Driver.elf 
arm-none-eabi-objdump -h -S LIN_Driver.elf  > "LIN_Driver.list"
   text	   data	    bss	    dec	    hex	filename
   6248	     92	   1924	   8264	   2048	LIN_Driver.elf
Finished building: default.size.stdout
 
Finished building: LIN_Driver.list
 
01:23:42 **** Incremental Build of configuration Debug for project LIN_Driver ****
make -j12 all 
arm-none-eabi-size  LIN_Driver.elf 
   text	   data	    bss	    dec	    hex	filename
   6248	     92	   1924	   8264	   2048	LIN_Driver.elf
Finished building: default.size.stdout
 
01:24:23 **** Incremental Build of configuration Debug for project LIN_Driver ****
make -j12 all 
arm-none-eabi-size  LIN_Driver.elf 
   text	   data	    bss	    dec	    hex	filename
   6248	     92	   1924	   8264	   2048	LIN_Driver.elf
Finished building: default.size.stdout
 
01:24:39 **** Incremental Build of configuration Debug for project LIN_Driver ****
make -j12 all 
arm-none-eabi-size  LIN_Driver.elf 
   text	   data	    bss	    dec	    hex	filename
   6248	     92	   1924	   8264	   2048	LIN_Driver.elf
Finished building: default.size.stdout
 
01:24:47 **** Incremental Build of configuration Debug for project LIN_Driver ****
make -j12 all 
arm-none-eabi-size  LIN_Driver.elf 
   text	   data	    bss	    dec	    hex	filename
   6248	     92	   1924	   8264	   2048	LIN_Driver.elf
Finished building: default.size.stdout
 
01:25:25 **** Incremental Build of configuration Debug for project LIN_Driver ****
make -j12 all 
arm-none-eabi-size  LIN_Driver.elf 
   text	   data	    bss	    dec	    hex	filename
   6248	     92	   1924	   8264	   2048	LIN_Driver.elf
Finished building: default.size.stdout
 
01:26:27 **** Incremental Build of configuration Debug for project LIN_Driver ****
make -j12 all 
arm-none-eabi-gcc "../Src/main.c" -mcpu=cortex-m4 -std=gnu11 -g3 -DDEBUG -DSTM32 -DSTM32F4 -DSTM32F446RETx -c -I../Inc -I"H:/OpenECU/Code/LIN_Driver/Module" -I"H:/OpenECU/Code/LIN_Driver/CMSIS" -I"H:/OpenECU/Code/LIN_Driver/CMSIS/Device/ST/STM32F4xx/Include" -I"H:/OpenECU/Code/LIN_Driver/CMSIS/Include" -O0 -ffunction-sections -fdata-sections -Wall -fstack-usage -fcyclomatic-complexity -MMD -MP -MF"Src/main.d" -MT"Src/main.o" --specs=nano.specs -mfpu=fpv4-sp-d16 -mfloat-abi=hard -mthumb -o "Src/main.o"
../Src/main.c: In function 'main':
../Src/main.c:39:17: warning: unused variable 'len' [-Wunused-variable]
   39 |         uint8_t len = sizeof(MSG);
      |                 ^~~
../Src/main.c:36:18: warning: unused variable 'now' [-Wunused-variable]
   36 |         uint32_t now = 0;
      |                  ^~~
arm-none-eabi-gcc -o "LIN_Driver.elf" @"objects.list"   -mcpu=cortex-m4 -T"H:\OpenECU\Code\LIN_Driver\STM32F446RETX_FLASH.ld" --specs=nosys.specs -Wl,-Map="LIN_Driver.map" -Wl,--gc-sections -static --specs=nano.specs -mfpu=fpv4-sp-d16 -mfloat-abi=hard -mthumb -Wl,--start-group -lc -lm -Wl,--end-group
Finished building target: LIN_Driver.elf
 
arm-none-eabi-size  LIN_Driver.elf 
arm-none-eabi-objdump -h -S LIN_Driver.elf  > "LIN_Driver.list"
   text	   data	    bss	    dec	    hex	filename
   5764	     92	   1924	   7780	   1e64	LIN_Driver.elf
Finished building: default.size.stdout
 
Finished building: LIN_Driver.list
 
01:27:57 **** Incremental Build of configuration Debug for project LIN_Driver ****
make -j12 all 
arm-none-eabi-size  LIN_Driver.elf 
   text	   data	    bss	    dec	    hex	filename
   5764	     92	   1924	   7780	   1e64	LIN_Driver.elf
Finished building: default.size.stdout
 
01:32:04 **** Incremental Build of configuration Debug for project LIN_Driver ****
make -j12 all 
arm-none-eabi-gcc "../Src/main.c" -mcpu=cortex-m4 -std=gnu11 -g3 -DDEBUG -DSTM32 -DSTM32F4 -DSTM32F446RETx -c -I../Inc -I"H:/OpenECU/Code/LIN_Driver/Module" -I"H:/OpenECU/Code/LIN_Driver/CMSIS" -I"H:/OpenECU/Code/LIN_Driver/CMSIS/Device/ST/STM32F4xx/Include" -I"H:/OpenECU/Code/LIN_Driver/CMSIS/Include" -O0 -ffunction-sections -fdata-sections -Wall -fstack-usage -fcyclomatic-complexity -MMD -MP -MF"Src/main.d" -MT"Src/main.o" --specs=nano.specs -mfpu=fpv4-sp-d16 -mfloat-abi=hard -mthumb -o "Src/main.o"
arm-none-eabi-gcc "../Module/uart_LIN.c" -mcpu=cortex-m4 -std=gnu11 -g3 -DDEBUG -DSTM32 -DSTM32F4 -DSTM32F446RETx -c -I../Inc -I"H:/OpenECU/Code/LIN_Driver/Module" -I"H:/OpenECU/Code/LIN_Driver/CMSIS" -I"H:/OpenECU/Code/LIN_Driver/CMSIS/Device/ST/STM32F4xx/Include" -I"H:/OpenECU/Code/LIN_Driver/CMSIS/Include" -O0 -ffunction-sections -fdata-sections -Wall -fstack-usage -fcyclomatic-complexity -MMD -MP -MF"Module/uart_LIN.d" -MT"Module/uart_LIN.o" --specs=nano.specs -mfpu=fpv4-sp-d16 -mfloat-abi=hard -mthumb -o "Module/uart_LIN.o"
../Src/main.c: In function 'main':
../Src/main.c:36:18: warning: unused variable 'now' [-Wunused-variable]
   36 |         uint32_t now = 0;
      |                  ^~~
arm-none-eabi-gcc -o "LIN_Driver.elf" @"objects.list"   -mcpu=cortex-m4 -T"H:\OpenECU\Code\LIN_Driver\STM32F446RETX_FLASH.ld" --specs=nosys.specs -Wl,-Map="LIN_Driver.map" -Wl,--gc-sections -static --specs=nano.specs -mfpu=fpv4-sp-d16 -mfloat-abi=hard -mthumb -Wl,--start-group -lc -lm -Wl,--end-group
Finished building target: LIN_Driver.elf
 
arm-none-eabi-size  LIN_Driver.elf 
arm-none-eabi-objdump -h -S LIN_Driver.elf  > "LIN_Driver.list"
   text	   data	    bss	    dec	    hex	filename
   6256	     92	   1924	   8272	   2050	LIN_Driver.elf
Finished building: default.size.stdout
 
Finished building: LIN_Driver.list
 
01:33:05 **** Incremental Build of configuration Debug for project LIN_Driver ****
make -j12 all 
arm-none-eabi-gcc "../Src/main.c" -mcpu=cortex-m4 -std=gnu11 -g3 -DDEBUG -DSTM32 -DSTM32F4 -DSTM32F446RETx -c -I../Inc -I"H:/OpenECU/Code/LIN_Driver/Module" -I"H:/OpenECU/Code/LIN_Driver/CMSIS" -I"H:/OpenECU/Code/LIN_Driver/CMSIS/Device/ST/STM32F4xx/Include" -I"H:/OpenECU/Code/LIN_Driver/CMSIS/Include" -O0 -ffunction-sections -fdata-sections -Wall -fstack-usage -fcyclomatic-complexity -MMD -MP -MF"Src/main.d" -MT"Src/main.o" --specs=nano.specs -mfpu=fpv4-sp-d16 -mfloat-abi=hard -mthumb -o "Src/main.o"
../Src/main.c: In function 'main':
../Src/main.c:39:17: warning: unused variable 'len' [-Wunused-variable]
   39 |         uint8_t len = sizeof(MSG);
      |                 ^~~
../Src/main.c:36:18: warning: unused variable 'now' [-Wunused-variable]
   36 |         uint32_t now = 0;
      |                  ^~~
arm-none-eabi-gcc -o "LIN_Driver.elf" @"objects.list"   -mcpu=cortex-m4 -T"H:\OpenECU\Code\LIN_Driver\STM32F446RETX_FLASH.ld" --specs=nosys.specs -Wl,-Map="LIN_Driver.map" -Wl,--gc-sections -static --specs=nano.specs -mfpu=fpv4-sp-d16 -mfloat-abi=hard -mthumb -Wl,--start-group -lc -lm -Wl,--end-group
Finished building target: LIN_Driver.elf
 
arm-none-eabi-size  LIN_Driver.elf 
arm-none-eabi-objdump -h -S LIN_Driver.elf  > "LIN_Driver.list"
   text	   data	    bss	    dec	    hex	filename
   5764	     92	   1924	   7780	   1e64	LIN_Driver.elf
Finished building: default.size.stdout
 
Finished building: LIN_Driver.list
 
01:35:38 **** Incremental Build of configuration Debug for project LIN_Driver ****
make -j12 all 
arm-none-eabi-gcc "../Src/main.c" -mcpu=cortex-m4 -std=gnu11 -g3 -DDEBUG -DSTM32 -DSTM32F4 -DSTM32F446RETx -c -I../Inc -I"H:/OpenECU/Code/LIN_Driver/Module" -I"H:/OpenECU/Code/LIN_Driver/CMSIS" -I"H:/OpenECU/Code/LIN_Driver/CMSIS/Device/ST/STM32F4xx/Include" -I"H:/OpenECU/Code/LIN_Driver/CMSIS/Include" -O0 -ffunction-sections -fdata-sections -Wall -fstack-usage -fcyclomatic-complexity -MMD -MP -MF"Src/main.d" -MT"Src/main.o" --specs=nano.specs -mfpu=fpv4-sp-d16 -mfloat-abi=hard -mthumb -o "Src/main.o"
arm-none-eabi-gcc "../Module/uart_LIN.c" -mcpu=cortex-m4 -std=gnu11 -g3 -DDEBUG -DSTM32 -DSTM32F4 -DSTM32F446RETx -c -I../Inc -I"H:/OpenECU/Code/LIN_Driver/Module" -I"H:/OpenECU/Code/LIN_Driver/CMSIS" -I"H:/OpenECU/Code/LIN_Driver/CMSIS/Device/ST/STM32F4xx/Include" -I"H:/OpenECU/Code/LIN_Driver/CMSIS/Include" -O0 -ffunction-sections -fdata-sections -Wall -fstack-usage -fcyclomatic-complexity -MMD -MP -MF"Module/uart_LIN.d" -MT"Module/uart_LIN.o" --specs=nano.specs -mfpu=fpv4-sp-d16 -mfloat-abi=hard -mthumb -o "Module/uart_LIN.o"
../Src/main.c: In function 'main':
../Src/main.c:39:17: warning: unused variable 'len' [-Wunused-variable]
   39 |         uint8_t len = sizeof(MSG);
      |                 ^~~
../Src/main.c:36:18: warning: unused variable 'now' [-Wunused-variable]
   36 |         uint32_t now = 0;
      |                  ^~~
arm-none-eabi-gcc -o "LIN_Driver.elf" @"objects.list"   -mcpu=cortex-m4 -T"H:\OpenECU\Code\LIN_Driver\STM32F446RETX_FLASH.ld" --specs=nosys.specs -Wl,-Map="LIN_Driver.map" -Wl,--gc-sections -static --specs=nano.specs -mfpu=fpv4-sp-d16 -mfloat-abi=hard -mthumb -Wl,--start-group -lc -lm -Wl,--end-group
Finished building target: LIN_Driver.elf
 
arm-none-eabi-size  LIN_Driver.elf 
arm-none-eabi-objdump -h -S LIN_Driver.elf  > "LIN_Driver.list"
   text	   data	    bss	    dec	    hex	filename
   5624	     92	   1924	   7640	   1dd8	LIN_Driver.elf
Finished building: default.size.stdout
 
Finished building: LIN_Driver.list
 
21:33:04 **** Incremental Build of configuration Debug for project LIN_Driver ****
make -j12 all 
arm-none-eabi-gcc "../Src/main.c" -mcpu=cortex-m4 -std=gnu11 -g3 -DDEBUG -DSTM32 -DSTM32F4 -DSTM32F446RETx -c -I../Inc -I"H:/OpenECU/Code/LIN_Driver/Module" -I"H:/OpenECU/Code/LIN_Driver/CMSIS" -I"H:/OpenECU/Code/LIN_Driver/CMSIS/Device/ST/STM32F4xx/Include" -I"H:/OpenECU/Code/LIN_Driver/CMSIS/Include" -O0 -ffunction-sections -fdata-sections -Wall -fstack-usage -fcyclomatic-complexity -MMD -MP -MF"Src/main.d" -MT"Src/main.o" --specs=nano.specs -mfpu=fpv4-sp-d16 -mfloat-abi=hard -mthumb -o "Src/main.o"
arm-none-eabi-gcc -o "LIN_Driver.elf" @"objects.list"   -mcpu=cortex-m4 -T"H:\OpenECU\Code\LIN_Driver\STM32F446RETX_FLASH.ld" --specs=nosys.specs -Wl,-Map="LIN_Driver.map" -Wl,--gc-sections -static --specs=nano.specs -mfpu=fpv4-sp-d16 -mfloat-abi=hard -mthumb -Wl,--start-group -lc -lm -Wl,--end-group
Finished building target: LIN_Driver.elf
 
arm-none-eabi-size  LIN_Driver.elf 
arm-none-eabi-objdump -h -S LIN_Driver.elf  > "LIN_Driver.list"
   text	   data	    bss	    dec	    hex	filename
   6140	     92	   1924	   8156	   1fdc	LIN_Driver.elf
Finished building: default.size.stdout
 
Finished building: LIN_Driver.list
 
