15:00:28 **** Incremental Build of configuration Debug for project ECU_CoolantSystem ****
make -j12 all 
arm-none-eabi-size  ECU_CoolantSystem.elf 
   text	   data	    bss	    dec	    hex	filename
   7076	     92	   1928	   9096	   2388	ECU_CoolantSystem.elf
Finished building: default.size.stdout
 
15:00:29 **** Incremental Build of configuration Debug for project ECU_VibrationMonitor ****
make -j12 all 
arm-none-eabi-gcc -mcpu=cortex-m4 -g3 -DDEBUG -c -I"H:/OpenECU/Code/ECU_VibrationMonitor/Module" -I"H:/OpenECU/Code/FreeRTOS/FreeRTOS-Kernel/include" -I"H:/OpenECU/Code/FreeRTOS/" -I"H:/OpenECU/Code/ECU_VibrationMonitor/CMSIS" -I"H:/OpenECU/Code/ECU_VibrationMonitor/Inc" -I"H:/OpenECU/Code/ECU_VibrationMonitor/CMSIS/Device/ST/STM32F4xx/Include" -I"H:/OpenECU/Code/ECU_VibrationMonitor/CMSIS/Include" -I"H:/OpenECU/Code/ECU_VibrationMonitor/Src" -I"H:/OpenECU/Code/ECU_VibrationMonitor/ThirdParty/FreeRTOS/include" -I"H:/OpenECU/Code/ECU_VibrationMonitor/ThirdParty/SEGGER/SEGGER" -I"H:/OpenECU/Code/ECU_VibrationMonitor/ThirdParty/SEGGER/OS" -I"H:/OpenECU/Code/ECU_VibrationMonitor/ThirdParty/SEGGER/Config" -I"H:/OpenECU/Code/ECU_VibrationMonitor/ThirdParty/FreeRTOS/portable/GCC/ARM_CM4F" -I"H:/OpenECU/Code/ECU_VibrationMonitor/CMSIS-DSP-1.17.1/Include" -I"H:/OpenECU/Code/ECU_VibrationMonitor/CMSIS-DSP-1.17.1/Include/dsp" -x assembler-with-cpp -MMD -MP -MF"Startup/startup_stm32f446retx.d" -MT"Startup/startup_stm32f446retx.o" --specs=nano.specs -mfpu=fpv4-sp-d16 -mfloat-abi=hard -mthumb -o "Startup/startup_stm32f446retx.o" "../Startup/startup_stm32f446retx.s"
arm-none-eabi-gcc "../Src/main.c" -mcpu=cortex-m4 -std=gnu11 -g3 -DDEBUG -DSTM32 -DSTM32F4 -DSTM32F446RETx -c -I../Inc -I"H:/OpenECU/Code/ECU_VibrationMonitor/Module" -I"H:/OpenECU/Code/ECU_VibrationMonitor/CMSIS" -I"H:/OpenECU/Code/ECU_VibrationMonitor/CMSIS/Device/ST/STM32F4xx/Include" -I"H:/OpenECU/Code/ECU_VibrationMonitor/CMSIS/Include" -I"H:/OpenECU/Code/ECU_VibrationMonitor/Src" -I"H:/OpenECU/Code/ECU_VibrationMonitor/ThirdParty/FreeRTOS/include" -I"H:/OpenECU/Code/ECU_VibrationMonitor/ThirdParty/SEGGER/SEGGER" -I"H:/OpenECU/Code/ECU_VibrationMonitor/ThirdParty/SEGGER/OS" -I"H:/OpenECU/Code/ECU_VibrationMonitor/ThirdParty/SEGGER/Config" -I"H:/OpenECU/Code/ECU_VibrationMonitor/ThirdParty/FreeRTOS/portable/GCC/ARM_CM4F" -I"H:/OpenECU/Code/ECU_VibrationMonitor/CMSIS-DSP-1.17.1/Include" -I"H:/OpenECU/Code/ECU_VibrationMonitor/CMSIS-DSP-1.17.1/Include/dsp" -O0 -ffunction-sections -fdata-sections -Wall -fstack-usage -fcyclomatic-complexity -MMD -MP -MF"Src/main.d" -MT"Src/main.o" --specs=nano.specs -mfpu=fpv4-sp-d16 -mfloat-abi=hard -mthumb -o "Src/main.o"
arm-none-eabi-gcc "../Src/syscalls.c" -mcpu=cortex-m4 -std=gnu11 -g3 -DDEBUG -DSTM32 -DSTM32F4 -DSTM32F446RETx -c -I../Inc -I"H:/OpenECU/Code/ECU_VibrationMonitor/Module" -I"H:/OpenECU/Code/ECU_VibrationMonitor/CMSIS" -I"H:/OpenECU/Code/ECU_VibrationMonitor/CMSIS/Device/ST/STM32F4xx/Include" -I"H:/OpenECU/Code/ECU_VibrationMonitor/CMSIS/Include" -I"H:/OpenECU/Code/ECU_VibrationMonitor/Src" -I"H:/OpenECU/Code/ECU_VibrationMonitor/ThirdParty/FreeRTOS/include" -I"H:/OpenECU/Code/ECU_VibrationMonitor/ThirdParty/SEGGER/SEGGER" -I"H:/OpenECU/Code/ECU_VibrationMonitor/ThirdParty/SEGGER/OS" -I"H:/OpenECU/Code/ECU_VibrationMonitor/ThirdParty/SEGGER/Config" -I"H:/OpenECU/Code/ECU_VibrationMonitor/ThirdParty/FreeRTOS/portable/GCC/ARM_CM4F" -I"H:/OpenECU/Code/ECU_VibrationMonitor/CMSIS-DSP-1.17.1/Include" -I"H:/OpenECU/Code/ECU_VibrationMonitor/CMSIS-DSP-1.17.1/Include/dsp" -O0 -ffunction-sections -fdata-sections -Wall -fstack-usage -fcyclomatic-complexity -MMD -MP -MF"Src/syscalls.d" -MT"Src/syscalls.o" --specs=nano.specs -mfpu=fpv4-sp-d16 -mfloat-abi=hard -mthumb -o "Src/syscalls.o"
arm-none-eabi-gcc "../Src/sysmem.c" -mcpu=cortex-m4 -std=gnu11 -g3 -DDEBUG -DSTM32 -DSTM32F4 -DSTM32F446RETx -c -I../Inc -I"H:/OpenECU/Code/ECU_VibrationMonitor/Module" -I"H:/OpenECU/Code/ECU_VibrationMonitor/CMSIS" -I"H:/OpenECU/Code/ECU_VibrationMonitor/CMSIS/Device/ST/STM32F4xx/Include" -I"H:/OpenECU/Code/ECU_VibrationMonitor/CMSIS/Include" -I"H:/OpenECU/Code/ECU_VibrationMonitor/Src" -I"H:/OpenECU/Code/ECU_VibrationMonitor/ThirdParty/FreeRTOS/include" -I"H:/OpenECU/Code/ECU_VibrationMonitor/ThirdParty/SEGGER/SEGGER" -I"H:/OpenECU/Code/ECU_VibrationMonitor/ThirdParty/SEGGER/OS" -I"H:/OpenECU/Code/ECU_VibrationMonitor/ThirdParty/SEGGER/Config" -I"H:/OpenECU/Code/ECU_VibrationMonitor/ThirdParty/FreeRTOS/portable/GCC/ARM_CM4F" -I"H:/OpenECU/Code/ECU_VibrationMonitor/CMSIS-DSP-1.17.1/Include" -I"H:/OpenECU/Code/ECU_VibrationMonitor/CMSIS-DSP-1.17.1/Include/dsp" -O0 -ffunction-sections -fdata-sections -Wall -fstack-usage -fcyclomatic-complexity -MMD -MP -MF"Src/sysmem.d" -MT"Src/sysmem.o" --specs=nano.specs -mfpu=fpv4-sp-d16 -mfloat-abi=hard -mthumb -o "Src/sysmem.o"
arm-none-eabi-gcc "../Module/adxl345.c" -mcpu=cortex-m4 -std=gnu11 -g3 -DDEBUG -DSTM32 -DSTM32F4 -DSTM32F446RETx -c -I../Inc -I"H:/OpenECU/Code/ECU_VibrationMonitor/Module" -I"H:/OpenECU/Code/ECU_VibrationMonitor/CMSIS" -I"H:/OpenECU/Code/ECU_VibrationMonitor/CMSIS/Device/ST/STM32F4xx/Include" -I"H:/OpenECU/Code/ECU_VibrationMonitor/CMSIS/Include" -I"H:/OpenECU/Code/ECU_VibrationMonitor/Src" -I"H:/OpenECU/Code/ECU_VibrationMonitor/ThirdParty/FreeRTOS/include" -I"H:/OpenECU/Code/ECU_VibrationMonitor/ThirdParty/SEGGER/SEGGER" -I"H:/OpenECU/Code/ECU_VibrationMonitor/ThirdParty/SEGGER/OS" -I"H:/OpenECU/Code/ECU_VibrationMonitor/ThirdParty/SEGGER/Config" -I"H:/OpenECU/Code/ECU_VibrationMonitor/ThirdParty/FreeRTOS/portable/GCC/ARM_CM4F" -I"H:/OpenECU/Code/ECU_VibrationMonitor/CMSIS-DSP-1.17.1/Include" -I"H:/OpenECU/Code/ECU_VibrationMonitor/CMSIS-DSP-1.17.1/Include/dsp" -O0 -ffunction-sections -fdata-sections -Wall -fstack-usage -fcyclomatic-complexity -MMD -MP -MF"Module/adxl345.d" -MT"Module/adxl345.o" --specs=nano.specs -mfpu=fpv4-sp-d16 -mfloat-abi=hard -mthumb -o "Module/adxl345.o"
arm-none-eabi-gcc "../Module/can.c" -mcpu=cortex-m4 -std=gnu11 -g3 -DDEBUG -DSTM32 -DSTM32F4 -DSTM32F446RETx -c -I../Inc -I"H:/OpenECU/Code/ECU_VibrationMonitor/Module" -I"H:/OpenECU/Code/ECU_VibrationMonitor/CMSIS" -I"H:/OpenECU/Code/ECU_VibrationMonitor/CMSIS/Device/ST/STM32F4xx/Include" -I"H:/OpenECU/Code/ECU_VibrationMonitor/CMSIS/Include" -I"H:/OpenECU/Code/ECU_VibrationMonitor/Src" -I"H:/OpenECU/Code/ECU_VibrationMonitor/ThirdParty/FreeRTOS/include" -I"H:/OpenECU/Code/ECU_VibrationMonitor/ThirdParty/SEGGER/SEGGER" -I"H:/OpenECU/Code/ECU_VibrationMonitor/ThirdParty/SEGGER/OS" -I"H:/OpenECU/Code/ECU_VibrationMonitor/ThirdParty/SEGGER/Config" -I"H:/OpenECU/Code/ECU_VibrationMonitor/ThirdParty/FreeRTOS/portable/GCC/ARM_CM4F" -I"H:/OpenECU/Code/ECU_VibrationMonitor/CMSIS-DSP-1.17.1/Include" -I"H:/OpenECU/Code/ECU_VibrationMonitor/CMSIS-DSP-1.17.1/Include/dsp" -O0 -ffunction-sections -fdata-sections -Wall -fstack-usage -fcyclomatic-complexity -MMD -MP -MF"Module/can.d" -MT"Module/can.o" --specs=nano.specs -mfpu=fpv4-sp-d16 -mfloat-abi=hard -mthumb -o "Module/can.o"
arm-none-eabi-gcc "../Module/sysTick.c" -mcpu=cortex-m4 -std=gnu11 -g3 -DDEBUG -DSTM32 -DSTM32F4 -DSTM32F446RETx -c -I../Inc -I"H:/OpenECU/Code/ECU_VibrationMonitor/Module" -I"H:/OpenECU/Code/ECU_VibrationMonitor/CMSIS" -I"H:/OpenECU/Code/ECU_VibrationMonitor/CMSIS/Device/ST/STM32F4xx/Include" -I"H:/OpenECU/Code/ECU_VibrationMonitor/CMSIS/Include" -I"H:/OpenECU/Code/ECU_VibrationMonitor/Src" -I"H:/OpenECU/Code/ECU_VibrationMonitor/ThirdParty/FreeRTOS/include" -I"H:/OpenECU/Code/ECU_VibrationMonitor/ThirdParty/SEGGER/SEGGER" -I"H:/OpenECU/Code/ECU_VibrationMonitor/ThirdParty/SEGGER/OS" -I"H:/OpenECU/Code/ECU_VibrationMonitor/ThirdParty/SEGGER/Config" -I"H:/OpenECU/Code/ECU_VibrationMonitor/ThirdParty/FreeRTOS/portable/GCC/ARM_CM4F" -I"H:/OpenECU/Code/ECU_VibrationMonitor/CMSIS-DSP-1.17.1/Include" -I"H:/OpenECU/Code/ECU_VibrationMonitor/CMSIS-DSP-1.17.1/Include/dsp" -O0 -ffunction-sections -fdata-sections -Wall -fstack-usage -fcyclomatic-complexity -MMD -MP -MF"Module/sysTick.d" -MT"Module/sysTick.o" --specs=nano.specs -mfpu=fpv4-sp-d16 -mfloat-abi=hard -mthumb -o "Module/sysTick.o"
arm-none-eabi-gcc "../Module/vibration.c" -mcpu=cortex-m4 -std=gnu11 -g3 -DDEBUG -DSTM32 -DSTM32F4 -DSTM32F446RETx -c -I../Inc -I"H:/OpenECU/Code/ECU_VibrationMonitor/Module" -I"H:/OpenECU/Code/ECU_VibrationMonitor/CMSIS" -I"H:/OpenECU/Code/ECU_VibrationMonitor/CMSIS/Device/ST/STM32F4xx/Include" -I"H:/OpenECU/Code/ECU_VibrationMonitor/CMSIS/Include" -I"H:/OpenECU/Code/ECU_VibrationMonitor/Src" -I"H:/OpenECU/Code/ECU_VibrationMonitor/ThirdParty/FreeRTOS/include" -I"H:/OpenECU/Code/ECU_VibrationMonitor/ThirdParty/SEGGER/SEGGER" -I"H:/OpenECU/Code/ECU_VibrationMonitor/ThirdParty/SEGGER/OS" -I"H:/OpenECU/Code/ECU_VibrationMonitor/ThirdParty/SEGGER/Config" -I"H:/OpenECU/Code/ECU_VibrationMonitor/ThirdParty/FreeRTOS/portable/GCC/ARM_CM4F" -I"H:/OpenECU/Code/ECU_VibrationMonitor/CMSIS-DSP-1.17.1/Include" -I"H:/OpenECU/Code/ECU_VibrationMonitor/CMSIS-DSP-1.17.1/Include/dsp" -O0 -ffunction-sections -fdata-sections -Wall -fstack-usage -fcyclomatic-complexity -MMD -MP -MF"Module/vibration.d" -MT"Module/vibration.o" --specs=nano.specs -mfpu=fpv4-sp-d16 -mfloat-abi=hard -mthumb -o "Module/vibration.o"
../Src/main.c:26:10: fatal error: ds18b20.h: No such file or directory
   26 | #include "ds18b20.h"
      |          ^~~~~~~~~~~
compilation terminated.
make: *** [Src/subdir.mk:25: Src/main.o] Error 1
make: *** Waiting for unfinished jobs....
../Module/vibration.c:170:21: error: conflicting types for 'Vibration_GetCompletedBuffer'; have 'VibrationSample_t *(void)'
  170 | VibrationSample_t * Vibration_GetCompletedBuffer(void)
      |                     ^~~~~~~~~~~~~~~~~~~~~~~~~~~~
In file included from ../Module/vibration.c:3:
../Module/vibration.h:39:9: note: previous declaration of 'Vibration_GetCompletedBuffer' with type 'uint8_t(void)' {aka 'unsigned char(void)'}
   39 | uint8_t Vibration_GetCompletedBuffer(void);
      |         ^~~~~~~~~~~~~~~~~~~~~~~~~~~~
../Module/vibration.c:160:13: warning: 'Vibration_NotifyFFTTask' defined but not used [-Wunused-function]
  160 | static void Vibration_NotifyFFTTask(void)
      |             ^~~~~~~~~~~~~~~~~~~~~~~
make: *** [Module/subdir.mk:28: Module/vibration.o] Error 1
"make -j12 all" terminated with exit code 2. Build might be incomplete.
