H:/OpenECU/Code/Test/CMSIS/Include/core_cm4.h:1684:22:__NVIC_EnableIRQ	16	static,ignoring_inline_asm
H:/OpenECU/Code/Test/CMSIS/Include/core_cm4.h:1814:22:__NVIC_SetPriority	16	static
../Module/hallEffect_a3144.c:22:6:A3144_Init	8	static
../Module/hallEffect_a3144.c:46:6:A3144_TimerCapture_Init	8	static
../Module/hallEffect_a3144.c:90:6:TIM3_IRQHandler	16	static
../Module/hallEffect_a3144.c:121:10:A3144_GetCapturePeriod	16	static
../Module/hallEffect_a3144.c:129:7:A3144_GetRPM	4	static
../Module/hallEffect_a3144.c:139:9:A3144_IsRotating	4	static
../Module/hallEffect_a3144.c:150:6:A3144_Reset	4	static
