../Module/vibration.c:40:6:Vibration_Init	16	static
../Module/vibration.c:70:13:Vibration_ProcessTimeDomain	24	static
../Module/vibration.c:91:13:Vibration_ProcessFreqDomain	8	static
../Module/vibration.c:98:13:Vibration_PrintResult	40	static
../Module/vibration.c:109:6:VibrationSamplingTask	32	static
../Module/vibration.c:135:13:Vibration_StoreSample	56	static
../Module/vibration.c:169:20:Vibration_GetCompletedBuffer	4	static
../Module/vibration.c:179:14:Vibration_GetMagnitude	16	static
../Module/vibration.c:189:14:Vibration_CalculateRMS	32	static
../Module/vibration.c:211:14:Vibration_CalculatePeak	32	static
../Module/vibration.c:229:14:Vibration_CalculateCrestFactor	16	static
